pkgm-1               | 2025-11-16T01:26:31.210225000Z 2025-11-16T09:26:31.210+0800	INFO	pkgm-ss	ss/download.go:310	begin installing task_id:"fc118762-9c2a-4805-a82b-21528ac789c8"  status:CREATING  create_at:{seconds:1763256391  nanos:208951944}  download_url:"http://app.cloud.lazycat.developer.tools.lzcapp:42993"  downloaded_size:8980
ingress-control-1    | 2025-11-16T01:04:57.520871000Z 2025-11-16T09:04:57.520+0800	INFO	usersession	usersession/grpc.go:57	updating auth token 87889393-f92c-4a15-bf62-18b15c4b8724 by 12D3KooWArYUgwHJwgDwugWCf32Szrx4UxsaibfUSD5UgRJ4t1h5
pkgm-1               | 2025-11-16T01:26:31.210318000Z 2025-11-16T09:26:31.210+0800	INFO	core	core/manager.go:284	try installing  /lzcsys/var/runtime/lpk-cache/fc118762-9c2a-4805-a82b-21528ac789c8, size:8980 deploy_uid:axy
api-servers-1        | 2025-11-16T02:31:16.078046000Z 2025/11/16 10:31:16 device.go:66: new user session event, clearing end device cache...
ingress-control-1    | 2025-11-16T01:04:59.629999000Z 2025-11-16T09:04:59.629+0800	INFO	usersession	usersession/grpc.go:160	login with new dynamic api url "https://a5-5f5f-1cd6-73bd-8922-0.d.heiyu.space:4443" for uid:"axy"  device_version:"v0.0.0-349-150-g65078878"  virtual_ip:"fc03:1136:38a5:5f5f:1cd6:73bd:8922:0"  peer_id:"12D3KooWArYUgwHJwgDwugWCf32Szrx4UxsaibfUSD5UgRJ4t1h5"  is_logined:true  is_trust_dev:true  remote_multi_addr:"/ip4/192.168.110.201/tcp/57004"
api-servers-1        | 2025-11-16T02:33:08.841406000Z 2025/11/16 10:33:08 device.go:66: new user session event, clearing end device cache...
pkgm-1               | 2025-11-16T01:26:31.213102000Z 2025-11-16T09:26:31.212+0800	INFO	core	core/manager.go:238	install/extract cloud.lzcapp.qemu done. cost: 2.746531ms
ingress-control-1    | 2025-11-16T01:04:59.649484000Z 2025-11-16T09:04:59.644+0800	INFO	usersession	usersession/grpc.go:160	login with new dynamic api url "https://a5-5f5f-1cd6-73bd-8922-0.d.heiyu.space:4443" for uid:"axy"  device_version:"v0.0.0-349-150-g65078878"  virtual_ip:"fc03:1136:38a5:5f5f:1cd6:73bd:8922:0"  peer_id:"12D3KooWArYUgwHJwgDwugWCf32Szrx4UxsaibfUSD5UgRJ4t1h5"  is_logined:true  is_trust_dev:true  remote_multi_addr:"/ip4/192.168.110.201/tcp/57004"
pkgm-1               | 2025-11-16T01:26:31.213214000Z 2025-11-16T09:26:31.213+0800	ERROR	core	core/manager.go:243	check project pkg(cloud.lzcapp.qemu) error: invalid bind: /dev/kvm:/dev/kvm:ro
api-servers-1        | 2025-11-16T02:33:08.872212000Z 2025/11/16 10:33:08 device.go:66: new user session event, clearing end device cache...
pkgm-1               | 2025-11-16T01:26:31.213385000Z 2025-11-16T09:26:31.213+0800	WARN	core	core/manager.go:311	install /lzcsys/var/runtime/lpk-cache/fc118762-9c2a-4805-a82b-21528ac789c8 failed, err:invalid bind: /dev/kvm:/dev/kvm:ro
ingress-control-1    | 2025-11-16T01:04:59.650627000Z 2025-11-16T09:04:59.650+0800	INFO	usersession	usersession/grpc.go:57	updating auth token 87889393-f92c-4a15-bf62-18b15c4b8724 by 12D3KooWArYUgwHJwgDwugWCf32Szrx4UxsaibfUSD5UgRJ4t1h5
api-servers-1        | 2025-11-16T02:34:48.781249000Z 2025/11/16 10:34:48 device.go:66: new user session event, clearing end device cache...
ingress-control-1    | 2025-11-16T01:05:01.758581000Z 2025-11-16T09:05:01.757+0800	INFO	usersession	usersession/grpc.go:160	login with new dynamic api url "https://a5-5f5f-1cd6-73bd-8922-0.d.heiyu.space:4443" for uid:"axy"  device_version:"v0.0.0-349-150-g65078878"  virtual_ip:"fc03:1136:38a5:5f5f:1cd6:73bd:8922:0"  peer_id:"12D3KooWArYUgwHJwgDwugWCf32Szrx4UxsaibfUSD5UgRJ4t1h5"  is_logined:true  is_trust_dev:true  remote_multi_addr:"/ip4/192.168.110.201/tcp/57004"
api-servers-1        | 2025-11-16T02:39:00.216877000Z 2025/11/16 10:39:00 device.go:66: new user session event, clearing end device cache...
pkgm-1               | 2025-11-16T01:26:31.213436000Z 2025-11-16T09:26:31.213+0800	INFO	pkgm-ss	ss/download.go:316	installing task_id:"fc118762-9c2a-4805-a82b-21528ac789c8"  status:INSTALLING  create_at:{seconds:1763256391  nanos:208951944}  download_url:"http://app.cloud.lazycat.developer.tools.lzcapp:42993"  downloaded_size:8980 failed, err: invalid bind: /dev/kvm:/dev/kvm:ro
ingress-control-1    | 2025-11-16T01:05:01.775447000Z 2025-11-16T09:05:01.775+0800	INFO	usersession	usersession/grpc.go:160	login with new dynamic api url "https://a5-5f5f-1cd6-73bd-8922-0.d.heiyu.space:4443" for uid:"axy"  device_version:"v0.0.0-349-150-g65078878"  virtual_ip:"fc03:1136:38a5:5f5f:1cd6:73bd:8922:0"  peer_id:"12D3KooWArYUgwHJwgDwugWCf32Szrx4UxsaibfUSD5UgRJ4t1h5"  is_logined:true  is_trust_dev:true  remote_multi_addr:"/ip4/192.168.110.201/tcp/57004"
api-servers-1        | 2025-11-16T02:40:07.531825000Z 2025/11/16 10:40:07 device.go:66: new user session event, clearing end device cache...
pkgm-1               | 2025-11-16T01:27:25.489663000Z 2025-11-16T09:27:25.489+0800	INFO	pkgm-ss	ss/download.go:40	Installing "http://app.cloud.lazycat.developer.tools.lzcapp:33971"(appid:"") by "axy"...
ingress-control-1    | 2025-11-16T01:05:01.784061000Z 2025-11-16T09:05:01.783+0800	INFO	usersession	usersession/grpc.go:57	updating auth token 87889393-f92c-4a15-bf62-18b15c4b8724 by 12D3KooWArYUgwHJwgDwugWCf32Szrx4UxsaibfUSD5UgRJ4t1h5
api-servers-1        | 2025-11-16T02:40:07.556714000Z 2025/11/16 10:40:07 device.go:66: new user session event, clearing end device cache...
ingress-control-1    | 2025-11-16T01:05:03.878971000Z 2025-11-16T09:05:03.878+0800	INFO	usersession	usersession/grpc.go:160	login with new dynamic api url "https://a5-5f5f-1cd6-73bd-8922-0.d.heiyu.space:4443" for uid:"axy"  device_version:"v0.0.0-349-150-g65078878"  virtual_ip:"fc03:1136:38a5:5f5f:1cd6:73bd:8922:0"  peer_id:"12D3KooWArYUgwHJwgDwugWCf32Szrx4UxsaibfUSD5UgRJ4t1h5"  is_logined:true  is_trust_dev:true  remote_multi_addr:"/ip4/192.168.110.201/tcp/57004"
ingress-control-1    | 2025-11-16T01:05:03.893377000Z 2025-11-16T09:05:03.893+0800	INFO	usersession	usersession/grpc.go:160	login with new dynamic api url "https://a5-5f5f-1cd6-73bd-8922-0.d.heiyu.space:4443" for uid:"axy"  device_version:"v0.0.0-349-150-g65078878"  virtual_ip:"fc03:1136:38a5:5f5f:1cd6:73bd:8922:0"  peer_id:"12D3KooWArYUgwHJwgDwugWCf32Szrx4UxsaibfUSD5UgRJ4t1h5"  is_logined:true  is_trust_dev:true  remote_multi_addr:"/ip4/192.168.110.201/tcp/57004"
pkgm-1               | 2025-11-16T01:27:25.490303000Z 2025-11-16T09:27:25.489+0800	INFO	pkgm-ss	ss/download.go:272	begin downloading task_id:"9bf449be-d4ca-46b4-9dc2-54b4d2eb68d8"  status:CREATING  create_at:{seconds:1763256445  nanos:489537971}  download_url:"http://app.cloud.lazycat.developer.tools.lzcapp:33971" to /lzcsys/var/runtime/lpk-cache/9bf449be-d4ca-46b4-9dc2-54b4d2eb68d8
pkgm-1               | 2025-11-16T01:27:25.490445000Z 2025-11-16T09:27:25.490+0800	INFO	pkgm-ss	ss/download.go:310	begin installing task_id:"9bf449be-d4ca-46b4-9dc2-54b4d2eb68d8"  status:CREATING  create_at:{seconds:1763256445  nanos:489537971}  download_url:"http://app.cloud.lazycat.developer.tools.lzcapp:33971"  downloaded_size:8977
pkgm-1               | 2025-11-16T01:27:25.490492000Z 2025-11-16T09:27:25.490+0800	INFO	core	core/manager.go:284	try installing  /lzcsys/var/runtime/lpk-cache/9bf449be-d4ca-46b4-9dc2-54b4d2eb68d8, size:8977 deploy_uid:axy
ingress-control-1    | 2025-11-16T01:05:03.900722000Z 2025-11-16T09:05:03.900+0800	INFO	usersession	usersession/grpc.go:57	updating auth token 87889393-f92c-4a15-bf62-18b15c4b8724 by 12D3KooWArYUgwHJwgDwugWCf32Szrx4UxsaibfUSD5UgRJ4t1h5
api-servers-1        | 2025-11-16T02:42:56.849673000Z 2025/11/16 10:42:56 device.go:66: new user session event, clearing end device cache...
api-servers-1        | 2025-11-16T02:42:56.850043000Z 2025/11/16 10:42:56 device.go:66: new user session event, clearing end device cache...
ingress-control-1    | 2025-11-16T01:05:06.000347000Z 2025-11-16T09:05:06.000+0800	INFO	usersession	usersession/grpc.go:160	login with new dynamic api url "https://a5-5f5f-1cd6-73bd-8922-0.d.heiyu.space:4443" for uid:"axy"  device_version:"v0.0.0-349-150-g65078878"  virtual_ip:"fc03:1136:38a5:5f5f:1cd6:73bd:8922:0"  peer_id:"12D3KooWArYUgwHJwgDwugWCf32Szrx4UxsaibfUSD5UgRJ4t1h5"  is_logined:true  is_trust_dev:true  remote_multi_addr:"/ip4/192.168.110.201/tcp/57004"
pkgm-1               | 2025-11-16T01:27:25.492785000Z 2025-11-16T09:27:25.492+0800	INFO	core	core/manager.go:238	install/extract cloud.lzcapp.qemu done. cost: 2.2027ms
ingress-control-1    | 2025-11-16T01:05:06.013857000Z 2025-11-16T09:05:06.013+0800	INFO	usersession	usersession/grpc.go:160	login with new dynamic api url "https://a5-5f5f-1cd6-73bd-8922-0.d.heiyu.space:4443" for uid:"axy"  device_version:"v0.0.0-349-150-g65078878"  virtual_ip:"fc03:1136:38a5:5f5f:1cd6:73bd:8922:0"  peer_id:"12D3KooWArYUgwHJwgDwugWCf32Szrx4UxsaibfUSD5UgRJ4t1h5"  is_logined:true  is_trust_dev:true  remote_multi_addr:"/ip4/192.168.110.201/tcp/57004"
api-servers-1        | 2025-11-16T02:43:36.773067000Z 2025/11/16 10:43:36 device.go:66: new user session event, clearing end device cache...
api-servers-1        | 2025-11-16T02:49:27.379421000Z domain added: fs.cloud.lazycat.app.create.lzcapp -> v4:172.28.3.130 v6:fd03:1136:3800::382
pkgm-1               | 2025-11-16T01:27:25.514508000Z 2025-11-16T09:27:25.514+0800	INFO	core	core/manager.go:246	install/prepare cloud.lzcapp.qemu done. cost:21.692186ms
ingress-control-1    | 2025-11-16T01:05:06.018990000Z 2025-11-16T09:05:06.018+0800	INFO	usersession	usersession/grpc.go:57	updating auth token 87889393-f92c-4a15-bf62-18b15c4b8724 by 12D3KooWArYUgwHJwgDwugWCf32Szrx4UxsaibfUSD5UgRJ4t1h5
api-servers-1        | 2025-11-16T02:49:29.663419000Z domain added: app.cloud.lazycat.app.create.lzcapp -> v4:172.28.3.131 v6:fd03:1136:3800::383
pkgm-1               | 2025-11-16T01:27:25.514670000Z 2025-11-16T09:27:25.514+0800	INFO	core	core/storage.go:173	begin sync to pkgm/apps  cloud.lzcapp.qemu
ingress-control-1    | 2025-11-16T01:05:08.134119000Z 2025-11-16T09:05:08.133+0800	INFO	usersession	usersession/grpc.go:160	login with new dynamic api url "https://a5-5f5f-1cd6-73bd-8922-0.d.heiyu.space:4443" for uid:"axy"  device_version:"v0.0.0-349-150-g65078878"  virtual_ip:"fc03:1136:38a5:5f5f:1cd6:73bd:8922:0"  peer_id:"12D3KooWArYUgwHJwgDwugWCf32Szrx4UxsaibfUSD5UgRJ4t1h5"  is_logined:true  is_trust_dev:true  remote_multi_addr:"/ip4/192.168.110.201/tcp/57004"
ingress-control-1    | 2025-11-16T01:05:08.155746000Z 2025-11-16T09:05:08.155+0800	INFO	usersession	usersession/grpc.go:160	login with new dynamic api url "https://a5-5f5f-1cd6-73bd-8922-0.d.heiyu.space:4443" for uid:"axy"  device_version:"v0.0.0-349-150-g65078878"  virtual_ip:"fc03:1136:38a5:5f5f:1cd6:73bd:8922:0"  peer_id:"12D3KooWArYUgwHJwgDwugWCf32Szrx4UxsaibfUSD5UgRJ4t1h5"  is_logined:true  is_trust_dev:true  remote_multi_addr:"/ip4/192.168.110.201/tcp/57004"
pkgm-1               | 2025-11-16T01:27:25.802003000Z 2025-11-16T09:27:25.801+0800	INFO	core	core/storage.go:176	sync to pkgm/apps/cloud.lzcapp.qemu done.  cost:287.419423ms
api-servers-1        | 2025-11-16T02:51:46.176445000Z domain added: app.xyz.mxue.maxkb.lzcapp -> v4:172.28.3.194 v6:fd03:1136:3800::3c2
ingress-control-1    | 2025-11-16T01:05:08.161468000Z 2025-11-16T09:05:08.161+0800	INFO	usersession	usersession/grpc.go:57	updating auth token 87889393-f92c-4a15-bf62-18b15c4b8724 by 12D3KooWArYUgwHJwgDwugWCf32Szrx4UxsaibfUSD5UgRJ4t1h5
api-servers-1        | 2025-11-16T02:51:46.853124000Z domain added: maxkb.xyz.mxue.maxkb.lzcapp -> v4:172.28.3.195 v6:fd03:1136:3800::3c3
pkgm-1               | 2025-11-16T01:27:25.822143000Z 2025-11-16T09:27:25.821+0800	INFO	core	core/event.go:43	PUBLISH	evt:type:DeployAdded  deploy_id:"cloud.lzcapp.qemu" to 2
ingress-control-1    | 2025-11-16T01:05:10.266355000Z 2025-11-16T09:05:10.266+0800	INFO	usersession	usersession/grpc.go:160	login with new dynamic api url "https://a5-5f5f-1cd6-73bd-8922-0.d.heiyu.space:4443" for uid:"axy"  device_version:"v0.0.0-349-150-g65078878"  virtual_ip:"fc03:1136:38a5:5f5f:1cd6:73bd:8922:0"  peer_id:"12D3KooWArYUgwHJwgDwugWCf32Szrx4UxsaibfUSD5UgRJ4t1h5"  is_logined:true  is_trust_dev:true  remote_multi_addr:"/ip4/192.168.110.201/tcp/57004"
pkgm-1               | 2025-11-16T01:27:26.439159000Z 2025-11-16T09:27:26.438+0800	INFO	core	core/event.go:43	PUBLISH	evt:type:InstanceChanged  deploy_id:"cloud.lzcapp.qemu" to 2
ingress-control-1    | 2025-11-16T01:05:10.291846000Z 2025-11-16T09:05:10.291+0800	INFO	usersession	usersession/grpc.go:160	login with new dynamic api url "https://a5-5f5f-1cd6-73bd-8922-0.d.heiyu.space:4443" for uid:"axy"  device_version:"v0.0.0-349-150-g65078878"  virtual_ip:"fc03:1136:38a5:5f5f:1cd6:73bd:8922:0"  peer_id:"12D3KooWArYUgwHJwgDwugWCf32Szrx4UxsaibfUSD5UgRJ4t1h5"  is_logined:true  is_trust_dev:true  remote_multi_addr:"/ip4/192.168.110.201/tcp/57004"
api-servers-1        | 2025-11-16T02:53:57.397917000Z 2025/11/16 10:53:57 device.go:66: new user session event, clearing end device cache...
pkgm-1               | 2025-11-16T01:27:26.439597000Z 2025-11-16T09:27:26.439+0800	INFO	pkgm-ss	ss/download.go:321	install done task_id:"9bf449be-d4ca-46b4-9dc2-54b4d2eb68d8"  status:INSTALLING  create_at:{seconds:1763256445  nanos:489537971}  download_url:"http://app.cloud.lazycat.developer.tools.lzcapp:33971"  downloaded_size:8977
api-servers-1        | 2025-11-16T02:54:08.175577000Z 2025/11/16 10:54:08 device.go:66: new user session event, clearing end device cache...
ingress-control-1    | 2025-11-16T01:05:10.297956000Z 2025-11-16T09:05:10.297+0800	INFO	usersession	usersession/grpc.go:57	updating auth token 87889393-f92c-4a15-bf62-18b15c4b8724 by 12D3KooWArYUgwHJwgDwugWCf32Szrx4UxsaibfUSD5UgRJ4t1h5
api-servers-1        | 2025-11-16T02:54:08.196258000Z 2025/11/16 10:54:08 device.go:66: new user session event, clearing end device cache...
ingress-control-1    | 2025-11-16T01:05:12.400384000Z 2025-11-16T09:05:12.400+0800	INFO	usersession	usersession/grpc.go:160	login with new dynamic api url "https://a5-5f5f-1cd6-73bd-8922-0.d.heiyu.space:4443" for uid:"axy"  device_version:"v0.0.0-349-150-g65078878"  virtual_ip:"fc03:1136:38a5:5f5f:1cd6:73bd:8922:0"  peer_id:"12D3KooWArYUgwHJwgDwugWCf32Szrx4UxsaibfUSD5UgRJ4t1h5"  is_logined:true  is_trust_dev:true  remote_multi_addr:"/ip4/192.168.110.201/tcp/57004"
ingress-control-1    | 2025-11-16T01:05:12.427773000Z 2025-11-16T09:05:12.427+0800	INFO	usersession	usersession/grpc.go:160	login with new dynamic api url "https://a5-5f5f-1cd6-73bd-8922-0.d.heiyu.space:4443" for uid:"axy"  device_version:"v0.0.0-349-150-g65078878"  virtual_ip:"fc03:1136:38a5:5f5f:1cd6:73bd:8922:0"  peer_id:"12D3KooWArYUgwHJwgDwugWCf32Szrx4UxsaibfUSD5UgRJ4t1h5"  is_logined:true  is_trust_dev:true  remote_multi_addr:"/ip4/192.168.110.201/tcp/57004"
api-servers-1        | 2025-11-16T02:58:21.559617000Z 2025/11/16 10:58:21 device.go:66: new user session event, clearing end device cache...
api-servers-1        | 2025-11-16T02:58:21.580615000Z 2025/11/16 10:58:21 device.go:66: new user session event, clearing end device cache...
api-servers-1        | 2025-11-16T02:58:36.797701000Z 2025/11/16 10:58:36 device.go:66: new user session event, clearing end device cache...
api-servers-1        | 2025-11-16T03:29:50.622567000Z 2025/11/16 11:29:50 device.go:66: new user session event, clearing end device cache...
pkgm-1               | 2025-11-16T01:27:26.439681000Z 2025-11-16T09:27:26.439+0800	INFO	pkgm-ss	ss/download.go:49	Installed "http://app.cloud.lazycat.developer.tools.lzcapp:33971"
pkgm-1               | 2025-11-16T01:27:26.441477000Z 2025-11-16T09:27:26.441+0800	INFO	core	core/event.go:43	PUBLISH	evt:type:InstanceChanged  deploy_id:"cloud.lzcapp.qemu" to 2
pkgm-1               | 2025-11-16T01:27:26.475202000Z prepare generating app.crts to /lzcsys/run/app/cloud.lzcapp.qemu/certs
pkgm-1               | 2025-11-16T01:27:26.475951000Z 2025-11-16T09:27:26.475+0800	INFO	core	core/event.go:43	PUBLISH	evt:type:InstanceDeployed  deploy_id:"cloud.lzcapp.qemu" to 2
pkgm-1               | 2025-11-16T01:27:26.476069000Z 2025-11-16T09:27:26.475+0800	INFO	core	core/event.go:43	PUBLISH	evt:type:InstanceChanged  deploy_id:"cloud.lzcapp.qemu" to 2
pkgm-1               | 2025-11-16T01:27:26.476122000Z 2025-11-16T09:27:26.475+0800	INFO	engine	engine/engine.go:161	try starting project "cloud.lzcapp.qemu" 
ingress-control-1    | 2025-11-16T01:05:12.434328000Z 2025-11-16T09:05:12.434+0800	INFO	usersession	usersession/grpc.go:57	updating auth token 87889393-f92c-4a15-bf62-18b15c4b8724 by 12D3KooWArYUgwHJwgDwugWCf32Szrx4UxsaibfUSD5UgRJ4t1h5
ingress-control-1    | 2025-11-16T01:05:14.524141000Z 2025-11-16T09:05:14.523+0800	INFO	usersession	usersession/grpc.go:160	login with new dynamic api url "https://a5-5f5f-1cd6-73bd-8922-0.d.heiyu.space:4443" for uid:"axy"  device_version:"v0.0.0-349-150-g65078878"  virtual_ip:"fc03:1136:38a5:5f5f:1cd6:73bd:8922:0"  peer_id:"12D3KooWArYUgwHJwgDwugWCf32Szrx4UxsaibfUSD5UgRJ4t1h5"  is_logined:true  is_trust_dev:true  remote_multi_addr:"/ip4/192.168.110.201/tcp/57004"
ingress-control-1    | 2025-11-16T01:05:14.562482000Z 2025-11-16T09:05:14.562+0800	INFO	usersession	usersession/grpc.go:160	login with new dynamic api url "https://a5-5f5f-1cd6-73bd-8922-0.d.heiyu.space:4443" for uid:"axy"  device_version:"v0.0.0-349-150-g65078878"  virtual_ip:"fc03:1136:38a5:5f5f:1cd6:73bd:8922:0"  peer_id:"12D3KooWArYUgwHJwgDwugWCf32Szrx4UxsaibfUSD5UgRJ4t1h5"  is_logined:true  is_trust_dev:true  remote_multi_addr:"/ip4/192.168.110.201/tcp/57004"
ingress-control-1    | 2025-11-16T01:05:14.571709000Z 2025-11-16T09:05:14.571+0800	INFO	usersession	usersession/grpc.go:57	updating auth token 87889393-f92c-4a15-bf62-18b15c4b8724 by 12D3KooWArYUgwHJwgDwugWCf32Szrx4UxsaibfUSD5UgRJ4t1h5
api-servers-1        | 2025-11-16T03:29:50.642545000Z 2025/11/16 11:29:50 device.go:66: new user session event, clearing end device cache...
ingress-control-1    | 2025-11-16T01:05:16.646917000Z 2025-11-16T09:05:16.646+0800	INFO	usersession	usersession/grpc.go:160	login with new dynamic api url "https://a5-5f5f-1cd6-73bd-8922-0.d.heiyu.space:4443" for uid:"axy"  device_version:"v0.0.0-349-150-g65078878"  virtual_ip:"fc03:1136:38a5:5f5f:1cd6:73bd:8922:0"  peer_id:"12D3KooWArYUgwHJwgDwugWCf32Szrx4UxsaibfUSD5UgRJ4t1h5"  is_logined:true  is_trust_dev:true  remote_multi_addr:"/ip4/192.168.110.201/tcp/57004"
api-servers-1        | 2025-11-16T03:30:33.266192000Z 2025/11/16 11:30:33 device.go:66: new user session event, clearing end device cache...
pkgm-1               | 2025-11-16T01:27:26.476178000Z 2025-11-16T09:27:26.475+0800	INFO	engine	engine/engine.go:164	project "cloud.lzcapp.qemu" acquired the start lock in 16.939µs
ingress-control-1    | 2025-11-16T01:05:16.672668000Z 2025-11-16T09:05:16.672+0800	INFO	usersession	usersession/grpc.go:160	login with new dynamic api url "https://a5-5f5f-1cd6-73bd-8922-0.d.heiyu.space:4443" for uid:"axy"  device_version:"v0.0.0-349-150-g65078878"  virtual_ip:"fc03:1136:38a5:5f5f:1cd6:73bd:8922:0"  peer_id:"12D3KooWArYUgwHJwgDwugWCf32Szrx4UxsaibfUSD5UgRJ4t1h5"  is_logined:true  is_trust_dev:true  remote_multi_addr:"/ip4/192.168.110.201/tcp/57004"
ingress-control-1    | 2025-11-16T01:05:16.682043000Z 2025-11-16T09:05:16.681+0800	INFO	usersession	usersession/grpc.go:57	updating auth token 87889393-f92c-4a15-bf62-18b15c4b8724 by 12D3KooWArYUgwHJwgDwugWCf32Szrx4UxsaibfUSD5UgRJ4t1h5
ingress-control-1    | 2025-11-16T01:05:18.780689000Z 2025-11-16T09:05:18.780+0800	INFO	usersession	usersession/grpc.go:160	login with new dynamic api url "https://a5-5f5f-1cd6-73bd-8922-0.d.heiyu.space:4443" for uid:"axy"  device_version:"v0.0.0-349-150-g65078878"  virtual_ip:"fc03:1136:38a5:5f5f:1cd6:73bd:8922:0"  peer_id:"12D3KooWArYUgwHJwgDwugWCf32Szrx4UxsaibfUSD5UgRJ4t1h5"  is_logined:true  is_trust_dev:true  remote_multi_addr:"/ip4/192.168.110.201/tcp/57004"
ingress-control-1    | 2025-11-16T01:05:18.805017000Z 2025-11-16T09:05:18.804+0800	INFO	usersession	usersession/grpc.go:160	login with new dynamic api url "https://a5-5f5f-1cd6-73bd-8922-0.d.heiyu.space:4443" for uid:"axy"  device_version:"v0.0.0-349-150-g65078878"  virtual_ip:"fc03:1136:38a5:5f5f:1cd6:73bd:8922:0"  peer_id:"12D3KooWArYUgwHJwgDwugWCf32Szrx4UxsaibfUSD5UgRJ4t1h5"  is_logined:true  is_trust_dev:true  remote_multi_addr:"/ip4/192.168.110.201/tcp/57004"
api-servers-1        | 2025-11-16T03:30:33.490803000Z 2025/11/16 11:30:33 device.go:66: new user session event, clearing end device cache...
pkgm-1               | 2025-11-16T01:27:29.403638000Z 2025-11-16T09:27:29.403+0800	INFO	grpc	grpcServer/server.go:109	resuming instance cloud.lzcapp.qemu 
ingress-control-1    | 2025-11-16T01:05:18.811302000Z 2025-11-16T09:05:18.811+0800	INFO	usersession	usersession/grpc.go:57	updating auth token 87889393-f92c-4a15-bf62-18b15c4b8724 by 12D3KooWArYUgwHJwgDwugWCf32Szrx4UxsaibfUSD5UgRJ4t1h5
api-servers-1        | 2025-11-16T03:30:36.106031000Z 2025/11/16 11:30:36 device.go:66: new user session event, clearing end device cache...
pkgm-1               | 2025-11-16T01:27:30.778874000Z 2025-11-16T09:27:30.778+0800	INFO	engine	engine/engine.go:190	project cloud.lzcapp.qemu is in ready, cost:4.302587211s
ingress-control-1    | 2025-11-16T01:05:20.909526000Z 2025-11-16T09:05:20.909+0800	INFO	usersession	usersession/grpc.go:160	login with new dynamic api url "https://a5-5f5f-1cd6-73bd-8922-0.d.heiyu.space:4443" for uid:"axy"  device_version:"v0.0.0-349-150-g65078878"  virtual_ip:"fc03:1136:38a5:5f5f:1cd6:73bd:8922:0"  peer_id:"12D3KooWArYUgwHJwgDwugWCf32Szrx4UxsaibfUSD5UgRJ4t1h5"  is_logined:true  is_trust_dev:true  remote_multi_addr:"/ip4/192.168.110.201/tcp/57004"
ingress-control-1    | 2025-11-16T01:05:20.937537000Z 2025-11-16T09:05:20.932+0800	INFO	usersession	usersession/grpc.go:160	login with new dynamic api url "https://a5-5f5f-1cd6-73bd-8922-0.d.heiyu.space:4443" for uid:"axy"  device_version:"v0.0.0-349-150-g65078878"  virtual_ip:"fc03:1136:38a5:5f5f:1cd6:73bd:8922:0"  peer_id:"12D3KooWArYUgwHJwgDwugWCf32Szrx4UxsaibfUSD5UgRJ4t1h5"  is_logined:true  is_trust_dev:true  remote_multi_addr:"/ip4/192.168.110.201/tcp/57004"
pkgm-1               | 2025-11-16T01:27:35.932594000Z 2025-11-16T09:27:35.932+0800	INFO	core	core/event.go:43	PUBLISH	evt:type:InstanceChanged  deploy_id:"cloud.lzcapp.qemu" to 2
api-servers-1        | 2025-11-16T03:30:36.284144000Z 2025/11/16 11:30:36 device.go:66: new user session event, clearing end device cache...
ingress-control-1    | 2025-11-16T01:05:20.938775000Z 2025-11-16T09:05:20.938+0800	INFO	usersession	usersession/grpc.go:57	updating auth token 87889393-f92c-4a15-bf62-18b15c4b8724 by 12D3KooWArYUgwHJwgDwugWCf32Szrx4UxsaibfUSD5UgRJ4t1h5
api-servers-1        | 2025-11-16T03:30:53.783351000Z 2025/11/16 11:30:53 device.go:66: new user session event, clearing end device cache...
pkgm-1               | 2025-11-16T01:32:15.643640000Z 2025-11-16T09:32:15.643+0800	INFO	pkgm-ss	ss/download.go:40	Installing "http://app.cloud.lazycat.developer.tools.lzcapp:43679"(appid:"") by "axy"...
ingress-control-1    | 2025-11-16T01:05:23.041181000Z 2025-11-16T09:05:23.041+0800	INFO	usersession	usersession/grpc.go:160	login with new dynamic api url "https://a5-5f5f-1cd6-73bd-8922-0.d.heiyu.space:4443" for uid:"axy"  device_version:"v0.0.0-349-150-g65078878"  virtual_ip:"fc03:1136:38a5:5f5f:1cd6:73bd:8922:0"  peer_id:"12D3KooWArYUgwHJwgDwugWCf32Szrx4UxsaibfUSD5UgRJ4t1h5"  is_logined:true  is_trust_dev:true  remote_multi_addr:"/ip4/192.168.110.201/tcp/57004"
ingress-control-1    | 2025-11-16T01:05:23.064522000Z 2025-11-16T09:05:23.064+0800	INFO	usersession	usersession/grpc.go:160	login with new dynamic api url "https://a5-5f5f-1cd6-73bd-8922-0.d.heiyu.space:4443" for uid:"axy"  device_version:"v0.0.0-349-150-g65078878"  virtual_ip:"fc03:1136:38a5:5f5f:1cd6:73bd:8922:0"  peer_id:"12D3KooWArYUgwHJwgDwugWCf32Szrx4UxsaibfUSD5UgRJ4t1h5"  is_logined:true  is_trust_dev:true  remote_multi_addr:"/ip4/192.168.110.201/tcp/57004"
ingress-control-1    | 2025-11-16T01:05:23.070010000Z 2025-11-16T09:05:23.069+0800	INFO	usersession	usersession/grpc.go:57	updating auth token 87889393-f92c-4a15-bf62-18b15c4b8724 by 12D3KooWArYUgwHJwgDwugWCf32Szrx4UxsaibfUSD5UgRJ4t1h5
api-servers-1        | 2025-11-16T03:30:53.815222000Z 2025/11/16 11:30:53 device.go:66: new user session event, clearing end device cache...
api-servers-1        | 2025-11-16T03:35:11.758609000Z 2025/11/16 11:35:11 device.go:66: new user session event, clearing end device cache...
pkgm-1               | 2025-11-16T01:32:15.644036000Z 2025-11-16T09:32:15.643+0800	INFO	pkgm-ss	ss/download.go:272	begin downloading task_id:"bec849ca-64ab-467d-af69-a55a0ceeaa36"  status:CREATING  create_at:{seconds:1763256735  nanos:643513473}  download_url:"http://app.cloud.lazycat.developer.tools.lzcapp:43679" to /lzcsys/var/runtime/lpk-cache/bec849ca-64ab-467d-af69-a55a0ceeaa36
pkgm-1               | 2025-11-16T01:32:15.644399000Z 2025-11-16T09:32:15.644+0800	INFO	pkgm-ss	ss/download.go:310	begin installing task_id:"bec849ca-64ab-467d-af69-a55a0ceeaa36"  status:CREATING  create_at:{seconds:1763256735  nanos:643513473}  download_url:"http://app.cloud.lazycat.developer.tools.lzcapp:43679"  downloaded_size:9149
ingress-control-1    | 2025-11-16T01:05:25.170050000Z 2025-11-16T09:05:25.169+0800	INFO	usersession	usersession/grpc.go:160	login with new dynamic api url "https://a5-5f5f-1cd6-73bd-8922-0.d.heiyu.space:4443" for uid:"axy"  device_version:"v0.0.0-349-150-g65078878"  virtual_ip:"fc03:1136:38a5:5f5f:1cd6:73bd:8922:0"  peer_id:"12D3KooWArYUgwHJwgDwugWCf32Szrx4UxsaibfUSD5UgRJ4t1h5"  is_logined:true  is_trust_dev:true  remote_multi_addr:"/ip4/192.168.110.201/tcp/57004"
api-servers-1        | 2025-11-16T03:35:11.785961000Z 2025/11/16 11:35:11 device.go:66: new user session event, clearing end device cache...
pkgm-1               | 2025-11-16T01:32:15.644504000Z 2025-11-16T09:32:15.644+0800	INFO	core	core/manager.go:284	try installing  /lzcsys/var/runtime/lpk-cache/bec849ca-64ab-467d-af69-a55a0ceeaa36, size:9149 deploy_uid:axy
ingress-control-1    | 2025-11-16T01:05:25.192773000Z 2025-11-16T09:05:25.192+0800	INFO	usersession	usersession/grpc.go:160	login with new dynamic api url "https://a5-5f5f-1cd6-73bd-8922-0.d.heiyu.space:4443" for uid:"axy"  device_version:"v0.0.0-349-150-g65078878"  virtual_ip:"fc03:1136:38a5:5f5f:1cd6:73bd:8922:0"  peer_id:"12D3KooWArYUgwHJwgDwugWCf32Szrx4UxsaibfUSD5UgRJ4t1h5"  is_logined:true  is_trust_dev:true  remote_multi_addr:"/ip4/192.168.110.201/tcp/57004"
api-servers-1        | 2025-11-16T03:35:35.773498000Z 2025/11/16 11:35:35 device.go:66: new user session event, clearing end device cache...
ingress-control-1    | 2025-11-16T01:05:25.199087000Z 2025-11-16T09:05:25.198+0800	INFO	usersession	usersession/grpc.go:57	updating auth token 87889393-f92c-4a15-bf62-18b15c4b8724 by 12D3KooWArYUgwHJwgDwugWCf32Szrx4UxsaibfUSD5UgRJ4t1h5
pkgm-1               | 2025-11-16T01:32:15.646632000Z 2025-11-16T09:32:15.646+0800	INFO	core	core/manager.go:238	install/extract cloud.lzcapp.qemu done. cost: 2.164473ms
ingress-control-1    | 2025-11-16T01:05:27.296420000Z 2025-11-16T09:05:27.296+0800	INFO	usersession	usersession/grpc.go:160	login with new dynamic api url "https://a5-5f5f-1cd6-73bd-8922-0.d.heiyu.space:4443" for uid:"axy"  device_version:"v0.0.0-349-150-g65078878"  virtual_ip:"fc03:1136:38a5:5f5f:1cd6:73bd:8922:0"  peer_id:"12D3KooWArYUgwHJwgDwugWCf32Szrx4UxsaibfUSD5UgRJ4t1h5"  is_logined:true  is_trust_dev:true  remote_multi_addr:"/ip4/192.168.110.201/tcp/57004"
pkgm-1               | 2025-11-16T01:32:15.667133000Z 2025-11-16T09:32:15.667+0800	INFO	core	core/manager.go:246	install/prepare cloud.lzcapp.qemu done. cost:20.409441ms
api-servers-1        | 2025-11-16T03:35:35.795631000Z 2025/11/16 11:35:35 device.go:66: new user session event, clearing end device cache...
ingress-control-1    | 2025-11-16T01:05:27.317716000Z 2025-11-16T09:05:27.317+0800	INFO	usersession	usersession/grpc.go:160	login with new dynamic api url "https://a5-5f5f-1cd6-73bd-8922-0.d.heiyu.space:4443" for uid:"axy"  device_version:"v0.0.0-349-150-g65078878"  virtual_ip:"fc03:1136:38a5:5f5f:1cd6:73bd:8922:0"  peer_id:"12D3KooWArYUgwHJwgDwugWCf32Szrx4UxsaibfUSD5UgRJ4t1h5"  is_logined:true  is_trust_dev:true  remote_multi_addr:"/ip4/192.168.110.201/tcp/57004"
api-servers-1        | 2025-11-16T04:09:32.005298000Z 2025/11/16 12:09:32 device.go:66: new user session event, clearing end device cache...
pkgm-1               | 2025-11-16T01:32:15.667468000Z 2025-11-16T09:32:15.667+0800	WARN	core	core/manager.go:260	uninstall old version package before really sync to pkgm/apps cloud.lzcapp.qemu
ingress-control-1    | 2025-11-16T01:05:27.326903000Z 2025-11-16T09:05:27.326+0800	INFO	usersession	usersession/grpc.go:57	updating auth token 87889393-f92c-4a15-bf62-18b15c4b8724 by 12D3KooWArYUgwHJwgDwugWCf32Szrx4UxsaibfUSD5UgRJ4t1h5
pkgm-1               | 2025-11-16T01:32:15.667520000Z 2025-11-16T09:32:15.667+0800	INFO	core	core/manager.go:384	begin uninstalling pkg: cloud.lzcapp.qemu
ingress-control-1    | 2025-11-16T01:05:29.426475000Z 2025-11-16T09:05:29.426+0800	INFO	usersession	usersession/grpc.go:160	login with new dynamic api url "https://a5-5f5f-1cd6-73bd-8922-0.d.heiyu.space:4443" for uid:"axy"  device_version:"v0.0.0-349-150-g65078878"  virtual_ip:"fc03:1136:38a5:5f5f:1cd6:73bd:8922:0"  peer_id:"12D3KooWArYUgwHJwgDwugWCf32Szrx4UxsaibfUSD5UgRJ4t1h5"  is_logined:true  is_trust_dev:true  remote_multi_addr:"/ip4/192.168.110.201/tcp/57004"
api-servers-1        | 2025-11-16T04:09:42.978720000Z 2025/11/16 12:09:42 device.go:66: new user session event, clearing end device cache...
ingress-control-1    | 2025-11-16T01:05:29.447661000Z 2025-11-16T09:05:29.447+0800	INFO	usersession	usersession/grpc.go:160	login with new dynamic api url "https://a5-5f5f-1cd6-73bd-8922-0.d.heiyu.space:4443" for uid:"axy"  device_version:"v0.0.0-349-150-g65078878"  virtual_ip:"fc03:1136:38a5:5f5f:1cd6:73bd:8922:0"  peer_id:"12D3KooWArYUgwHJwgDwugWCf32Szrx4UxsaibfUSD5UgRJ4t1h5"  is_logined:true  is_trust_dev:true  remote_multi_addr:"/ip4/192.168.110.201/tcp/57004"
pkgm-1               | 2025-11-16T01:32:15.667574000Z 2025-11-16T09:32:15.667+0800	INFO	core	core/event.go:43	PUBLISH	evt:type:InstanceChanged  deploy_id:"cloud.lzcapp.qemu" to 2
api-servers-1        | 2025-11-16T04:09:42.986898000Z 2025/11/16 12:09:42 device.go:66: new user session event, clearing end device cache...
ingress-control-1    | 2025-11-16T01:05:29.452834000Z 2025-11-16T09:05:29.452+0800	INFO	usersession	usersession/grpc.go:57	updating auth token 87889393-f92c-4a15-bf62-18b15c4b8724 by 12D3KooWArYUgwHJwgDwugWCf32Szrx4UxsaibfUSD5UgRJ4t1h5
pkgm-1               | 2025-11-16T01:32:15.667681000Z 2025-11-16T09:32:15.667+0800	INFO	engine	engine/engine.go:151	stopping project "cloud.lzcapp.qemu" /lzcsys/data/system/pkgm/run/cloud.lzcapp.qemu
api-servers-1        | 2025-11-16T04:12:40.875784000Z domain added: axy.clash.com.lxy.app.clash.lzcapp -> v4:172.18.0.1 v6:
ingress-control-1    | 2025-11-16T01:05:31.558375000Z 2025-11-16T09:05:31.558+0800	INFO	usersession	usersession/grpc.go:160	login with new dynamic api url "https://a5-5f5f-1cd6-73bd-8922-0.d.heiyu.space:4443" for uid:"axy"  device_version:"v0.0.0-349-150-g65078878"  virtual_ip:"fc03:1136:38a5:5f5f:1cd6:73bd:8922:0"  peer_id:"12D3KooWArYUgwHJwgDwugWCf32Szrx4UxsaibfUSD5UgRJ4t1h5"  is_logined:true  is_trust_dev:true  remote_multi_addr:"/ip4/192.168.110.201/tcp/57004"
ingress-control-1    | 2025-11-16T01:05:31.578785000Z 2025-11-16T09:05:31.578+0800	INFO	usersession	usersession/grpc.go:160	login with new dynamic api url "https://a5-5f5f-1cd6-73bd-8922-0.d.heiyu.space:4443" for uid:"axy"  device_version:"v0.0.0-349-150-g65078878"  virtual_ip:"fc03:1136:38a5:5f5f:1cd6:73bd:8922:0"  peer_id:"12D3KooWArYUgwHJwgDwugWCf32Szrx4UxsaibfUSD5UgRJ4t1h5"  is_logined:true  is_trust_dev:true  remote_multi_addr:"/ip4/192.168.110.201/tcp/57004"
pkgm-1               | 2025-11-16T01:32:15.696799000Z cloud.lzcapp.qemu: Container cloudlzcappqemu-app-1  Stopping
api-servers-1        | 2025-11-16T04:12:41.717327000Z domain added: axy.app.com.lxy.app.clash.lzcapp -> v4:172.28.4.2 v6:fd03:1136:3800::402
ingress-control-1    | 2025-11-16T01:05:31.584295000Z 2025-11-16T09:05:31.584+0800	INFO	usersession	usersession/grpc.go:57	updating auth token 87889393-f92c-4a15-bf62-18b15c4b8724 by 12D3KooWArYUgwHJwgDwugWCf32Szrx4UxsaibfUSD5UgRJ4t1h5
api-servers-1        | 2025-11-16T04:13:06.167713000Z 2025/11/16 12:13:06 device.go:66: new user session event, clearing end device cache...
pkgm-1               | 2025-11-16T01:32:15.696939000Z cloud.lzcapp.qemu: Container cloudlzcappqemu-qemu-1  Stopping
ingress-control-1    | 2025-11-16T01:05:33.681668000Z 2025-11-16T09:05:33.681+0800	INFO	usersession	usersession/grpc.go:160	login with new dynamic api url "https://a5-5f5f-1cd6-73bd-8922-0.d.heiyu.space:4443" for uid:"axy"  device_version:"v0.0.0-349-150-g65078878"  virtual_ip:"fc03:1136:38a5:5f5f:1cd6:73bd:8922:0"  peer_id:"12D3KooWArYUgwHJwgDwugWCf32Szrx4UxsaibfUSD5UgRJ4t1h5"  is_logined:true  is_trust_dev:true  remote_multi_addr:"/ip4/192.168.110.201/tcp/57004"
ingress-control-1    | 2025-11-16T01:05:33.708854000Z 2025-11-16T09:05:33.708+0800	INFO	usersession	usersession/grpc.go:160	login with new dynamic api url "https://a5-5f5f-1cd6-73bd-8922-0.d.heiyu.space:4443" for uid:"axy"  device_version:"v0.0.0-349-150-g65078878"  virtual_ip:"fc03:1136:38a5:5f5f:1cd6:73bd:8922:0"  peer_id:"12D3KooWArYUgwHJwgDwugWCf32Szrx4UxsaibfUSD5UgRJ4t1h5"  is_logined:true  is_trust_dev:true  remote_multi_addr:"/ip4/192.168.110.201/tcp/57004"
api-servers-1        | 2025-11-16T04:15:36.112770000Z 2025/11/16 12:15:36 device.go:66: new user session event, clearing end device cache...
pkgm-1               | 2025-11-16T01:32:15.697115000Z cloud.lzcapp.qemu: Container cloudlzcappqemu-qemu-1  Stopped
ingress-control-1    | 2025-11-16T01:05:33.713973000Z 2025-11-16T09:05:33.713+0800	INFO	usersession	usersession/grpc.go:57	updating auth token 87889393-f92c-4a15-bf62-18b15c4b8724 by 12D3KooWArYUgwHJwgDwugWCf32Szrx4UxsaibfUSD5UgRJ4t1h5
api-servers-1        | 2025-11-16T04:15:36.133480000Z 2025/11/16 12:15:36 device.go:66: new user session event, clearing end device cache...
pkgm-1               | 2025-11-16T01:32:15.697199000Z  Container cloudlzcappqemu-qemu-1  Removing
ingress-control-1    | 2025-11-16T01:05:35.811255000Z 2025-11-16T09:05:35.811+0800	INFO	usersession	usersession/grpc.go:160	login with new dynamic api url "https://a5-5f5f-1cd6-73bd-8922-0.d.heiyu.space:4443" for uid:"axy"  device_version:"v0.0.0-349-150-g65078878"  virtual_ip:"fc03:1136:38a5:5f5f:1cd6:73bd:8922:0"  peer_id:"12D3KooWArYUgwHJwgDwugWCf32Szrx4UxsaibfUSD5UgRJ4t1h5"  is_logined:true  is_trust_dev:true  remote_multi_addr:"/ip4/192.168.110.201/tcp/57004"
api-servers-1        | 2025-11-16T04:32:04.135492000Z 2025/11/16 12:32:04 device.go:66: new user session event, clearing end device cache...
pkgm-1               | 2025-11-16T01:32:16.556859000Z cloud.lzcapp.qemu: Container cloudlzcappqemu-qemu-1  Removed
ingress-control-1    | 2025-11-16T01:05:35.831376000Z 2025-11-16T09:05:35.831+0800	INFO	usersession	usersession/grpc.go:160	login with new dynamic api url "https://a5-5f5f-1cd6-73bd-8922-0.d.heiyu.space:4443" for uid:"axy"  device_version:"v0.0.0-349-150-g65078878"  virtual_ip:"fc03:1136:38a5:5f5f:1cd6:73bd:8922:0"  peer_id:"12D3KooWArYUgwHJwgDwugWCf32Szrx4UxsaibfUSD5UgRJ4t1h5"  is_logined:true  is_trust_dev:true  remote_multi_addr:"/ip4/192.168.110.201/tcp/57004"
ingress-control-1    | 2025-11-16T01:05:35.836389000Z 2025-11-16T09:05:35.836+0800	INFO	usersession	usersession/grpc.go:57	updating auth token 87889393-f92c-4a15-bf62-18b15c4b8724 by 12D3KooWArYUgwHJwgDwugWCf32Szrx4UxsaibfUSD5UgRJ4t1h5
pkgm-1               | 2025-11-16T01:32:17.533511000Z cloud.lzcapp.qemu: Container cloudlzcappqemu-app-1  Stopped
api-servers-1        | 2025-11-16T04:32:04.166217000Z 2025/11/16 12:32:04 device.go:66: new user session event, clearing end device cache...
ingress-control-1    | 2025-11-16T01:05:37.954469000Z 2025-11-16T09:05:37.954+0800	INFO	usersession	usersession/grpc.go:160	login with new dynamic api url "https://a5-5f5f-1cd6-73bd-8922-0.d.heiyu.space:4443" for uid:"axy"  device_version:"v0.0.0-349-150-g65078878"  virtual_ip:"fc03:1136:38a5:5f5f:1cd6:73bd:8922:0"  peer_id:"12D3KooWArYUgwHJwgDwugWCf32Szrx4UxsaibfUSD5UgRJ4t1h5"  is_logined:true  is_trust_dev:true  remote_multi_addr:"/ip4/192.168.110.201/tcp/57004"
api-servers-1        | 2025-11-16T04:33:32.717695000Z 2025/11/16 12:33:32 device.go:66: new user session event, clearing end device cache...
pkgm-1               | 2025-11-16T01:32:17.533915000Z  Container cloudlzcappqemu-app-1  Removing
ingress-control-1    | 2025-11-16T01:05:37.974732000Z 2025-11-16T09:05:37.974+0800	INFO	usersession	usersession/grpc.go:160	login with new dynamic api url "https://a5-5f5f-1cd6-73bd-8922-0.d.heiyu.space:4443" for uid:"axy"  device_version:"v0.0.0-349-150-g65078878"  virtual_ip:"fc03:1136:38a5:5f5f:1cd6:73bd:8922:0"  peer_id:"12D3KooWArYUgwHJwgDwugWCf32Szrx4UxsaibfUSD5UgRJ4t1h5"  is_logined:true  is_trust_dev:true  remote_multi_addr:"/ip4/192.168.110.201/tcp/57004"
ingress-control-1    | 2025-11-16T01:05:37.979758000Z 2025-11-16T09:05:37.979+0800	INFO	usersession	usersession/grpc.go:57	updating auth token 87889393-f92c-4a15-bf62-18b15c4b8724 by 12D3KooWArYUgwHJwgDwugWCf32Szrx4UxsaibfUSD5UgRJ4t1h5
api-servers-1        | 2025-11-16T04:33:32.944044000Z 2025/11/16 12:33:32 device.go:66: new user session event, clearing end device cache...
api-servers-1        | 2025-11-16T04:33:59.783552000Z 2025/11/16 12:33:59 device.go:66: new user session event, clearing end device cache...
pkgm-1               | 2025-11-16T01:32:17.761629000Z cloud.lzcapp.qemu: Container cloudlzcappqemu-app-1  Removed
pkgm-1               | 2025-11-16T01:32:17.762316000Z cloud.lzcapp.qemu: Network cloudlzcappqemu_default  Removing
ingress-control-1    | 2025-11-16T01:05:40.080674000Z 2025-11-16T09:05:40.080+0800	INFO	usersession	usersession/grpc.go:160	login with new dynamic api url "https://a5-5f5f-1cd6-73bd-8922-0.d.heiyu.space:4443" for uid:"axy"  device_version:"v0.0.0-349-150-g65078878"  virtual_ip:"fc03:1136:38a5:5f5f:1cd6:73bd:8922:0"  peer_id:"12D3KooWArYUgwHJwgDwugWCf32Szrx4UxsaibfUSD5UgRJ4t1h5"  is_logined:true  is_trust_dev:true  remote_multi_addr:"/ip4/192.168.110.201/tcp/57004"
ingress-control-1    | 2025-11-16T01:05:40.102874000Z 2025-11-16T09:05:40.102+0800	INFO	usersession	usersession/grpc.go:160	login with new dynamic api url "https://a5-5f5f-1cd6-73bd-8922-0.d.heiyu.space:4443" for uid:"axy"  device_version:"v0.0.0-349-150-g65078878"  virtual_ip:"fc03:1136:38a5:5f5f:1cd6:73bd:8922:0"  peer_id:"12D3KooWArYUgwHJwgDwugWCf32Szrx4UxsaibfUSD5UgRJ4t1h5"  is_logined:true  is_trust_dev:true  remote_multi_addr:"/ip4/192.168.110.201/tcp/57004"
pkgm-1               | 2025-11-16T01:32:18.050806000Z 2025-11-16T09:32:18.050+0800	WARN	core	core/instance.go:141	ignore setting cloud.lzcapp.qemu status to PAUSED after stopped
ingress-control-1    | 2025-11-16T01:05:40.109132000Z 2025-11-16T09:05:40.109+0800	INFO	usersession	usersession/grpc.go:57	updating auth token 87889393-f92c-4a15-bf62-18b15c4b8724 by 12D3KooWArYUgwHJwgDwugWCf32Szrx4UxsaibfUSD5UgRJ4t1h5
api-servers-1        | 2025-11-16T04:33:59.869302000Z 2025/11/16 12:33:59 device.go:66: new user session event, clearing end device cache...
ingress-control-1    | 2025-11-16T01:05:42.210972000Z 2025-11-16T09:05:42.210+0800	INFO	usersession	usersession/grpc.go:160	login with new dynamic api url "https://a5-5f5f-1cd6-73bd-8922-0.d.heiyu.space:4443" for uid:"axy"  device_version:"v0.0.0-349-150-g65078878"  virtual_ip:"fc03:1136:38a5:5f5f:1cd6:73bd:8922:0"  peer_id:"12D3KooWArYUgwHJwgDwugWCf32Szrx4UxsaibfUSD5UgRJ4t1h5"  is_logined:true  is_trust_dev:true  remote_multi_addr:"/ip4/192.168.110.201/tcp/57004"
pkgm-1               | 2025-11-16T01:32:18.050969000Z 2025-11-16T09:32:18.050+0800	INFO	core	core/event.go:43	PUBLISH	evt:type:InstanceChanged  deploy_id:"cloud.lzcapp.qemu" to 2
api-servers-1        | 2025-11-16T04:59:05.888399000Z domain added: caddy.cloud.lazycat.aipod.rag.lzcapp -> v4:172.28.4.66 v6:fd03:1136:3800::442
ingress-control-1    | 2025-11-16T01:05:42.245914000Z 2025-11-16T09:05:42.245+0800	INFO	usersession	usersession/grpc.go:160	login with new dynamic api url "https://a5-5f5f-1cd6-73bd-8922-0.d.heiyu.space:4443" for uid:"axy"  device_version:"v0.0.0-349-150-g65078878"  virtual_ip:"fc03:1136:38a5:5f5f:1cd6:73bd:8922:0"  peer_id:"12D3KooWArYUgwHJwgDwugWCf32Szrx4UxsaibfUSD5UgRJ4t1h5"  is_logined:true  is_trust_dev:true  remote_multi_addr:"/ip4/192.168.110.201/tcp/57004"
ingress-control-1    | 2025-11-16T01:05:42.251697000Z 2025-11-16T09:05:42.251+0800	INFO	usersession	usersession/grpc.go:57	updating auth token 87889393-f92c-4a15-bf62-18b15c4b8724 by 12D3KooWArYUgwHJwgDwugWCf32Szrx4UxsaibfUSD5UgRJ4t1h5
ingress-control-1    | 2025-11-16T01:05:44.347795000Z 2025-11-16T09:05:44.347+0800	INFO	usersession	usersession/grpc.go:160	login with new dynamic api url "https://a5-5f5f-1cd6-73bd-8922-0.d.heiyu.space:4443" for uid:"axy"  device_version:"v0.0.0-349-150-g65078878"  virtual_ip:"fc03:1136:38a5:5f5f:1cd6:73bd:8922:0"  peer_id:"12D3KooWArYUgwHJwgDwugWCf32Szrx4UxsaibfUSD5UgRJ4t1h5"  is_logined:true  is_trust_dev:true  remote_multi_addr:"/ip4/192.168.110.201/tcp/57004"
ingress-control-1    | 2025-11-16T01:05:44.363378000Z 2025-11-16T09:05:44.363+0800	INFO	usersession	usersession/grpc.go:160	login with new dynamic api url "https://a5-5f5f-1cd6-73bd-8922-0.d.heiyu.space:4443" for uid:"axy"  device_version:"v0.0.0-349-150-g65078878"  virtual_ip:"fc03:1136:38a5:5f5f:1cd6:73bd:8922:0"  peer_id:"12D3KooWArYUgwHJwgDwugWCf32Szrx4UxsaibfUSD5UgRJ4t1h5"  is_logined:true  is_trust_dev:true  remote_multi_addr:"/ip4/192.168.110.201/tcp/57004"
ingress-control-1    | 2025-11-16T01:05:44.369202000Z 2025-11-16T09:05:44.369+0800	INFO	usersession	usersession/grpc.go:57	updating auth token 87889393-f92c-4a15-bf62-18b15c4b8724 by 12D3KooWArYUgwHJwgDwugWCf32Szrx4UxsaibfUSD5UgRJ4t1h5
api-servers-1        | 2025-11-16T04:59:07.330068000Z domain added: backend_filechat.cloud.lazycat.aipod.rag.lzcapp -> v4:172.28.4.67 v6:fd03:1136:3800::443
api-servers-1        | 2025-11-16T04:59:09.085568000Z domain added: app.cloud.lazycat.aipod.rag.lzcapp -> v4:172.28.4.68 v6:fd03:1136:3800::444
api-servers-1        | 2025-11-16T04:59:11.540817000Z domain added: backend_rag.cloud.lazycat.aipod.rag.lzcapp -> v4:172.28.4.69 v6:fd03:1136:3800::445
api-servers-1        | 2025-11-16T04:59:12.229555000Z domain added: backend_videorag.cloud.lazycat.aipod.rag.lzcapp -> v4:172.28.4.70 v6:fd03:1136:3800::446
pkgm-1               | 2025-11-16T01:32:18.922232000Z cloud.lzcapp.qemu: Network cloudlzcappqemu_default  Removed
pkgm-1               | 2025-11-16T01:32:18.944240000Z 2025-11-16T09:32:18.943+0800	INFO	core	core/event.go:43	PUBLISH	evt:type:PkgUninstalled  pkg_id:"cloud.lzcapp.qemu" to 2
pkgm-1               | 2025-11-16T01:32:18.944508000Z 2025-11-16T09:32:18.943+0800	INFO	core	core/manager.go:401	uninstall pkg: cloud.lzcapp.qemu is done, cost:3.276513269s
pkgm-1               | 2025-11-16T01:32:18.944586000Z 2025-11-16T09:32:18.943+0800	INFO	core	core/storage.go:173	begin sync to pkgm/apps  cloud.lzcapp.qemu
pkgm-1               | 2025-11-16T01:32:18.945301000Z 2025-11-16T09:32:18.945+0800	INFO	core	core/storage.go:176	sync to pkgm/apps/cloud.lzcapp.qemu done.  cost:1.199999ms
api-servers-1        | 2025-11-16T04:59:14.871444000Z domain added: backend_jieba.cloud.lazycat.aipod.rag.lzcapp -> v4:172.28.4.71 v6:fd03:1136:3800::447
ingress-control-1    | 2025-11-16T01:05:46.479879000Z 2025-11-16T09:05:46.479+0800	INFO	usersession	usersession/grpc.go:160	login with new dynamic api url "https://a5-5f5f-1cd6-73bd-8922-0.d.heiyu.space:4443" for uid:"axy"  device_version:"v0.0.0-349-150-g65078878"  virtual_ip:"fc03:1136:38a5:5f5f:1cd6:73bd:8922:0"  peer_id:"12D3KooWArYUgwHJwgDwugWCf32Szrx4UxsaibfUSD5UgRJ4t1h5"  is_logined:true  is_trust_dev:true  remote_multi_addr:"/ip4/192.168.110.201/tcp/57004"
ingress-control-1    | 2025-11-16T01:05:46.515393000Z 2025-11-16T09:05:46.515+0800	INFO	usersession	usersession/grpc.go:160	login with new dynamic api url "https://a5-5f5f-1cd6-73bd-8922-0.d.heiyu.space:4443" for uid:"axy"  device_version:"v0.0.0-349-150-g65078878"  virtual_ip:"fc03:1136:38a5:5f5f:1cd6:73bd:8922:0"  peer_id:"12D3KooWArYUgwHJwgDwugWCf32Szrx4UxsaibfUSD5UgRJ4t1h5"  is_logined:true  is_trust_dev:true  remote_multi_addr:"/ip4/192.168.110.201/tcp/57004"
pkgm-1               | 2025-11-16T01:32:18.969991000Z 2025-11-16T09:32:18.969+0800	INFO	pkgm-ss	ss/download.go:321	install done task_id:"bec849ca-64ab-467d-af69-a55a0ceeaa36"  status:INSTALLING  create_at:{seconds:1763256735  nanos:643513473}  download_url:"http://app.cloud.lazycat.developer.tools.lzcapp:43679"  downloaded_size:9149
ingress-control-1    | 2025-11-16T01:05:46.532131000Z 2025-11-16T09:05:46.532+0800	INFO	usersession	usersession/grpc.go:57	updating auth token 87889393-f92c-4a15-bf62-18b15c4b8724 by 12D3KooWArYUgwHJwgDwugWCf32Szrx4UxsaibfUSD5UgRJ4t1h5
api-servers-1        | 2025-11-16T04:59:16.749036000Z domain added: postgres.cloud.lazycat.aipod.rag.lzcapp -> v4:172.28.4.72 v6:fd03:1136:3800::448
ingress-control-1    | 2025-11-16T01:05:48.608402000Z 2025-11-16T09:05:48.608+0800	INFO	usersession	usersession/grpc.go:160	login with new dynamic api url "https://a5-5f5f-1cd6-73bd-8922-0.d.heiyu.space:4443" for uid:"axy"  device_version:"v0.0.0-349-150-g65078878"  virtual_ip:"fc03:1136:38a5:5f5f:1cd6:73bd:8922:0"  peer_id:"12D3KooWArYUgwHJwgDwugWCf32Szrx4UxsaibfUSD5UgRJ4t1h5"  is_logined:true  is_trust_dev:true  remote_multi_addr:"/ip4/192.168.110.201/tcp/57004"
ingress-control-1    | 2025-11-16T01:05:48.626567000Z 2025-11-16T09:05:48.626+0800	INFO	usersession	usersession/grpc.go:160	login with new dynamic api url "https://a5-5f5f-1cd6-73bd-8922-0.d.heiyu.space:4443" for uid:"axy"  device_version:"v0.0.0-349-150-g65078878"  virtual_ip:"fc03:1136:38a5:5f5f:1cd6:73bd:8922:0"  peer_id:"12D3KooWArYUgwHJwgDwugWCf32Szrx4UxsaibfUSD5UgRJ4t1h5"  is_logined:true  is_trust_dev:true  remote_multi_addr:"/ip4/192.168.110.201/tcp/57004"
pkgm-1               | 2025-11-16T01:32:18.970194000Z 2025-11-16T09:32:18.969+0800	INFO	pkgm-ss	ss/download.go:49	Installed "http://app.cloud.lazycat.developer.tools.lzcapp:43679"
api-servers-1        | 2025-11-16T04:59:31.023541000Z domain added: backend.cloud.lazycat.aipod.rag.lzcapp -> v4:172.28.4.73 v6:fd03:1136:3800::449
api-servers-1        | 2025-11-16T04:59:36.228582000Z 2025/11/16 12:59:36 device.go:66: new user session event, clearing end device cache...
pkgm-1               | 2025-11-16T01:32:18.970262000Z 2025-11-16T09:32:18.969+0800	INFO	core	core/event.go:43	PUBLISH	evt:type:InstanceChanged  deploy_id:"cloud.lzcapp.qemu" to 2
ingress-control-1    | 2025-11-16T01:05:48.633914000Z 2025-11-16T09:05:48.633+0800	INFO	usersession	usersession/grpc.go:57	updating auth token 87889393-f92c-4a15-bf62-18b15c4b8724 by 12D3KooWArYUgwHJwgDwugWCf32Szrx4UxsaibfUSD5UgRJ4t1h5
api-servers-1        | 2025-11-16T05:00:00.540374000Z 2025/11/16 13:00:00 device.go:66: new user session event, clearing end device cache...
ingress-control-1    | 2025-11-16T01:05:50.735520000Z 2025-11-16T09:05:50.735+0800	INFO	usersession	usersession/grpc.go:160	login with new dynamic api url "https://a5-5f5f-1cd6-73bd-8922-0.d.heiyu.space:4443" for uid:"axy"  device_version:"v0.0.0-349-150-g65078878"  virtual_ip:"fc03:1136:38a5:5f5f:1cd6:73bd:8922:0"  peer_id:"12D3KooWArYUgwHJwgDwugWCf32Szrx4UxsaibfUSD5UgRJ4t1h5"  is_logined:true  is_trust_dev:true  remote_multi_addr:"/ip4/192.168.110.201/tcp/57004"
pkgm-1               | 2025-11-16T01:32:18.971094000Z 2025-11-16T09:32:18.970+0800	INFO	core	core/event.go:43	PUBLISH	evt:type:InstanceChanged  deploy_id:"cloud.lzcapp.qemu" to 2
ingress-control-1    | 2025-11-16T01:05:50.770366000Z 2025-11-16T09:05:50.770+0800	INFO	usersession	usersession/grpc.go:160	login with new dynamic api url "https://a5-5f5f-1cd6-73bd-8922-0.d.heiyu.space:4443" for uid:"axy"  device_version:"v0.0.0-349-150-g65078878"  virtual_ip:"fc03:1136:38a5:5f5f:1cd6:73bd:8922:0"  peer_id:"12D3KooWArYUgwHJwgDwugWCf32Szrx4UxsaibfUSD5UgRJ4t1h5"  is_logined:true  is_trust_dev:true  remote_multi_addr:"/ip4/192.168.110.201/tcp/57004"
ingress-control-1    | 2025-11-16T01:05:50.777778000Z 2025-11-16T09:05:50.777+0800	INFO	usersession	usersession/grpc.go:57	updating auth token 87889393-f92c-4a15-bf62-18b15c4b8724 by 12D3KooWArYUgwHJwgDwugWCf32Szrx4UxsaibfUSD5UgRJ4t1h5
pkgm-1               | 2025-11-16T01:32:19.008481000Z 2025-11-16T09:32:19.008+0800	INFO	core	core/event.go:43	PUBLISH	evt:type:InstanceDeployed  deploy_id:"cloud.lzcapp.qemu" to 2
api-servers-1        | 2025-11-16T05:00:00.565064000Z 2025/11/16 13:00:00 device.go:66: new user session event, clearing end device cache...
api-servers-1        | 2025-11-16T05:00:23.673753000Z 2025/11/16 13:00:23 device.go:66: new user session event, clearing end device cache...
api-servers-1        | 2025-11-16T05:00:23.793742000Z 2025/11/16 13:00:23 device.go:66: new user session event, clearing end device cache...
pkgm-1               | 2025-11-16T01:32:19.008644000Z 2025-11-16T09:32:19.008+0800	INFO	core	core/event.go:43	PUBLISH	evt:type:InstanceChanged  deploy_id:"cloud.lzcapp.qemu" to 2
ingress-control-1    | 2025-11-16T01:05:52.858874000Z 2025-11-16T09:05:52.858+0800	INFO	usersession	usersession/grpc.go:160	login with new dynamic api url "https://a5-5f5f-1cd6-73bd-8922-0.d.heiyu.space:4443" for uid:"axy"  device_version:"v0.0.0-349-150-g65078878"  virtual_ip:"fc03:1136:38a5:5f5f:1cd6:73bd:8922:0"  peer_id:"12D3KooWArYUgwHJwgDwugWCf32Szrx4UxsaibfUSD5UgRJ4t1h5"  is_logined:true  is_trust_dev:true  remote_multi_addr:"/ip4/192.168.110.201/tcp/57004"
