ingress-control-1    | 2025-11-16T02:40:07.529008000Z 2025-11-16T10:40:07.528+0800	INFO	usersession	usersession/grpc.go:160	login with new dynamic api url "https://0b-82d-615f-8c7e-6d5d-0.d.heiyu.space:4443" for uid:"error"  device_version:"v0.0.0-349-150-g408f391f"  virtual_ip:"fc03:1136:380b:82d:615f:8c7e:6d5d:0"  peer_id:"12D3KooWDyHs3pTgUJNubGSapTYcYseXDXgXqYikBvGaF9sgjKzA"  is_logined:true  is_trust_dev:true  remote_multi_addr:"/ip6/240e:36d:326:96d0:2e6d:e46d:bb4e:7109/tcp/38888"
pkgm-1               | 2025-11-16T01:49:23.211944000Z cloud.lzcapp.qemu: Network cloudlzcappqemu_default  Removing
pkgm-1               | 2025-11-16T01:49:23.218662000Z 2025-11-16T09:49:23.218+0800	INFO	grpc	grpcServer/server.go:109	resuming instance cloud.lzcapp.qemu 
pkgm-1               | 2025-11-16T01:49:24.446615000Z cloud.lzcapp.qemu: Network cloudlzcappqemu_default  Removed
pkgm-1               | 2025-11-16T01:49:24.511006000Z 2025-11-16T09:49:24.510+0800	INFO	core	core/event.go:43	PUBLISH	evt:type:PkgUninstalled  pkg_id:"cloud.lzcapp.qemu" to 2
api-servers-1        | 2025-11-16T08:38:49.243608000Z 2025/11/16 16:38:49 device.go:66: new user session event, clearing end device cache...
ingress-control-1    | 2025-11-16T02:40:07.555685000Z 2025-11-16T10:40:07.555+0800	INFO	usersession	usersession/grpc.go:160	login with new dynamic api url "https://0b-82d-615f-8c7e-6d5d-0.d.heiyu.space:4443" for uid:"error"  device_version:"v0.0.0-349-150-g408f391f"  virtual_ip:"fc03:1136:380b:82d:615f:8c7e:6d5d:0"  peer_id:"12D3KooWDyHs3pTgUJNubGSapTYcYseXDXgXqYikBvGaF9sgjKzA"  is_logined:true  is_trust_dev:true  remote_multi_addr:"/ip6/240e:36d:326:96d0:2e6d:e46d:bb4e:7109/tcp/38888"
ingress-control-1    | 2025-11-16T02:40:07.565165000Z 2025-11-16T10:40:07.565+0800	INFO	usersession	usersession/grpc.go:57	updating auth token a7f1d3ce-169b-4f0c-a671-33a764f2233c by 12D3KooWDyHs3pTgUJNubGSapTYcYseXDXgXqYikBvGaF9sgjKzA
pkgm-1               | 2025-11-16T01:49:24.511461000Z 2025-11-16T09:49:24.510+0800	INFO	core	core/manager.go:401	uninstall pkg: cloud.lzcapp.qemu is done, cost:4.179025486s
api-servers-1        | 2025-11-16T08:38:49.275703000Z 2025/11/16 16:38:49 device.go:66: new user session event, clearing end device cache...
ingress-control-1    | 2025-11-16T02:42:56.818270000Z 2025-11-16T10:42:56.818+0800	INFO	usersession	usersession/grpc.go:160	login with new dynamic api url "https://4b-6929-e733-4c5-4766-0.d.heiyu.space:443" for uid:"axy"  device_version:"v0.0.0-349-151-gbddb24c6"  virtual_ip:"fc03:1136:384b:6929:e733:4c5:4766:0"  peer_id:"12D3KooWDdRNdj8skkJ2TUvbHJ6J7eJSz86J5o6VRQN1qiaVEcdC"  is_logined:true  is_trust_dev:true  remote_multi_addr:"/ip6/240e:36d:326:96d0:a19a:eb82:c033:92c0/tcp/58923"
ingress-control-1    | 2025-11-16T02:42:56.849737000Z 2025-11-16T10:42:56.848+0800	INFO	usersession	usersession/grpc.go:160	login with new dynamic api url "https://4b-6929-e733-4c5-4766-0.d.heiyu.space:443" for uid:"axy"  device_version:"v0.0.0-349-151-gbddb24c6"  virtual_ip:"fc03:1136:384b:6929:e733:4c5:4766:0"  peer_id:"12D3KooWDdRNdj8skkJ2TUvbHJ6J7eJSz86J5o6VRQN1qiaVEcdC"  is_logined:true  is_trust_dev:true  remote_multi_addr:"/ip6/240e:36d:326:96d0:a19a:eb82:c033:92c0/tcp/58923"
ingress-control-1    | 2025-11-16T02:42:56.857478000Z 2025-11-16T10:42:56.857+0800	INFO	usersession	usersession/grpc.go:57	updating auth token 2209e82c-dad5-4c5b-b002-ca67990e7c6a by 12D3KooWDdRNdj8skkJ2TUvbHJ6J7eJSz86J5o6VRQN1qiaVEcdC
ingress-control-1    | 2025-11-16T02:49:52.869576000Z 2025-11-16T10:49:52.868+0800	INFO	lzcapp	lzcapp/upstreams.go:97	add deploy xyz.mxue.maxkb
pkgm-1               | 2025-11-16T01:49:24.511567000Z 2025-11-16T09:49:24.511+0800	INFO	core	core/storage.go:173	begin sync to pkgm/apps  cloud.lzcapp.qemu
pkgm-1               | 2025-11-16T01:49:24.514434000Z 2025-11-16T09:49:24.514+0800	INFO	core	core/storage.go:176	sync to pkgm/apps/cloud.lzcapp.qemu done.  cost:2.870514ms
pkgm-1               | 2025-11-16T01:49:24.592765000Z 2025-11-16T09:49:24.592+0800	INFO	pkgm-ss	ss/download.go:321	install done task_id:"22766166-ba63-4840-8adc-2a59f7fb5f47"  status:INSTALLING  create_at:{seconds:1763257760  nanos:305953374}  download_url:"http://app.cloud.lazycat.developer.tools.lzcapp:41057"  downloaded_size:9313
ingress-control-1    | 2025-11-16T02:51:37.977262000Z 2025-11-16T10:51:37.977+0800	ERROR	lzcapp	lzcapp/handler.go:84	唤醒 xyz.mxue.maxkb 失败:rpc error: code = Canceled desc = context canceled
api-servers-1        | 2025-11-16T08:39:28.106883000Z 2025/11/16 16:39:28 device.go:66: new user session event, clearing end device cache...
api-servers-1        | 2025-11-16T08:45:50.567978000Z 2025/11/16 16:45:50 device.go:66: new user session event, clearing end device cache...
api-servers-1        | 2025-11-16T08:45:53.064406000Z 2025/11/16 16:45:53 device.go:66: new user session event, clearing end device cache...
pkgm-1               | 2025-11-16T01:49:24.592993000Z 2025-11-16T09:49:24.592+0800	INFO	core	core/event.go:43	PUBLISH	evt:type:InstanceChanged  deploy_id:"cloud.lzcapp.qemu" to 2
api-servers-1        | 2025-11-16T08:45:53.170944000Z 2025/11/16 16:45:53 device.go:66: new user session event, clearing end device cache...
ingress-control-1    | 2025-11-16T02:51:37.977653000Z 2025-11-16T10:51:37.977+0800	ERROR	lzcapp	lzcapp/handler.go:84	唤醒 xyz.mxue.maxkb 失败:rpc error: code = Canceled desc = context canceled
pkgm-1               | 2025-11-16T01:49:24.593085000Z 2025-11-16T09:49:24.592+0800	INFO	pkgm-ss	ss/download.go:49	Installed "http://app.cloud.lazycat.developer.tools.lzcapp:41057"
api-servers-1        | 2025-11-16T08:46:04.270445000Z 2025/11/16 16:46:04 device.go:66: new user session event, clearing end device cache...
ingress-control-1    | 2025-11-16T02:51:38.307096000Z 2025-11-16T10:51:38.306+0800	ERROR	lzcapp	lzcapp/loading.go:62	wait status failed:rpc error: code = Canceled desc = context canceled
ingress-control-1    | 2025-11-16T02:52:38.324996000Z 2025-11-16T10:52:38.324+0800	ERROR	lzcapp	lzcapp/loading.go:62	wait status failed:rpc error: code = Canceled desc = context canceled
api-servers-1        | 2025-11-16T08:46:04.441473000Z 2025/11/16 16:46:04 device.go:66: new user session event, clearing end device cache...
pkgm-1               | 2025-11-16T01:49:24.593320000Z 2025-11-16T09:49:24.592+0800	INFO	core	core/event.go:43	PUBLISH	evt:type:InstanceChanged  deploy_id:"cloud.lzcapp.qemu" to 2
ingress-control-1    | 2025-11-16T02:54:08.174173000Z 2025-11-16T10:54:08.174+0800	INFO	usersession	usersession/grpc.go:160	login with new dynamic api url "https://0b-82d-615f-8c7e-6d5d-0.d.heiyu.space:4443" for uid:"error"  device_version:"v0.0.0-349-150-g408f391f"  virtual_ip:"fc03:1136:380b:82d:615f:8c7e:6d5d:0"  peer_id:"12D3KooWDyHs3pTgUJNubGSapTYcYseXDXgXqYikBvGaF9sgjKzA"  is_logined:true  is_trust_dev:true  remote_multi_addr:"/ip4/192.168.110.227/tcp/41876"
pkgm-1               | 2025-11-16T01:49:24.638134000Z 2025-11-16T09:49:24.637+0800	INFO	core	core/event.go:43	PUBLISH	evt:type:InstanceDeployed  deploy_id:"cloud.lzcapp.qemu" to 2
ingress-control-1    | 2025-11-16T02:54:08.195155000Z 2025-11-16T10:54:08.195+0800	INFO	usersession	usersession/grpc.go:160	login with new dynamic api url "https://0b-82d-615f-8c7e-6d5d-0.d.heiyu.space:4443" for uid:"error"  device_version:"v0.0.0-349-150-g408f391f"  virtual_ip:"fc03:1136:380b:82d:615f:8c7e:6d5d:0"  peer_id:"12D3KooWDyHs3pTgUJNubGSapTYcYseXDXgXqYikBvGaF9sgjKzA"  is_logined:true  is_trust_dev:true  remote_multi_addr:"/ip4/192.168.110.227/tcp/41876"
api-servers-1        | 2025-11-16T08:46:35.273924000Z 2025/11/16 16:46:35 device.go:66: new user session event, clearing end device cache...
api-servers-1        | 2025-11-16T08:46:35.400721000Z 2025/11/16 16:46:35 device.go:66: new user session event, clearing end device cache...
ingress-control-1    | 2025-11-16T02:54:08.215269000Z 2025-11-16T10:54:08.215+0800	INFO	usersession	usersession/grpc.go:57	updating auth token cba225ff-1f0f-4558-b66c-a54f0c187b98 by 12D3KooWDyHs3pTgUJNubGSapTYcYseXDXgXqYikBvGaF9sgjKzA
pkgm-1               | 2025-11-16T01:49:24.638337000Z 2025-11-16T09:49:24.637+0800	INFO	core	core/event.go:43	PUBLISH	evt:type:InstanceChanged  deploy_id:"cloud.lzcapp.qemu" to 2
api-servers-1        | 2025-11-16T08:49:09.304804000Z 2025/11/16 16:49:09 device.go:66: new user session event, clearing end device cache...
pkgm-1               | 2025-11-16T01:49:24.638416000Z 2025-11-16T09:49:24.638+0800	INFO	engine	engine/engine.go:161	try starting project "cloud.lzcapp.qemu" 
ingress-control-1    | 2025-11-16T02:58:21.558504000Z 2025-11-16T10:58:21.558+0800	INFO	usersession	usersession/grpc.go:160	login with new dynamic api url "https://4b-6929-e733-4c5-4766-0.d.heiyu.space:443" for uid:"axy"  device_version:"v0.0.0-349-151-gbddb24c6"  virtual_ip:"fc03:1136:384b:6929:e733:4c5:4766:0"  peer_id:"12D3KooWDdRNdj8skkJ2TUvbHJ6J7eJSz86J5o6VRQN1qiaVEcdC"  is_logined:true  is_trust_dev:true  remote_multi_addr:"/ip6/240e:36d:326:96d0:a19a:eb82:c033:92c0/tcp/58950"
ingress-control-1    | 2025-11-16T02:58:21.579623000Z 2025-11-16T10:58:21.579+0800	INFO	usersession	usersession/grpc.go:160	login with new dynamic api url "https://4b-6929-e733-4c5-4766-0.d.heiyu.space:443" for uid:"axy"  device_version:"v0.0.0-349-151-gbddb24c6"  virtual_ip:"fc03:1136:384b:6929:e733:4c5:4766:0"  peer_id:"12D3KooWDdRNdj8skkJ2TUvbHJ6J7eJSz86J5o6VRQN1qiaVEcdC"  is_logined:true  is_trust_dev:true  remote_multi_addr:"/ip6/240e:36d:326:96d0:a19a:eb82:c033:92c0/tcp/58950"
ingress-control-1    | 2025-11-16T02:58:21.590910000Z 2025-11-16T10:58:21.590+0800	INFO	usersession	usersession/grpc.go:57	updating auth token 2209e82c-dad5-4c5b-b002-ca67990e7c6a by 12D3KooWDdRNdj8skkJ2TUvbHJ6J7eJSz86J5o6VRQN1qiaVEcdC
api-servers-1        | 2025-11-16T08:49:09.478927000Z 2025/11/16 16:49:09 device.go:66: new user session event, clearing end device cache...
ingress-control-1    | 2025-11-16T02:58:33.246658000Z 2025/11/16 10:58:33 http: proxy error: context canceled
pkgm-1               | 2025-11-16T01:49:24.638488000Z 2025-11-16T09:49:24.638+0800	INFO	engine	engine/engine.go:164	project "cloud.lzcapp.qemu" acquired the start lock in 61.295µs
pkgm-1               | 2025-11-16T01:49:24.639873000Z 2025-11-16T09:49:24.639+0800	INFO	core	core/event.go:43	PUBLISH	evt:type:InstanceChanged  deploy_id:"cloud.lzcapp.qemu" to 2
api-servers-1        | 2025-11-16T08:50:05.556892000Z 2025/11/16 16:50:05 device.go:66: new user session event, clearing end device cache...
ingress-control-1    | 2025-11-16T02:58:34.859093000Z 2025/11/16 10:58:34 http: proxy error: context canceled
api-servers-1        | 2025-11-16T08:50:07.656612000Z 2025/11/16 16:50:07 device.go:66: new user session event, clearing end device cache...
pkgm-1               | 2025-11-16T01:49:24.666856000Z cloud.lzcapp.qemu:no configuration file provided: not found
ingress-control-1    | 2025-11-16T03:29:50.621064000Z 2025-11-16T11:29:50.620+0800	INFO	usersession	usersession/grpc.go:160	login with new dynamic api url "https://0b-82d-615f-8c7e-6d5d-0.d.heiyu.space:4443" for uid:"error"  device_version:"v0.0.0-349-150-g408f391f"  virtual_ip:"fc03:1136:380b:82d:615f:8c7e:6d5d:0"  peer_id:"12D3KooWDyHs3pTgUJNubGSapTYcYseXDXgXqYikBvGaF9sgjKzA"  is_logined:true  is_trust_dev:true  remote_multi_addr:"/ip6/240e:36d:326:9670:4d2f:ff08:60d7:4083/tcp/43808"
ingress-control-1    | 2025-11-16T03:29:50.641471000Z 2025-11-16T11:29:50.641+0800	INFO	usersession	usersession/grpc.go:160	login with new dynamic api url "https://0b-82d-615f-8c7e-6d5d-0.d.heiyu.space:4443" for uid:"error"  device_version:"v0.0.0-349-150-g408f391f"  virtual_ip:"fc03:1136:380b:82d:615f:8c7e:6d5d:0"  peer_id:"12D3KooWDyHs3pTgUJNubGSapTYcYseXDXgXqYikBvGaF9sgjKzA"  is_logined:true  is_trust_dev:true  remote_multi_addr:"/ip6/240e:36d:326:9670:4d2f:ff08:60d7:4083/tcp/43808"
pkgm-1               | 2025-11-16T01:49:24.680357000Z 2025-11-16T09:49:24.680+0800	INFO	core	core/event.go:43	PUBLISH	evt:type:InstanceDeployed  deploy_id:"cloud.lzcapp.qemu" to 2
api-servers-1        | 2025-11-16T08:50:07.683611000Z 2025/11/16 16:50:07 device.go:66: new user session event, clearing end device cache...
ingress-control-1    | 2025-11-16T03:29:50.654246000Z 2025-11-16T11:29:50.654+0800	INFO	usersession	usersession/grpc.go:57	updating auth token cba225ff-1f0f-4558-b66c-a54f0c187b98 by 12D3KooWDyHs3pTgUJNubGSapTYcYseXDXgXqYikBvGaF9sgjKzA
ingress-control-1    | 2025-11-16T03:30:33.265016000Z 2025-11-16T11:30:33.264+0800	INFO	usersession	usersession/grpc.go:160	login with new dynamic api url "https://0b-82d-615f-8c7e-6d5d-0.d.heiyu.space:4443" for uid:"error"  device_version:"v0.0.0-349-150-g408f391f"  virtual_ip:"fc03:1136:380b:82d:615f:8c7e:6d5d:0"  peer_id:"12D3KooWDyHs3pTgUJNubGSapTYcYseXDXgXqYikBvGaF9sgjKzA"  is_logined:true  is_trust_dev:true  remote_multi_addr:"/ip4/114.66.59.177/tcp/4001/p2p/12D3KooWGDaCjwJPAfeLGLKwUFtr7hxVt1FeqvZxdGpVWaDYpWAM/p2p-circuit"
ingress-control-1    | 2025-11-16T03:30:33.488854000Z 2025-11-16T11:30:33.488+0800	INFO	usersession	usersession/grpc.go:160	login with new dynamic api url "https://0b-82d-615f-8c7e-6d5d-0.d.heiyu.space:4443" for uid:"error"  device_version:"v0.0.0-349-150-g408f391f"  virtual_ip:"fc03:1136:380b:82d:615f:8c7e:6d5d:0"  peer_id:"12D3KooWDyHs3pTgUJNubGSapTYcYseXDXgXqYikBvGaF9sgjKzA"  is_logined:true  is_trust_dev:true  remote_multi_addr:"/ip4/114.66.59.177/tcp/4001/p2p/12D3KooWGDaCjwJPAfeLGLKwUFtr7hxVt1FeqvZxdGpVWaDYpWAM/p2p-circuit"
pkgm-1               | 2025-11-16T01:49:24.680775000Z 2025-11-16T09:49:24.680+0800	INFO	core	core/event.go:43	PUBLISH	evt:type:InstanceChanged  deploy_id:"cloud.lzcapp.qemu" to 2
pkgm-1               | 2025-11-16T01:49:24.681004000Z 2025-11-16T09:49:24.680+0800	INFO	engine	engine/engine.go:161	try starting project "cloud.lzcapp.qemu" 
api-servers-1        | 2025-11-16T08:50:11.792291000Z 2025/11/16 16:50:11 device.go:66: new user session event, clearing end device cache...
api-servers-1        | 2025-11-16T08:50:12.688008000Z 2025/11/16 16:50:12 device.go:66: new user session event, clearing end device cache...
ingress-control-1    | 2025-11-16T03:30:36.104611000Z 2025-11-16T11:30:36.104+0800	INFO	usersession	usersession/grpc.go:160	login with new dynamic api url "https://0b-82d-615f-8c7e-6d5d-0.d.heiyu.space:4443" for uid:"error"  device_version:"v0.0.0-349-150-g408f391f"  virtual_ip:"fc03:1136:380b:82d:615f:8c7e:6d5d:0"  peer_id:"12D3KooWDyHs3pTgUJNubGSapTYcYseXDXgXqYikBvGaF9sgjKzA"  is_logined:true  is_trust_dev:true  remote_multi_addr:"/ip4/114.66.59.177/tcp/4001/p2p/12D3KooWGDaCjwJPAfeLGLKwUFtr7hxVt1FeqvZxdGpVWaDYpWAM/p2p-circuit"
ingress-control-1    | 2025-11-16T03:30:36.282090000Z 2025-11-16T11:30:36.281+0800	INFO	usersession	usersession/grpc.go:160	login with new dynamic api url "https://0b-82d-615f-8c7e-6d5d-0.d.heiyu.space:4443" for uid:"error"  device_version:"v0.0.0-349-150-g408f391f"  virtual_ip:"fc03:1136:380b:82d:615f:8c7e:6d5d:0"  peer_id:"12D3KooWDyHs3pTgUJNubGSapTYcYseXDXgXqYikBvGaF9sgjKzA"  is_logined:true  is_trust_dev:true  remote_multi_addr:"/ip4/114.66.59.177/tcp/4001/p2p/12D3KooWGDaCjwJPAfeLGLKwUFtr7hxVt1FeqvZxdGpVWaDYpWAM/p2p-circuit"
ingress-control-1    | 2025-11-16T03:30:36.442250000Z 2025-11-16T11:30:36.441+0800	INFO	usersession	usersession/grpc.go:57	updating auth token cba225ff-1f0f-4558-b66c-a54f0c187b98 by 12D3KooWDyHs3pTgUJNubGSapTYcYseXDXgXqYikBvGaF9sgjKzA
ingress-control-1    | 2025-11-16T03:30:38.701490000Z 2025-11-16T11:30:38.701+0800	WARN	lzcapp	lzcapp/misc.go:60	无法查询到 pkg_id:anpho.lzcapp.chromium uid:error 对应的域名
api-servers-1        | 2025-11-16T08:50:12.723194000Z 2025/11/16 16:50:12 device.go:66: new user session event, clearing end device cache...
api-servers-1        | 2025-11-16T08:50:24.132094000Z 2025/11/16 16:50:24 device.go:66: new user session event, clearing end device cache...
pkgm-1               | 2025-11-16T01:49:25.317735000Z 2025-11-16T09:49:25.317+0800	INFO	grpc	grpcServer/server.go:109	resuming instance cloud.lzcapp.qemu 
pkgm-1               | 2025-11-16T01:49:28.676059000Z 2025-11-16T09:49:28.675+0800	INFO	engine	engine/engine.go:190	project cloud.lzcapp.qemu is in ready, cost:4.037765388s
ingress-control-1    | 2025-11-16T03:30:40.972436000Z 2025-11-16T11:30:40.972+0800	WARN	lzcapp	lzcapp/misc.go:60	无法查询到 pkg_id:app.ikw.lzc.subway uid:error 对应的域名
ingress-control-1    | 2025-11-16T03:30:43.219648000Z 2025-11-16T11:30:43.219+0800	WARN	lzcapp	lzcapp/misc.go:60	无法查询到 pkg_id:chestnut.app.adguardhome uid:error 对应的域名
pkgm-1               | 2025-11-16T01:49:28.676312000Z 2025-11-16T09:49:28.676+0800	INFO	engine	engine/engine.go:164	project "cloud.lzcapp.qemu" acquired the start lock in 3.995101502s
api-servers-1        | 2025-11-16T08:50:24.282046000Z 2025/11/16 16:50:24 device.go:66: new user session event, clearing end device cache...
api-servers-1        | 2025-11-16T08:50:25.312962000Z 2025/11/16 16:50:25 device.go:66: new user session event, clearing end device cache...
pkgm-1               | 2025-11-16T01:49:28.708188000Z cloud.lzcapp.qemu: Container cloudlzcappqemu-app-1  Stopping
ingress-control-1    | 2025-11-16T03:30:45.476111000Z 2025-11-16T11:30:45.475+0800	WARN	lzcapp	lzcapp/misc.go:60	无法查询到 pkg_id:cloud.lazycat.aipod.catimg uid:error 对应的域名
ingress-control-1    | 2025-11-16T03:30:47.722369000Z 2025-11-16T11:30:47.722+0800	WARN	lzcapp	lzcapp/misc.go:60	无法查询到 pkg_id:cloud.lazycat.aipod.imagen uid:error 对应的域名
pkgm-1               | 2025-11-16T01:49:28.708332000Z  Container cloudlzcappqemu-qemu-1  Stopping
api-servers-1        | 2025-11-16T08:50:25.447797000Z 2025/11/16 16:50:25 device.go:66: new user session event, clearing end device cache...
ingress-control-1    | 2025-11-16T03:30:49.982824000Z 2025-11-16T11:30:49.982+0800	WARN	lzcapp	lzcapp/misc.go:60	无法查询到 pkg_id:cloud.lazycat.app.accent uid:error 对应的域名
pkgm-1               | 2025-11-16T01:49:30.409225000Z cloud.lzcapp.qemu: Container cloudlzcappqemu-app-1  Stopped
api-servers-1        | 2025-11-16T08:50:33.637272000Z 2025/11/16 16:50:33 device.go:66: new user session event, clearing end device cache...
ingress-control-1    | 2025-11-16T03:30:53.782249000Z 2025-11-16T11:30:53.782+0800	INFO	usersession	usersession/grpc.go:160	login with new dynamic api url "https://0b-82d-615f-8c7e-6d5d-0.d.heiyu.space:4443" for uid:"error"  device_version:"v0.0.0-349-150-g408f391f"  virtual_ip:"fc03:1136:380b:82d:615f:8c7e:6d5d:0"  peer_id:"12D3KooWDyHs3pTgUJNubGSapTYcYseXDXgXqYikBvGaF9sgjKzA"  is_logined:true  is_trust_dev:true  remote_multi_addr:"/ip6/240e:36d:326:9610:e929:1c13:9951:d82c/tcp/33598"
pkgm-1               | 2025-11-16T01:49:30.409575000Z  Container cloudlzcappqemu-app-1  Removing
ingress-control-1    | 2025-11-16T03:30:53.814118000Z 2025-11-16T11:30:53.813+0800	INFO	usersession	usersession/grpc.go:160	login with new dynamic api url "https://0b-82d-615f-8c7e-6d5d-0.d.heiyu.space:4443" for uid:"error"  device_version:"v0.0.0-349-150-g408f391f"  virtual_ip:"fc03:1136:380b:82d:615f:8c7e:6d5d:0"  peer_id:"12D3KooWDyHs3pTgUJNubGSapTYcYseXDXgXqYikBvGaF9sgjKzA"  is_logined:true  is_trust_dev:true  remote_multi_addr:"/ip6/240e:36d:326:9610:e929:1c13:9951:d82c/tcp/33598"
api-servers-1        | 2025-11-16T08:51:01.950429000Z 2025/11/16 16:51:01 device.go:66: new user session event, clearing end device cache...
ingress-control-1    | 2025-11-16T03:30:53.831954000Z 2025-11-16T11:30:53.831+0800	INFO	usersession	usersession/grpc.go:57	updating auth token cba225ff-1f0f-4558-b66c-a54f0c187b98 by 12D3KooWDyHs3pTgUJNubGSapTYcYseXDXgXqYikBvGaF9sgjKzA
pkgm-1               | 2025-11-16T01:49:30.627537000Z cloud.lzcapp.qemu: Container cloudlzcappqemu-app-1  Removed
api-servers-1        | 2025-11-16T08:51:02.015632000Z 2025/11/16 16:51:02 device.go:66: new user session event, clearing end device cache...
ingress-control-1    | 2025-11-16T03:30:54.556214000Z 2025-11-16T11:30:54.556+0800	WARN	lzcapp	lzcapp/misc.go:60	无法查询到 pkg_id:cloud.lazycat.app.jirafeau uid:error 对应的域名
pkgm-1               | 2025-11-16T01:49:33.003180000Z cloud.lzcapp.qemu: Container cloudlzcappqemu-qemu-1  Stopped
api-servers-1        | 2025-11-16T09:03:41.466755000Z 2025/11/16 17:03:41 device.go:66: new user session event, clearing end device cache...
ingress-control-1    | 2025-11-16T03:30:59.148239000Z 2025-11-16T11:30:59.148+0800	WARN	lzcapp	lzcapp/misc.go:60	无法查询到 pkg_id:cloud.lazycat.app.morphotv uid:error 对应的域名
ingress-control-1    | 2025-11-16T03:31:01.200279000Z 2025-11-16T11:31:01.200+0800	WARN	lzcapp	lzcapp/misc.go:60	无法查询到 pkg_id:cloud.lazycat.app.navidromeng uid:error 对应的域名
api-servers-1        | 2025-11-16T09:03:41.615447000Z 2025/11/16 17:03:41 device.go:66: new user session event, clearing end device cache...
pkgm-1               | 2025-11-16T01:49:33.003649000Z  Container cloudlzcappqemu-qemu-1  Removing
pkgm-1               | 2025-11-16T01:49:33.239496000Z cloud.lzcapp.qemu: Container cloudlzcappqemu-qemu-1  Removed
ingress-control-1    | 2025-11-16T03:31:03.251564000Z 2025-11-16T11:31:03.251+0800	WARN	lzcapp	lzcapp/misc.go:60	无法查询到 pkg_id:cloud.lazycat.app.ocr uid:error 对应的域名
api-servers-1        | 2025-11-16T09:03:56.379999000Z 2025/11/16 17:03:56 device.go:66: new user session event, clearing end device cache...
ingress-control-1    | 2025-11-16T03:31:05.282839000Z 2025-11-16T11:31:05.282+0800	WARN	lzcapp	lzcapp/misc.go:60	无法查询到 pkg_id:cloud.lazycat.app.pvzge uid:error 对应的域名
pkgm-1               | 2025-11-16T01:49:33.240508000Z cloud.lzcapp.qemu: Network cloudlzcappqemu_default  Removing
pkgm-1               | 2025-11-16T01:49:34.327041000Z cloud.lzcapp.qemu: Network cloudlzcappqemu_default  Removed
ingress-control-1    | 2025-11-16T03:31:07.338713000Z 2025-11-16T11:31:07.338+0800	WARN	lzcapp	lzcapp/misc.go:60	无法查询到 pkg_id:cloud.lazycat.app.re uid:error 对应的域名
api-servers-1        | 2025-11-16T09:03:58.535987000Z 2025/11/16 17:03:58 device.go:66: new user session event, clearing end device cache...
pkgm-1               | 2025-11-16T01:49:38.373949000Z 2025-11-16T09:49:38.373+0800	INFO	engine	engine/engine.go:190	project cloud.lzcapp.qemu is in ready, cost:9.697757237s
api-servers-1        | 2025-11-16T09:04:31.594851000Z domain added: lan.cloud.lazycat.app.forward.lzcapp -> v4:172.18.0.1 v6:
api-servers-1        | 2025-11-16T09:04:32.213873000Z domain added: app.cloud.lazycat.app.forward.lzcapp -> v4:172.28.4.194 v6:fd03:1136:3800::4c2
ingress-control-1    | 2025-11-16T03:31:09.380947000Z 2025-11-16T11:31:09.380+0800	WARN	lzcapp	lzcapp/misc.go:60	无法查询到 pkg_id:cloud.lazycat.app.vuetorrent uid:error 对应的域名
ingress-control-1    | 2025-11-16T03:31:11.444031000Z 2025-11-16T11:31:11.443+0800	WARN	lzcapp	lzcapp/misc.go:60	无法查询到 pkg_id:czyt.app.claper uid:error 对应的域名
ingress-control-1    | 2025-11-16T03:31:13.517641000Z 2025-11-16T11:31:13.517+0800	WARN	lzcapp	lzcapp/misc.go:60	无法查询到 pkg_id:in.zhaoj.baidunas uid:error 对应的域名
ingress-control-1    | 2025-11-16T03:31:15.570828000Z 2025-11-16T11:31:15.570+0800	WARN	lzcapp	lzcapp/misc.go:60	无法查询到 pkg_id:ltp.cloud.com uid:error 对应的域名
pkgm-1               | 2025-11-16T01:49:38.374536000Z 2025-11-16T09:49:38.374+0800	INFO	core	core/event.go:43	PUBLISH	evt:type:InstanceChanged  deploy_id:"cloud.lzcapp.qemu" to 2
ingress-control-1    | 2025-11-16T03:31:17.632752000Z 2025-11-16T11:31:17.632+0800	WARN	lzcapp	lzcapp/misc.go:60	无法查询到 pkg_id:lzcapp.cloud.app.reids uid:error 对应的域名
api-servers-1        | 2025-11-16T09:04:56.384862000Z 2025/11/16 17:04:56 device.go:66: new user session event, clearing end device cache...
api-servers-1        | 2025-11-16T09:05:09.426785000Z 2025/11/16 17:05:09 device.go:66: new user session event, clearing end device cache...
ingress-control-1    | 2025-11-16T03:31:19.696497000Z 2025-11-16T11:31:19.696+0800	WARN	lzcapp	lzcapp/misc.go:60	无法查询到 pkg_id:wcloud.gblw.app.payqrcode uid:error 对应的域名
pkgm-1               | 2025-11-16T01:49:38.743368000Z 2025-11-16T09:49:38.743+0800	INFO	core	core/event.go:43	PUBLISH	evt:type:InstanceChanged  deploy_id:"cloud.lzcapp.qemu" to 2
ingress-control-1    | 2025-11-16T03:31:21.741666000Z 2025-11-16T11:31:21.741+0800	WARN	lzcapp	lzcapp/misc.go:60	无法查询到 pkg_id:xduyzy.lzcapp.netron uid:error 对应的域名
pkgm-1               | 2025-11-16T01:49:43.412743000Z 2025-11-16T09:49:43.412+0800	INFO	core	core/event.go:43	PUBLISH	evt:type:InstanceChanged  deploy_id:"cloud.lzcapp.qemu" to 2
api-servers-1        | 2025-11-16T09:05:11.944617000Z 2025/11/16 17:05:11 device.go:66: new user session event, clearing end device cache...
ingress-control-1    | 2025-11-16T03:31:23.784465000Z 2025-11-16T11:31:23.784+0800	WARN	lzcapp	lzcapp/misc.go:60	无法查询到 pkg_id:xu.infinilabs.console uid:error 对应的域名
api-servers-1        | 2025-11-16T09:05:12.060697000Z 2025/11/16 17:05:12 device.go:66: new user session event, clearing end device cache...
pkgm-1               | 2025-11-16T01:49:43.413075000Z 2025-11-16T09:49:43.412+0800	INFO	core	core/event.go:43	PUBLISH	evt:type:InstanceChanged  deploy_id:"cloud.lzcapp.qemu" to 2
ingress-control-1    | 2025-11-16T03:31:25.838709000Z 2025-11-16T11:31:25.838+0800	WARN	lzcapp	lzcapp/misc.go:60	无法查询到 pkg_id:xyz.mxue.easyvoice uid:error 对应的域名
pkgm-1               | 2025-11-16T01:49:43.776132000Z 2025-11-16T09:49:43.775+0800	INFO	core	core/event.go:43	PUBLISH	evt:type:InstanceChanged  deploy_id:"cloud.lzcapp.qemu" to 2
api-servers-1        | 2025-11-16T09:05:30.557665000Z 2025/11/16 17:05:30 device.go:66: new user session event, clearing end device cache...
ingress-control-1    | 2025-11-16T03:35:11.756560000Z 2025-11-16T11:35:11.756+0800	INFO	usersession	usersession/grpc.go:160	login with new dynamic api url "https://0b-82d-615f-8c7e-6d5d-0.d.heiyu.space:4443" for uid:"error"  device_version:"v0.0.0-349-150-g408f391f"  virtual_ip:"fc03:1136:380b:82d:615f:8c7e:6d5d:0"  peer_id:"12D3KooWDyHs3pTgUJNubGSapTYcYseXDXgXqYikBvGaF9sgjKzA"  is_logined:true  is_trust_dev:true  remote_multi_addr:"/ip4/192.168.101.228/tcp/51220"
pkgm-1               | 2025-11-16T01:55:12.475011000Z 2025-11-16T09:55:12.474+0800	INFO	pkgm-ss	ss/download.go:40	Installing "http://app.cloud.lazycat.developer.tools.lzcapp:39597"(appid:"") by "axy"...
ingress-control-1    | 2025-11-16T03:35:11.782232000Z 2025-11-16T11:35:11.782+0800	INFO	usersession	usersession/grpc.go:160	login with new dynamic api url "https://0b-82d-615f-8c7e-6d5d-0.d.heiyu.space:4443" for uid:"error"  device_version:"v0.0.0-349-150-g408f391f"  virtual_ip:"fc03:1136:380b:82d:615f:8c7e:6d5d:0"  peer_id:"12D3KooWDyHs3pTgUJNubGSapTYcYseXDXgXqYikBvGaF9sgjKzA"  is_logined:true  is_trust_dev:true  remote_multi_addr:"/ip4/192.168.101.228/tcp/51220"
api-servers-1        | 2025-11-16T09:05:32.258600000Z 2025/11/16 17:05:32 device.go:66: new user session event, clearing end device cache...
pkgm-1               | 2025-11-16T01:55:12.475535000Z 2025-11-16T09:55:12.474+0800	INFO	pkgm-ss	ss/download.go:272	begin downloading task_id:"0ac44b8d-21da-4698-9f87-68ad0182a1d6"  status:CREATING  create_at:{seconds:1763258112  nanos:474793521}  download_url:"http://app.cloud.lazycat.developer.tools.lzcapp:39597" to /lzcsys/var/runtime/lpk-cache/0ac44b8d-21da-4698-9f87-68ad0182a1d6
ingress-control-1    | 2025-11-16T03:35:11.797115000Z 2025-11-16T11:35:11.797+0800	INFO	usersession	usersession/grpc.go:57	updating auth token cba225ff-1f0f-4558-b66c-a54f0c187b98 by 12D3KooWDyHs3pTgUJNubGSapTYcYseXDXgXqYikBvGaF9sgjKzA
ingress-control-1    | 2025-11-16T03:35:33.731844000Z 2025/11/16 11:35:33 http: TLS handshake error from [fc03:1136:387f:7a80:c8cc:58be:371d:0]:49216: EOF
pkgm-1               | 2025-11-16T01:55:12.476377000Z 2025-11-16T09:55:12.476+0800	INFO	pkgm-ss	ss/download.go:310	begin installing task_id:"0ac44b8d-21da-4698-9f87-68ad0182a1d6"  status:CREATING  create_at:{seconds:1763258112  nanos:474793521}  download_url:"http://app.cloud.lazycat.developer.tools.lzcapp:39597"  downloaded_size:9262
api-servers-1        | 2025-11-16T09:05:32.283395000Z 2025/11/16 17:05:32 device.go:66: new user session event, clearing end device cache...
api-servers-1        | 2025-11-16T09:13:49.985207000Z domain deleted: registry-proxy.cloud.lazycat.developer.tools.lzcapp
ingress-control-1    | 2025-11-16T03:35:33.732008000Z 2025/11/16 11:35:33 http: TLS handshake error from [fc03:1136:387f:7a80:c8cc:58be:371d:0]:49230: EOF
pkgm-1               | 2025-11-16T01:55:12.476494000Z 2025-11-16T09:55:12.476+0800	INFO	core	core/manager.go:284	try installing  /lzcsys/var/runtime/lpk-cache/0ac44b8d-21da-4698-9f87-68ad0182a1d6, size:9262 deploy_uid:axy
pkgm-1               | 2025-11-16T01:55:12.480825000Z 2025-11-16T09:55:12.480+0800	INFO	core	core/manager.go:238	install/extract cloud.lzcapp.qemu done. cost: 4.245597ms
api-servers-1        | 2025-11-16T09:13:51.184564000Z domain deleted: dozzle.cloud.lazycat.developer.tools.lzcapp
ingress-control-1    | 2025-11-16T03:35:35.772312000Z 2025-11-16T11:35:35.772+0800	INFO	usersession	usersession/grpc.go:160	login with new dynamic api url "https://0b-82d-615f-8c7e-6d5d-0.d.heiyu.space:4443" for uid:"error"  device_version:"v0.0.0-349-150-g408f391f"  virtual_ip:"fc03:1136:380b:82d:615f:8c7e:6d5d:0"  peer_id:"12D3KooWDyHs3pTgUJNubGSapTYcYseXDXgXqYikBvGaF9sgjKzA"  is_logined:true  is_trust_dev:true  remote_multi_addr:"/ip4/192.168.110.227/tcp/43036"
ingress-control-1    | 2025-11-16T03:35:35.794531000Z 2025-11-16T11:35:35.794+0800	INFO	usersession	usersession/grpc.go:160	login with new dynamic api url "https://0b-82d-615f-8c7e-6d5d-0.d.heiyu.space:4443" for uid:"error"  device_version:"v0.0.0-349-150-g408f391f"  virtual_ip:"fc03:1136:380b:82d:615f:8c7e:6d5d:0"  peer_id:"12D3KooWDyHs3pTgUJNubGSapTYcYseXDXgXqYikBvGaF9sgjKzA"  is_logined:true  is_trust_dev:true  remote_multi_addr:"/ip4/192.168.110.227/tcp/43036"
ingress-control-1    | 2025-11-16T03:35:35.806700000Z 2025-11-16T11:35:35.806+0800	INFO	usersession	usersession/grpc.go:57	updating auth token cba225ff-1f0f-4558-b66c-a54f0c187b98 by 12D3KooWDyHs3pTgUJNubGSapTYcYseXDXgXqYikBvGaF9sgjKzA
ingress-control-1    | 2025-11-16T04:09:42.977597000Z 2025-11-16T12:09:42.977+0800	INFO	usersession	usersession/grpc.go:160	login with new dynamic api url "https://cf-2b6d-e263-b22a-20e4-0.d.heiyu.space:4443" for uid:"axy"  device_version:"v0.0.0-349-99-g27619805"  virtual_ip:"fc03:1136:38cf:2b6d:e263:b22a:20e4:0"  peer_id:"12D3KooWRkJueQxLXiFSLeBXimF1ZSfk7ezjmnXZ7iPn9ypbUYkY"  is_logined:true  is_trust_dev:true  remote_multi_addr:"/ip6/240e:36d:326:96b0:2c92:c822:3cf:25c3/tcp/53606"
api-servers-1        | 2025-11-16T09:13:51.254066000Z domain deleted: app.cloud.lazycat.developer.tools.lzcapp
api-servers-1        | 2025-11-16T09:13:53.152676000Z domain deleted: registry.cloud.lazycat.developer.tools.lzcapp
pkgm-1               | 2025-11-16T01:55:12.513741000Z 2025-11-16T09:55:12.513+0800	INFO	core	core/manager.go:246	install/prepare cloud.lzcapp.qemu done. cost:32.946787ms
pkgm-1               | 2025-11-16T01:55:12.514274000Z 2025-11-16T09:55:12.514+0800	WARN	core	core/manager.go:260	uninstall old version package before really sync to pkgm/apps cloud.lzcapp.qemu
pkgm-1               | 2025-11-16T01:55:12.514328000Z 2025-11-16T09:55:12.514+0800	INFO	core	core/manager.go:384	begin uninstalling pkg: cloud.lzcapp.qemu
ingress-control-1    | 2025-11-16T04:09:42.985914000Z 2025-11-16T12:09:42.985+0800	INFO	usersession	usersession/grpc.go:160	login with new dynamic api url "https://cf-2b6d-e263-b22a-20e4-0.d.heiyu.space:4443" for uid:"axy"  device_version:"v0.0.0-349-99-g27619805"  virtual_ip:"fc03:1136:38cf:2b6d:e263:b22a:20e4:0"  peer_id:"12D3KooWRkJueQxLXiFSLeBXimF1ZSfk7ezjmnXZ7iPn9ypbUYkY"  is_logined:true  is_trust_dev:true  remote_multi_addr:"/ip6/240e:36d:326:96b0:2c92:c822:3cf:25c3/tcp/53606"
ingress-control-1    | 2025-11-16T04:09:42.991341000Z 2025-11-16T12:09:42.991+0800	INFO	usersession	usersession/grpc.go:57	updating auth token 74a5c6a4-e8aa-4295-81c2-31790c45cd8d by 12D3KooWRkJueQxLXiFSLeBXimF1ZSfk7ezjmnXZ7iPn9ypbUYkY
ingress-control-1    | 2025-11-16T04:12:37.105681000Z 2025-11-16T12:12:37.105+0800	INFO	lzcapp	lzcapp/l4_forwarder.go:81	TF ADD: (fc03:1136:387f:7a80:c8cc:58be:371d:406)->axy.%s.com.lxy.app.clash.lzcapp:%d with 1 rules
api-servers-1        | 2025-11-16T09:14:22.980330000Z domain added: dozzle.cloud.lazycat.developer.tools.lzcapp -> v4:172.28.2.194 v6:fd03:1136:3800::2c2
pkgm-1               | 2025-11-16T01:55:12.514444000Z 2025-11-16T09:55:12.514+0800	INFO	core	core/event.go:43	PUBLISH	evt:type:InstanceChanged  deploy_id:"cloud.lzcapp.qemu" to 2
api-servers-1        | 2025-11-16T09:14:24.022203000Z domain added: registry.cloud.lazycat.developer.tools.lzcapp -> v4:172.28.2.195 v6:fd03:1136:3800::2c3
api-servers-1        | 2025-11-16T09:14:24.389165000Z domain added: app.cloud.lazycat.developer.tools.lzcapp -> v4:172.28.2.196 v6:fd03:1136:3800::2c4
ingress-control-1    | 2025-11-16T04:15:36.110508000Z 2025-11-16T12:15:36.110+0800	INFO	usersession	usersession/grpc.go:160	login with new dynamic api url "https://a5-5f5f-1cd6-73bd-8922-0.d.heiyu.space:4443" for uid:"axy"  device_version:"v0.0.0-349-150-g65078878"  virtual_ip:"fc03:1136:38a5:5f5f:1cd6:73bd:8922:0"  peer_id:"12D3KooWArYUgwHJwgDwugWCf32Szrx4UxsaibfUSD5UgRJ4t1h5"  is_logined:true  is_trust_dev:true  remote_multi_addr:"/ip6/240e:36d:326:96d0:c0c7:b3d0:870e:21a9/tcp/50786"
pkgm-1               | 2025-11-16T01:55:12.514563000Z 2025-11-16T09:55:12.514+0800	INFO	engine	engine/engine.go:151	stopping project "cloud.lzcapp.qemu" /lzcsys/data/system/pkgm/run/cloud.lzcapp.qemu
ingress-control-1    | 2025-11-16T04:15:36.132463000Z 2025-11-16T12:15:36.132+0800	INFO	usersession	usersession/grpc.go:160	login with new dynamic api url "https://a5-5f5f-1cd6-73bd-8922-0.d.heiyu.space:4443" for uid:"axy"  device_version:"v0.0.0-349-150-g65078878"  virtual_ip:"fc03:1136:38a5:5f5f:1cd6:73bd:8922:0"  peer_id:"12D3KooWArYUgwHJwgDwugWCf32Szrx4UxsaibfUSD5UgRJ4t1h5"  is_logined:true  is_trust_dev:true  remote_multi_addr:"/ip6/240e:36d:326:96d0:c0c7:b3d0:870e:21a9/tcp/50786"
api-servers-1        | 2025-11-16T09:14:26.779694000Z domain added: registry-proxy.cloud.lazycat.developer.tools.lzcapp -> v4:172.18.0.1 v6:
pkgm-1               | 2025-11-16T01:55:12.561263000Z cloud.lzcapp.qemu: Container cloudlzcappqemu-qemu-1  Stopping
ingress-control-1    | 2025-11-16T04:15:36.140159000Z 2025-11-16T12:15:36.140+0800	INFO	usersession	usersession/grpc.go:57	updating auth token 9eed6504-dd5d-4950-90c6-ac494f8d109f by 12D3KooWArYUgwHJwgDwugWCf32Szrx4UxsaibfUSD5UgRJ4t1h5
pkgm-1               | 2025-11-16T01:55:12.561484000Z  Container cloudlzcappqemu-app-1  Stopping
api-servers-1        | 2025-11-16T09:22:30.101489000Z 2025/11/16 17:22:30 device.go:66: new user session event, clearing end device cache...
api-servers-1        | 2025-11-16T09:22:30.217716000Z 2025/11/16 17:22:30 device.go:66: new user session event, clearing end device cache...
ingress-control-1    | 2025-11-16T04:32:04.133156000Z 2025-11-16T12:32:04.132+0800	INFO	usersession	usersession/grpc.go:160	login with new dynamic api url "https://0b-82d-615f-8c7e-6d5d-0.d.heiyu.space:4443" for uid:"error"  device_version:"v0.0.0-349-150-g408f391f"  virtual_ip:"fc03:1136:380b:82d:615f:8c7e:6d5d:0"  peer_id:"12D3KooWDyHs3pTgUJNubGSapTYcYseXDXgXqYikBvGaF9sgjKzA"  is_logined:true  is_trust_dev:true  remote_multi_addr:"/ip6/240e:36d:326:9610:3fb2:e740:fa95:22cd/tcp/37580"
pkgm-1               | 2025-11-16T01:55:13.127366000Z 2025-11-16T09:55:13.127+0800	INFO	grpc	grpcServer/server.go:109	resuming instance cloud.lzcapp.qemu 
ingress-control-1    | 2025-11-16T04:32:04.164697000Z 2025-11-16T12:32:04.164+0800	INFO	usersession	usersession/grpc.go:160	login with new dynamic api url "https://0b-82d-615f-8c7e-6d5d-0.d.heiyu.space:4443" for uid:"error"  device_version:"v0.0.0-349-150-g408f391f"  virtual_ip:"fc03:1136:380b:82d:615f:8c7e:6d5d:0"  peer_id:"12D3KooWDyHs3pTgUJNubGSapTYcYseXDXgXqYikBvGaF9sgjKzA"  is_logined:true  is_trust_dev:true  remote_multi_addr:"/ip6/240e:36d:326:9610:3fb2:e740:fa95:22cd/tcp/37580"
api-servers-1        | 2025-11-16T09:23:08.625908000Z 2025/11/16 17:23:08 device.go:66: new user session event, clearing end device cache...
pkgm-1               | 2025-11-16T01:55:14.302726000Z 2025-11-16T09:55:14.302+0800	INFO	grpc	grpcServer/server.go:109	resuming instance cloud.lzcapp.qemu 
ingress-control-1    | 2025-11-16T04:32:04.175006000Z 2025-11-16T12:32:04.174+0800	INFO	usersession	usersession/grpc.go:57	updating auth token cba225ff-1f0f-4558-b66c-a54f0c187b98 by 12D3KooWDyHs3pTgUJNubGSapTYcYseXDXgXqYikBvGaF9sgjKzA
api-servers-1        | 2025-11-16T09:40:11.077866000Z 2025/11/16 17:40:11 device.go:66: new user session event, clearing end device cache...
pkgm-1               | 2025-11-16T01:55:14.316388000Z 2025-11-16T09:55:14.316+0800	INFO	grpc	grpcServer/server.go:109	resuming instance cloud.lzcapp.qemu 
ingress-control-1    | 2025-11-16T04:33:32.710887000Z 2025-11-16T12:33:32.710+0800	INFO	usersession	usersession/grpc.go:160	login with new dynamic api url "https://0b-82d-615f-8c7e-6d5d-0.d.heiyu.space:4443" for uid:"error"  device_version:"v0.0.0-349-150-g408f391f"  virtual_ip:"fc03:1136:380b:82d:615f:8c7e:6d5d:0"  peer_id:"12D3KooWDyHs3pTgUJNubGSapTYcYseXDXgXqYikBvGaF9sgjKzA"  is_logined:true  is_trust_dev:true  remote_multi_addr:"/ip4/114.66.59.177/tcp/4001/p2p/12D3KooWGDaCjwJPAfeLGLKwUFtr7hxVt1FeqvZxdGpVWaDYpWAM/p2p-circuit"
pkgm-1               | 2025-11-16T01:55:14.669603000Z cloud.lzcapp.qemu: Container cloudlzcappqemu-qemu-1  Stopped
pkgm-1               | 2025-11-16T01:55:14.669850000Z  Container cloudlzcappqemu-qemu-1  Removing
ingress-control-1    | 2025-11-16T04:33:32.942952000Z 2025-11-16T12:33:32.942+0800	INFO	usersession	usersession/grpc.go:160	login with new dynamic api url "https://0b-82d-615f-8c7e-6d5d-0.d.heiyu.space:4443" for uid:"error"  device_version:"v0.0.0-349-150-g408f391f"  virtual_ip:"fc03:1136:380b:82d:615f:8c7e:6d5d:0"  peer_id:"12D3KooWDyHs3pTgUJNubGSapTYcYseXDXgXqYikBvGaF9sgjKzA"  is_logined:true  is_trust_dev:true  remote_multi_addr:"/ip4/114.66.59.177/tcp/4001/p2p/12D3KooWGDaCjwJPAfeLGLKwUFtr7hxVt1FeqvZxdGpVWaDYpWAM/p2p-circuit"
ingress-control-1    | 2025-11-16T04:33:33.111571000Z 2025-11-16T12:33:33.111+0800	INFO	usersession	usersession/grpc.go:57	updating auth token cba225ff-1f0f-4558-b66c-a54f0c187b98 by 12D3KooWDyHs3pTgUJNubGSapTYcYseXDXgXqYikBvGaF9sgjKzA
api-servers-1        | 2025-11-16T09:40:11.206581000Z 2025/11/16 17:40:11 device.go:66: new user session event, clearing end device cache...
api-servers-1        | 2025-11-16T09:40:49.505788000Z 2025/11/16 17:40:49 device.go:66: new user session event, clearing end device cache...
api-servers-1        | 2025-11-16T09:41:54.497613000Z 2025/11/16 17:41:54 device.go:66: new user session event, clearing end device cache...
api-servers-1        | 2025-11-16T09:41:54.627241000Z 2025/11/16 17:41:54 device.go:66: new user session event, clearing end device cache...
ingress-control-1    | 2025-11-16T04:33:35.330675000Z 2025-11-16T12:33:35.330+0800	WARN	lzcapp	lzcapp/misc.go:60	无法查询到 pkg_id:anpho.lzcapp.chromium uid:error 对应的域名
ingress-control-1    | 2025-11-16T04:33:37.542641000Z 2025-11-16T12:33:37.542+0800	WARN	lzcapp	lzcapp/misc.go:60	无法查询到 pkg_id:app.ikw.lzc.subway uid:error 对应的域名
ingress-control-1    | 2025-11-16T04:33:39.741395000Z 2025-11-16T12:33:39.741+0800	WARN	lzcapp	lzcapp/misc.go:60	无法查询到 pkg_id:chestnut.app.adguardhome uid:error 对应的域名
pkgm-1               | 2025-11-16T01:55:14.703240000Z 2025-11-16T09:55:14.703+0800	INFO	grpc	grpcServer/server.go:109	resuming instance cloud.lzcapp.qemu 
pkgm-1               | 2025-11-16T01:55:15.084170000Z cloud.lzcapp.qemu: Container cloudlzcappqemu-app-1  Stopped
pkgm-1               | 2025-11-16T01:55:15.084429000Z  Container cloudlzcappqemu-app-1  Removing
pkgm-1               | 2025-11-16T01:55:15.120810000Z cloud.lzcapp.qemu: Container cloudlzcappqemu-qemu-1  Removed
pkgm-1               | 2025-11-16T01:55:15.346944000Z cloud.lzcapp.qemu: Container cloudlzcappqemu-app-1  Removed
ingress-control-1    | 2025-11-16T04:33:41.958514000Z 2025-11-16T12:33:41.958+0800	WARN	lzcapp	lzcapp/misc.go:60	无法查询到 pkg_id:cloud.lazycat.aipod.catimg uid:error 对应的域名
api-servers-1        | 2025-11-16T09:42:59.965151000Z 2025/11/16 17:42:59 device.go:66: new user session event, clearing end device cache...
api-servers-1        | 2025-11-16T09:46:26.812755000Z 2025/11/16 17:46:26 device.go:66: new user session event, clearing end device cache...
api-servers-1        | 2025-11-16T09:46:26.925596000Z 2025/11/16 17:46:26 device.go:66: new user session event, clearing end device cache...
api-servers-1        | 2025-11-16T09:47:35.337860000Z 2025/11/16 17:47:35 device.go:66: new user session event, clearing end device cache...
ingress-control-1    | 2025-11-16T04:33:44.176198000Z 2025-11-16T12:33:44.175+0800	WARN	lzcapp	lzcapp/misc.go:60	无法查询到 pkg_id:cloud.lazycat.aipod.imagen uid:error 对应的域名
ingress-control-1    | 2025-11-16T04:33:46.443615000Z 2025-11-16T12:33:46.443+0800	WARN	lzcapp	lzcapp/misc.go:60	无法查询到 pkg_id:cloud.lazycat.app.accent uid:error 对应的域名
ingress-control-1    | 2025-11-16T04:33:48.738795000Z 2025-11-16T12:33:48.738+0800	WARN	lzcapp	lzcapp/misc.go:60	无法查询到 pkg_id:cloud.lazycat.app.duplicati1 uid:error 对应的域名
ingress-control-1    | 2025-11-16T04:33:50.954846000Z 2025-11-16T12:33:50.954+0800	WARN	lzcapp	lzcapp/misc.go:60	无法查询到 pkg_id:cloud.lazycat.app.jirafeau uid:error 对应的域名
ingress-control-1    | 2025-11-16T04:33:53.203731000Z 2025-11-16T12:33:53.203+0800	WARN	lzcapp	lzcapp/misc.go:60	无法查询到 pkg_id:cloud.lazycat.app.libretv uid:error 对应的域名
pkgm-1               | 2025-11-16T01:55:15.348497000Z cloud.lzcapp.qemu: Network cloudlzcappqemu_default  Removing
ingress-control-1    | 2025-11-16T04:33:55.422839000Z 2025-11-16T12:33:55.422+0800	WARN	lzcapp	lzcapp/misc.go:60	无法查询到 pkg_id:cloud.lazycat.app.morphotv uid:error 对应的域名
pkgm-1               | 2025-11-16T01:55:16.581957000Z cloud.lzcapp.qemu: Network cloudlzcappqemu_default  Removed
api-servers-1        | 2025-11-16T09:47:50.360631000Z 2025/11/16 17:47:50 device.go:66: new user session event, clearing end device cache...
api-servers-1        | 2025-11-16T09:47:50.478869000Z 2025/11/16 17:47:50 device.go:66: new user session event, clearing end device cache...
pkgm-1               | 2025-11-16T01:55:16.610821000Z 2025-11-16T09:55:16.610+0800	WARN	core	core/instance.go:141	ignore setting cloud.lzcapp.qemu status to PAUSED after stopped
ingress-control-1    | 2025-11-16T04:33:57.643545000Z 2025-11-16T12:33:57.643+0800	WARN	lzcapp	lzcapp/misc.go:60	无法查询到 pkg_id:cloud.lazycat.app.navidromeng uid:error 对应的域名
pkgm-1               | 2025-11-16T01:55:16.611030000Z 2025-11-16T09:55:16.610+0800	INFO	core	core/event.go:43	PUBLISH	evt:type:InstanceChanged  deploy_id:"cloud.lzcapp.qemu" to 2
api-servers-1        | 2025-11-16T09:48:28.832011000Z 2025/11/16 17:48:28 device.go:66: new user session event, clearing end device cache...
ingress-control-1    | 2025-11-16T04:33:59.781961000Z 2025-11-16T12:33:59.781+0800	INFO	usersession	usersession/grpc.go:160	login with new dynamic api url "https://0b-82d-615f-8c7e-6d5d-0.d.heiyu.space:4443" for uid:"error"  device_version:"v0.0.0-349-150-g408f391f"  virtual_ip:"fc03:1136:380b:82d:615f:8c7e:6d5d:0"  peer_id:"12D3KooWDyHs3pTgUJNubGSapTYcYseXDXgXqYikBvGaF9sgjKzA"  is_logined:true  is_trust_dev:true  remote_multi_addr:"/ip6/240e:45d:ce00:520e:44f0:97ff:feaf:5311/tcp/43649"
ingress-control-1    | 2025-11-16T04:33:59.868197000Z 2025-11-16T12:33:59.868+0800	INFO	usersession	usersession/grpc.go:160	login with new dynamic api url "https://0b-82d-615f-8c7e-6d5d-0.d.heiyu.space:4443" for uid:"error"  device_version:"v0.0.0-349-150-g408f391f"  virtual_ip:"fc03:1136:380b:82d:615f:8c7e:6d5d:0"  peer_id:"12D3KooWDyHs3pTgUJNubGSapTYcYseXDXgXqYikBvGaF9sgjKzA"  is_logined:true  is_trust_dev:true  remote_multi_addr:"/ip6/240e:45d:ce00:520e:44f0:97ff:feaf:5311/tcp/43649"
api-servers-1        | 2025-11-16T09:49:02.435424000Z 2025/11/16 17:49:02 device.go:66: new user session event, clearing end device cache...
pkgm-1               | 2025-11-16T01:55:16.611894000Z 2025-11-16T09:55:16.611+0800	INFO	core	core/event.go:43	PUBLISH	evt:type:InstanceChanged  deploy_id:"cloud.lzcapp.qemu" to 2
ingress-control-1    | 2025-11-16T04:33:59.925908000Z 2025-11-16T12:33:59.925+0800	INFO	usersession	usersession/grpc.go:57	updating auth token cba225ff-1f0f-4558-b66c-a54f0c187b98 by 12D3KooWDyHs3pTgUJNubGSapTYcYseXDXgXqYikBvGaF9sgjKzA
pkgm-1               | 2025-11-16T01:55:16.614469000Z 2025-11-16T09:55:16.614+0800	INFO	core	core/event.go:43	PUBLISH	evt:type:InstanceChanged  deploy_id:"cloud.lzcapp.qemu" to 2
api-servers-1        | 2025-11-16T09:49:02.557361000Z 2025/11/16 17:49:02 device.go:66: new user session event, clearing end device cache...
ingress-control-1    | 2025-11-16T04:34:00.740592000Z 2025-11-16T12:34:00.740+0800	WARN	lzcapp	lzcapp/misc.go:60	无法查询到 pkg_id:cloud.lazycat.app.ocr uid:error 对应的域名
pkgm-1               | 2025-11-16T01:55:16.618589000Z 2025-11-16T09:55:16.618+0800	INFO	core	core/event.go:43	PUBLISH	evt:type:InstanceChanged  deploy_id:"cloud.lzcapp.qemu" to 2
api-servers-1        | 2025-11-16T09:50:40.902351000Z 2025/11/16 17:50:40 device.go:66: new user session event, clearing end device cache...
ingress-control-1    | 2025-11-16T04:34:02.086760000Z 2025-11-16T12:34:02.086+0800	WARN	lzcapp	lzcapp/misc.go:60	无法查询到 pkg_id:anpho.lzcapp.chromium uid:error 对应的域名
pkgm-1               | 2025-11-16T01:55:16.618897000Z 2025-11-16T09:55:16.618+0800	INFO	core	core/event.go:43	PUBLISH	evt:type:PkgUninstalled  pkg_id:"cloud.lzcapp.qemu" to 2
api-servers-1        | 2025-11-16T10:16:00.381888000Z 2025/11/16 18:16:00 device.go:66: new user session event, clearing end device cache...
ingress-control-1    | 2025-11-16T04:34:02.298311000Z 2025-11-16T12:34:02.298+0800	WARN	lzcapp	lzcapp/misc.go:60	无法查询到 pkg_id:cloud.lazycat.app.pvzge uid:error 对应的域名
ingress-control-1    | 2025-11-16T04:34:04.233464000Z 2025-11-16T12:34:04.233+0800	WARN	lzcapp	lzcapp/misc.go:60	无法查询到 pkg_id:app.ikw.lzc.subway uid:error 对应的域名
api-servers-1        | 2025-11-16T10:16:00.487233000Z 2025/11/16 18:16:00 device.go:66: new user session event, clearing end device cache...
pkgm-1               | 2025-11-16T01:55:16.618968000Z 2025-11-16T09:55:16.618+0800	INFO	core	core/manager.go:401	uninstall pkg: cloud.lzcapp.qemu is done, cost:4.104593733s
ingress-control-1    | 2025-11-16T04:34:04.455926000Z 2025-11-16T12:34:04.455+0800	WARN	lzcapp	lzcapp/misc.go:60	无法查询到 pkg_id:cloud.lazycat.app.re uid:error 对应的域名
pkgm-1               | 2025-11-16T01:55:16.619004000Z 2025-11-16T09:55:16.618+0800	INFO	core	core/storage.go:173	begin sync to pkgm/apps  cloud.lzcapp.qemu
api-servers-1        | 2025-11-16T10:16:38.785631000Z 2025/11/16 18:16:38 device.go:66: new user session event, clearing end device cache...
ingress-control-1    | 2025-11-16T04:34:06.369077000Z 2025-11-16T12:34:06.368+0800	WARN	lzcapp	lzcapp/misc.go:60	无法查询到 pkg_id:chestnut.app.adguardhome uid:error 对应的域名
pkgm-1               | 2025-11-16T01:55:16.620002000Z 2025-11-16T09:55:16.619+0800	INFO	core	core/storage.go:176	sync to pkgm/apps/cloud.lzcapp.qemu done.  cost:1.059398ms
api-servers-1        | 2025-11-16T10:35:27.213556000Z 2025/11/16 18:35:27 device.go:66: new user session event, clearing end device cache...
ingress-control-1    | 2025-11-16T04:34:06.590872000Z 2025-11-16T12:34:06.590+0800	WARN	lzcapp	lzcapp/misc.go:60	无法查询到 pkg_id:cloud.lazycat.app.vuetorrent uid:error 对应的域名
api-servers-1        | 2025-11-16T10:35:27.246254000Z 2025/11/16 18:35:27 device.go:66: new user session event, clearing end device cache...
ingress-control-1    | 2025-11-16T04:34:08.510922000Z 2025-11-16T12:34:08.510+0800	WARN	lzcapp	lzcapp/misc.go:60	无法查询到 pkg_id:cloud.lazycat.aipod.catimg uid:error 对应的域名
pkgm-1               | 2025-11-16T01:55:16.645310000Z 2025-11-16T09:55:16.645+0800	INFO	core	core/event.go:43	PUBLISH	evt:type:InstanceChanged  deploy_id:"cloud.lzcapp.qemu" to 2
ingress-control-1    | 2025-11-16T04:34:08.732954000Z 2025-11-16T12:34:08.732+0800	WARN	lzcapp	lzcapp/misc.go:60	无法查询到 pkg_id:czyt.app.claper uid:error 对应的域名
pkgm-1               | 2025-11-16T01:55:16.645759000Z 2025-11-16T09:55:16.645+0800	INFO	pkgm-ss	ss/download.go:321	install done task_id:"0ac44b8d-21da-4698-9f87-68ad0182a1d6"  status:INSTALLING  create_at:{seconds:1763258112  nanos:474793521}  download_url:"http://app.cloud.lazycat.developer.tools.lzcapp:39597"  downloaded_size:9262
api-servers-1        | 2025-11-16T10:36:48.249557000Z 2025/11/16 18:36:48 device.go:66: new user session event, clearing end device cache...
ingress-control-1    | 2025-11-16T04:34:10.663442000Z 2025-11-16T12:34:10.663+0800	WARN	lzcapp	lzcapp/misc.go:60	无法查询到 pkg_id:cloud.lazycat.aipod.imagen uid:error 对应的域名
api-servers-1        | 2025-11-16T10:43:50.882392000Z 2025/11/16 18:43:50 device.go:66: new user session event, clearing end device cache...
pkgm-1               | 2025-11-16T01:55:16.645861000Z 2025-11-16T09:55:16.645+0800	INFO	pkgm-ss	ss/download.go:49	Installed "http://app.cloud.lazycat.developer.tools.lzcapp:39597"
ingress-control-1    | 2025-11-16T04:34:10.900866000Z 2025-11-16T12:34:10.900+0800	WARN	lzcapp	lzcapp/misc.go:60	无法查询到 pkg_id:in.zhaoj.baidunas uid:error 对应的域名
pkgm-1               | 2025-11-16T01:55:16.678961000Z 2025-11-16T09:55:16.678+0800	INFO	core	core/event.go:43	PUBLISH	evt:type:InstanceDeployed  deploy_id:"cloud.lzcapp.qemu" to 2
api-servers-1        | 2025-11-16T10:43:50.912182000Z 2025/11/16 18:43:50 device.go:66: new user session event, clearing end device cache...
ingress-control-1    | 2025-11-16T04:34:12.788545000Z 2025-11-16T12:34:12.788+0800	WARN	lzcapp	lzcapp/misc.go:60	无法查询到 pkg_id:cloud.lazycat.app.accent uid:error 对应的域名
api-servers-1        | 2025-11-16T10:44:59.863270000Z 2025/11/16 18:44:59 device.go:66: new user session event, clearing end device cache...
api-servers-1        | 2025-11-16T10:47:44.280718000Z 2025/11/16 18:47:44 device.go:66: new user session event, clearing end device cache...
