pkgm-1               | 2025-11-15T09:44:23.191740000Z 2025-11-15T17:44:23.191+0800	INFO	engine	engine/engine.go:161	try starting project "cloud.lazycat.app.dockge" 
pkgm-1               | 2025-11-15T09:44:23.191780000Z 2025-11-15T17:44:23.191+0800	INFO	engine	engine/engine.go:164	project "cloud.lazycat.app.dockge" acquired the start lock in 13.227µs
ingress-control-1    | 2025-11-15T10:22:40.966870000Z 2025-11-15T18:22:40.966+0800	INFO	usersession	usersession/grpc.go:160	login with new dynamic api url "https://a5-5f5f-1cd6-73bd-8922-0.d.heiyu.space:4443" for uid:"axy"  device_version:"v0.0.0-349-150-g65078878"  virtual_ip:"fc03:1136:38a5:5f5f:1cd6:73bd:8922:0"  peer_id:"12D3KooWArYUgwHJwgDwugWCf32Szrx4UxsaibfUSD5UgRJ4t1h5"  is_logined:true  is_trust_dev:true  remote_multi_addr:"/ip4/114.66.59.177/tcp/4001/p2p/12D3KooWGDaCjwJPAfeLGLKwUFtr7hxVt1FeqvZxdGpVWaDYpWAM/p2p-circuit"
api-servers-1        | 2025-11-16T01:05:33.683742000Z 2025/11/16 09:05:33 device.go:66: new user session event, clearing end device cache...
pkgm-1               | 2025-11-15T09:44:28.130391000Z 2025-11-15T17:44:28.130+0800	INFO	engine	engine/engine.go:190	project cloud.lazycat.app.dockge is in ready, cost:4.938529593s
ingress-control-1    | 2025-11-15T10:22:43.263750000Z 2025-11-15T18:22:43.263+0800	INFO	usersession	usersession/grpc.go:160	login with new dynamic api url "https://a5-5f5f-1cd6-73bd-8922-0.d.heiyu.space:4443" for uid:"axy"  device_version:"v0.0.0-349-150-g65078878"  virtual_ip:"fc03:1136:38a5:5f5f:1cd6:73bd:8922:0"  peer_id:"12D3KooWArYUgwHJwgDwugWCf32Szrx4UxsaibfUSD5UgRJ4t1h5"  is_logined:true  is_trust_dev:true  remote_multi_addr:"/ip4/114.66.59.177/tcp/4001/p2p/12D3KooWGDaCjwJPAfeLGLKwUFtr7hxVt1FeqvZxdGpVWaDYpWAM/p2p-circuit"
pkgm-1               | 2025-11-15T09:44:29.042220000Z 2025-11-15T17:44:29.041+0800	INFO	grpc	grpcServer/server.go:109	resuming instance cloud.lazycat.app.dockge 
api-servers-1        | 2025-11-16T01:05:33.709839000Z 2025/11/16 09:05:33 device.go:66: new user session event, clearing end device cache...
api-servers-1        | 2025-11-16T01:05:35.812537000Z 2025/11/16 09:05:35 device.go:66: new user session event, clearing end device cache...
ingress-control-1    | 2025-11-15T10:22:45.574436000Z 2025-11-15T18:22:45.574+0800	INFO	usersession	usersession/grpc.go:160	login with new dynamic api url "https://a5-5f5f-1cd6-73bd-8922-0.d.heiyu.space:4443" for uid:"axy"  device_version:"v0.0.0-349-150-g65078878"  virtual_ip:"fc03:1136:38a5:5f5f:1cd6:73bd:8922:0"  peer_id:"12D3KooWArYUgwHJwgDwugWCf32Szrx4UxsaibfUSD5UgRJ4t1h5"  is_logined:true  is_trust_dev:true  remote_multi_addr:"/ip4/114.66.59.177/tcp/4001/p2p/12D3KooWGDaCjwJPAfeLGLKwUFtr7hxVt1FeqvZxdGpVWaDYpWAM/p2p-circuit"
pkgm-1               | 2025-11-15T09:44:31.290738000Z 2025-11-15T17:44:31.290+0800	INFO	grpc	grpcServer/server.go:109	resuming instance cloud.lazycat.app.dockge 
ingress-control-1    | 2025-11-15T10:22:47.859996000Z 2025-11-15T18:22:47.859+0800	INFO	usersession	usersession/grpc.go:160	login with new dynamic api url "https://a5-5f5f-1cd6-73bd-8922-0.d.heiyu.space:4443" for uid:"axy"  device_version:"v0.0.0-349-150-g65078878"  virtual_ip:"fc03:1136:38a5:5f5f:1cd6:73bd:8922:0"  peer_id:"12D3KooWArYUgwHJwgDwugWCf32Szrx4UxsaibfUSD5UgRJ4t1h5"  is_logined:true  is_trust_dev:true  remote_multi_addr:"/ip4/114.66.59.177/tcp/4001/p2p/12D3KooWGDaCjwJPAfeLGLKwUFtr7hxVt1FeqvZxdGpVWaDYpWAM/p2p-circuit"
api-servers-1        | 2025-11-16T01:05:35.832438000Z 2025/11/16 09:05:35 device.go:66: new user session event, clearing end device cache...
api-servers-1        | 2025-11-16T01:05:37.955955000Z 2025/11/16 09:05:37 device.go:66: new user session event, clearing end device cache...
pkgm-1               | 2025-11-15T09:44:33.166822000Z 2025-11-15T17:44:33.166+0800	INFO	core	core/event.go:43	PUBLISH	evt:type:InstanceChanged  deploy_id:"cloud.lazycat.app.dockge" to 2
ingress-control-1    | 2025-11-15T10:22:50.154364000Z 2025-11-15T18:22:50.154+0800	INFO	usersession	usersession/grpc.go:160	login with new dynamic api url "https://a5-5f5f-1cd6-73bd-8922-0.d.heiyu.space:4443" for uid:"axy"  device_version:"v0.0.0-349-150-g65078878"  virtual_ip:"fc03:1136:38a5:5f5f:1cd6:73bd:8922:0"  peer_id:"12D3KooWArYUgwHJwgDwugWCf32Szrx4UxsaibfUSD5UgRJ4t1h5"  is_logined:true  is_trust_dev:true  remote_multi_addr:"/ip4/114.66.59.177/tcp/4001/p2p/12D3KooWGDaCjwJPAfeLGLKwUFtr7hxVt1FeqvZxdGpVWaDYpWAM/p2p-circuit"
api-servers-1        | 2025-11-16T01:05:37.975729000Z 2025/11/16 09:05:37 device.go:66: new user session event, clearing end device cache...
ingress-control-1    | 2025-11-15T10:22:52.454054000Z 2025-11-15T18:22:52.453+0800	INFO	usersession	usersession/grpc.go:160	login with new dynamic api url "https://a5-5f5f-1cd6-73bd-8922-0.d.heiyu.space:4443" for uid:"axy"  device_version:"v0.0.0-349-150-g65078878"  virtual_ip:"fc03:1136:38a5:5f5f:1cd6:73bd:8922:0"  peer_id:"12D3KooWArYUgwHJwgDwugWCf32Szrx4UxsaibfUSD5UgRJ4t1h5"  is_logined:true  is_trust_dev:true  remote_multi_addr:"/ip4/114.66.59.177/tcp/4001/p2p/12D3KooWGDaCjwJPAfeLGLKwUFtr7hxVt1FeqvZxdGpVWaDYpWAM/p2p-circuit"
pkgm-1               | 2025-11-15T09:44:43.229497000Z 2025-11-15T17:44:43.229+0800	INFO	core	core/event.go:43	PUBLISH	evt:type:InstanceChanged  deploy_id:"cloud.lazycat.app.dockge" to 2
pkgm-1               | 2025-11-15T09:59:34.944178000Z 2025-11-15T17:59:34.943+0800	INFO	grpc	grpcServer/server.go:109	resuming instance top.j0k3r.lpk-inspector 
api-servers-1        | 2025-11-16T01:05:40.081780000Z 2025/11/16 09:05:40 device.go:66: new user session event, clearing end device cache...
ingress-control-1    | 2025-11-15T10:22:54.773753000Z 2025-11-15T18:22:54.773+0800	INFO	usersession	usersession/grpc.go:160	login with new dynamic api url "https://a5-5f5f-1cd6-73bd-8922-0.d.heiyu.space:4443" for uid:"axy"  device_version:"v0.0.0-349-150-g65078878"  virtual_ip:"fc03:1136:38a5:5f5f:1cd6:73bd:8922:0"  peer_id:"12D3KooWArYUgwHJwgDwugWCf32Szrx4UxsaibfUSD5UgRJ4t1h5"  is_logined:true  is_trust_dev:true  remote_multi_addr:"/ip4/114.66.59.177/tcp/4001/p2p/12D3KooWGDaCjwJPAfeLGLKwUFtr7hxVt1FeqvZxdGpVWaDYpWAM/p2p-circuit"
api-servers-1        | 2025-11-16T01:05:40.104147000Z 2025/11/16 09:05:40 device.go:66: new user session event, clearing end device cache...
pkgm-1               | 2025-11-15T09:59:34.945077000Z 2025-11-15T17:59:34.944+0800	INFO	core	core/event.go:43	PUBLISH	evt:type:InstanceChanged  deploy_id:"top.j0k3r.lpk-inspector" to 2
api-servers-1        | 2025-11-16T01:05:42.213717000Z 2025/11/16 09:05:42 device.go:66: new user session event, clearing end device cache...
ingress-control-1    | 2025-11-15T10:22:57.094034000Z 2025-11-15T18:22:57.093+0800	INFO	usersession	usersession/grpc.go:160	login with new dynamic api url "https://a5-5f5f-1cd6-73bd-8922-0.d.heiyu.space:4443" for uid:"axy"  device_version:"v0.0.0-349-150-g65078878"  virtual_ip:"fc03:1136:38a5:5f5f:1cd6:73bd:8922:0"  peer_id:"12D3KooWArYUgwHJwgDwugWCf32Szrx4UxsaibfUSD5UgRJ4t1h5"  is_logined:true  is_trust_dev:true  remote_multi_addr:"/ip4/114.66.59.177/tcp/4001/p2p/12D3KooWGDaCjwJPAfeLGLKwUFtr7hxVt1FeqvZxdGpVWaDYpWAM/p2p-circuit"
pkgm-1               | 2025-11-15T09:59:34.975592000Z prepare generating app.crts to /lzcsys/run/app/top.j0k3r.lpk-inspector/certs
api-servers-1        | 2025-11-16T01:05:42.246937000Z 2025/11/16 09:05:42 device.go:66: new user session event, clearing end device cache...
ingress-control-1    | 2025-11-15T10:22:59.392096000Z 2025-11-15T18:22:59.391+0800	INFO	usersession	usersession/grpc.go:160	login with new dynamic api url "https://a5-5f5f-1cd6-73bd-8922-0.d.heiyu.space:4443" for uid:"axy"  device_version:"v0.0.0-349-150-g65078878"  virtual_ip:"fc03:1136:38a5:5f5f:1cd6:73bd:8922:0"  peer_id:"12D3KooWArYUgwHJwgDwugWCf32Szrx4UxsaibfUSD5UgRJ4t1h5"  is_logined:true  is_trust_dev:true  remote_multi_addr:"/ip4/114.66.59.177/tcp/4001/p2p/12D3KooWGDaCjwJPAfeLGLKwUFtr7hxVt1FeqvZxdGpVWaDYpWAM/p2p-circuit"
pkgm-1               | 2025-11-15T09:59:34.976132000Z 2025-11-15T17:59:34.975+0800	INFO	core	core/event.go:43	PUBLISH	evt:type:InstanceDeployed  deploy_id:"top.j0k3r.lpk-inspector" to 2
ingress-control-1    | 2025-11-15T10:23:01.688679000Z 2025-11-15T18:23:01.688+0800	INFO	usersession	usersession/grpc.go:160	login with new dynamic api url "https://a5-5f5f-1cd6-73bd-8922-0.d.heiyu.space:4443" for uid:"axy"  device_version:"v0.0.0-349-150-g65078878"  virtual_ip:"fc03:1136:38a5:5f5f:1cd6:73bd:8922:0"  peer_id:"12D3KooWArYUgwHJwgDwugWCf32Szrx4UxsaibfUSD5UgRJ4t1h5"  is_logined:true  is_trust_dev:true  remote_multi_addr:"/ip4/114.66.59.177/tcp/4001/p2p/12D3KooWGDaCjwJPAfeLGLKwUFtr7hxVt1FeqvZxdGpVWaDYpWAM/p2p-circuit"
pkgm-1               | 2025-11-15T09:59:34.976257000Z 2025-11-15T17:59:34.976+0800	INFO	core	core/event.go:43	PUBLISH	evt:type:InstanceChanged  deploy_id:"top.j0k3r.lpk-inspector" to 2
api-servers-1        | 2025-11-16T01:05:44.348865000Z 2025/11/16 09:05:44 device.go:66: new user session event, clearing end device cache...
pkgm-1               | 2025-11-15T09:59:34.976318000Z 2025-11-15T17:59:34.976+0800	INFO	engine	engine/engine.go:161	try starting project "top.j0k3r.lpk-inspector" 
api-servers-1        | 2025-11-16T01:05:44.364347000Z 2025/11/16 09:05:44 device.go:66: new user session event, clearing end device cache...
ingress-control-1    | 2025-11-15T10:23:03.988026000Z 2025-11-15T18:23:03.987+0800	INFO	usersession	usersession/grpc.go:160	login with new dynamic api url "https://a5-5f5f-1cd6-73bd-8922-0.d.heiyu.space:4443" for uid:"axy"  device_version:"v0.0.0-349-150-g65078878"  virtual_ip:"fc03:1136:38a5:5f5f:1cd6:73bd:8922:0"  peer_id:"12D3KooWArYUgwHJwgDwugWCf32Szrx4UxsaibfUSD5UgRJ4t1h5"  is_logined:true  is_trust_dev:true  remote_multi_addr:"/ip4/114.66.59.177/tcp/4001/p2p/12D3KooWGDaCjwJPAfeLGLKwUFtr7hxVt1FeqvZxdGpVWaDYpWAM/p2p-circuit"
ingress-control-1    | 2025-11-15T10:23:06.598343000Z 2025-11-15T18:23:06.598+0800	INFO	usersession	usersession/grpc.go:160	login with new dynamic api url "https://a5-5f5f-1cd6-73bd-8922-0.d.heiyu.space:4443" for uid:"axy"  device_version:"v0.0.0-349-150-g65078878"  virtual_ip:"fc03:1136:38a5:5f5f:1cd6:73bd:8922:0"  peer_id:"12D3KooWArYUgwHJwgDwugWCf32Szrx4UxsaibfUSD5UgRJ4t1h5"  is_logined:true  is_trust_dev:true  remote_multi_addr:"/ip4/114.66.59.177/tcp/4001/p2p/12D3KooWGDaCjwJPAfeLGLKwUFtr7hxVt1FeqvZxdGpVWaDYpWAM/p2p-circuit"
pkgm-1               | 2025-11-15T09:59:34.976374000Z 2025-11-15T17:59:34.976+0800	INFO	engine	engine/engine.go:164	project "top.j0k3r.lpk-inspector" acquired the start lock in 17.341µs
pkgm-1               | 2025-11-15T09:59:35.202762000Z 2025-11-15T17:59:35.202+0800	INFO	grpc	grpcServer/server.go:109	resuming instance top.j0k3r.lpk-inspector 
api-servers-1        | 2025-11-16T01:05:46.501540000Z 2025/11/16 09:05:46 device.go:66: new user session event, clearing end device cache...
api-servers-1        | 2025-11-16T01:05:46.516539000Z 2025/11/16 09:05:46 device.go:66: new user session event, clearing end device cache...
api-servers-1        | 2025-11-16T01:05:48.609861000Z 2025/11/16 09:05:48 device.go:66: new user session event, clearing end device cache...
pkgm-1               | 2025-11-15T09:59:36.276936000Z 2025-11-15T17:59:36.276+0800	INFO	grpc	grpcServer/server.go:109	resuming instance top.j0k3r.lpk-inspector 
ingress-control-1    | 2025-11-15T10:23:06.705659000Z 2025-11-15T18:23:06.705+0800	INFO	usersession	usersession/grpc.go:160	login with new dynamic api url "https://a5-5f5f-1cd6-73bd-8922-0.d.heiyu.space:4443" for uid:"axy"  device_version:"v0.0.0-349-150-g65078878"  virtual_ip:"fc03:1136:38a5:5f5f:1cd6:73bd:8922:0"  peer_id:"12D3KooWArYUgwHJwgDwugWCf32Szrx4UxsaibfUSD5UgRJ4t1h5"  is_logined:true  is_trust_dev:true  remote_multi_addr:"/ip4/114.66.59.177/tcp/4001/p2p/12D3KooWGDaCjwJPAfeLGLKwUFtr7hxVt1FeqvZxdGpVWaDYpWAM/p2p-circuit"
ingress-control-1    | 2025-11-15T10:23:06.803820000Z 2025-11-15T18:23:06.803+0800	INFO	usersession	usersession/grpc.go:57	updating auth token 0ec37920-b496-47be-a84f-6acca0d19dcf by 12D3KooWArYUgwHJwgDwugWCf32Szrx4UxsaibfUSD5UgRJ4t1h5
pkgm-1               | 2025-11-15T09:59:38.329664000Z 2025-11-15T17:59:38.316+0800	INFO	engine	engine/engine.go:190	project top.j0k3r.lpk-inspector is in ready, cost:3.340287933s
api-servers-1        | 2025-11-16T01:05:48.628169000Z 2025/11/16 09:05:48 device.go:66: new user session event, clearing end device cache...
api-servers-1        | 2025-11-16T01:05:50.738000000Z 2025/11/16 09:05:50 device.go:66: new user session event, clearing end device cache...
pkgm-1               | 2025-11-15T09:59:43.373615000Z 2025-11-15T17:59:43.373+0800	INFO	core	core/event.go:43	PUBLISH	evt:type:InstanceChanged  deploy_id:"top.j0k3r.lpk-inspector" to 2
ingress-control-1    | 2025-11-15T10:23:09.165915000Z 2025/11/15 18:23:09 http: proxy error: context canceled
pkgm-1               | 2025-11-15T10:05:12.212866000Z 2025-11-15T18:05:12.212+0800	INFO	pkgm-ss	ss/grpcserver.go:116	Uninstalling "app.ikw.lzc.entrypoint" by "axy"...
pkgm-1               | 2025-11-15T10:05:12.213790000Z 2025-11-15T18:05:12.212+0800	INFO	core	core/manager.go:384	begin uninstalling pkg: app.ikw.lzc.entrypoint
ingress-control-1    | 2025-11-15T10:23:24.881601000Z 2025/11/15 18:23:24 http: proxy error: context canceled
api-servers-1        | 2025-11-16T01:05:50.771465000Z 2025/11/16 09:05:50 device.go:66: new user session event, clearing end device cache...
pkgm-1               | 2025-11-15T10:05:12.213928000Z 2025-11-15T18:05:12.212+0800	INFO	core	core/event.go:43	PUBLISH	evt:type:InstanceChanged  deploy_id:"app.ikw.lzc.entrypoint" to 2
api-servers-1        | 2025-11-16T01:05:51.504095000Z 2025/11/16 09:05:51 device.go:66: new user session event, clearing end device cache...
api-servers-1        | 2025-11-16T01:05:52.860154000Z 2025/11/16 09:05:52 device.go:66: new user session event, clearing end device cache...
ingress-control-1    | 2025-11-15T10:23:28.345093000Z 2025/11/15 18:23:28 http: proxy error: context canceled
pkgm-1               | 2025-11-15T10:05:12.214048000Z 2025-11-15T18:05:12.213+0800	INFO	engine	engine/engine.go:151	stopping project "app.ikw.lzc.entrypoint" /lzcsys/data/system/pkgm/run/app.ikw.lzc.entrypoint
ingress-control-1    | 2025-11-15T10:23:29.922832000Z 2025-11-15T18:23:29.922+0800	INFO	usersession	usersession/grpc.go:160	login with new dynamic api url "https://a5-5f5f-1cd6-73bd-8922-0.d.heiyu.space:4443" for uid:"axy"  device_version:"v0.0.0-349-150-g65078878"  virtual_ip:"fc03:1136:38a5:5f5f:1cd6:73bd:8922:0"  peer_id:"12D3KooWArYUgwHJwgDwugWCf32Szrx4UxsaibfUSD5UgRJ4t1h5"  is_logined:true  is_trust_dev:true  remote_multi_addr:"/ip6/2408:824e:d23:6080::997/tcp/42927"
api-servers-1        | 2025-11-16T01:05:52.889665000Z 2025/11/16 09:05:52 device.go:66: new user session event, clearing end device cache...
pkgm-1               | 2025-11-15T10:05:12.350275000Z 2025-11-15T18:05:12.349+0800	INFO	core	core/event.go:43	PUBLISH	evt:type:DeployRemoved  deploy_id:"app.ikw.lzc.entrypoint" to 2
api-servers-1        | 2025-11-16T01:05:54.981959000Z 2025/11/16 09:05:54 device.go:66: new user session event, clearing end device cache...
ingress-control-1    | 2025-11-15T10:23:29.954283000Z 2025-11-15T18:23:29.954+0800	INFO	usersession	usersession/grpc.go:160	login with new dynamic api url "https://a5-5f5f-1cd6-73bd-8922-0.d.heiyu.space:4443" for uid:"axy"  device_version:"v0.0.0-349-150-g65078878"  virtual_ip:"fc03:1136:38a5:5f5f:1cd6:73bd:8922:0"  peer_id:"12D3KooWArYUgwHJwgDwugWCf32Szrx4UxsaibfUSD5UgRJ4t1h5"  is_logined:true  is_trust_dev:true  remote_multi_addr:"/ip6/2408:824e:d23:6080::997/tcp/42927"
pkgm-1               | 2025-11-15T10:05:12.351386000Z 2025-11-15T18:05:12.351+0800	INFO	core	core/event.go:43	PUBLISH	evt:type:PkgUninstalled  pkg_id:"app.ikw.lzc.entrypoint" to 2
ingress-control-1    | 2025-11-15T10:23:29.974110000Z 2025-11-15T18:23:29.974+0800	INFO	usersession	usersession/grpc.go:57	updating auth token 0ec37920-b496-47be-a84f-6acca0d19dcf by 12D3KooWArYUgwHJwgDwugWCf32Szrx4UxsaibfUSD5UgRJ4t1h5
api-servers-1        | 2025-11-16T01:05:55.012951000Z 2025/11/16 09:05:55 device.go:66: new user session event, clearing end device cache...
api-servers-1        | 2025-11-16T01:05:57.106537000Z 2025/11/16 09:05:57 device.go:66: new user session event, clearing end device cache...
ingress-control-1    | 2025-11-15T10:24:30.048865000Z 2025/11/15 18:24:30 http: proxy error: context canceled
pkgm-1               | 2025-11-15T10:05:12.351515000Z 2025-11-15T18:05:12.351+0800	INFO	core	core/manager.go:401	uninstall pkg: app.ikw.lzc.entrypoint is done, cost:138.578317ms
pkgm-1               | 2025-11-15T10:05:12.351570000Z 2025-11-15T18:05:12.351+0800	INFO	pkgm-ss	ss/grpcserver.go:122	Uninstalled "app.ikw.lzc.entrypoint"
ingress-control-1    | 2025-11-15T10:34:41.112184000Z 2025-11-15T18:34:41.111+0800	INFO	usersession	usersession/grpc.go:160	login with new dynamic api url "https://88-cdff-f0b4-cc87-25fe-0.d.heiyu.space:443" for uid:"axy"  device_version:"v0.0.0-349-150-g65078878"  virtual_ip:"fc03:1136:3888:cdff:f0b4:cc87:25fe:0"  peer_id:"12D3KooWKYozGC9MGkLxJnjhSveyXzrxVyHBrWAAxLwsMJ5cdLir"  is_logined:true  is_trust_dev:true  remote_multi_addr:"/ip4/114.66.59.177/tcp/4001/p2p/12D3KooWGDaCjwJPAfeLGLKwUFtr7hxVt1FeqvZxdGpVWaDYpWAM/p2p-circuit"
api-servers-1        | 2025-11-16T01:05:57.135029000Z 2025/11/16 09:05:57 device.go:66: new user session event, clearing end device cache...
api-servers-1        | 2025-11-16T01:05:59.231764000Z 2025/11/16 09:05:59 device.go:66: new user session event, clearing end device cache...
api-servers-1        | 2025-11-16T01:05:59.259841000Z 2025/11/16 09:05:59 device.go:66: new user session event, clearing end device cache...
ingress-control-1    | 2025-11-15T10:34:41.312392000Z 2025-11-15T18:34:41.312+0800	INFO	usersession	usersession/grpc.go:160	login with new dynamic api url "https://88-cdff-f0b4-cc87-25fe-0.d.heiyu.space:443" for uid:"axy"  device_version:"v0.0.0-349-150-g65078878"  virtual_ip:"fc03:1136:3888:cdff:f0b4:cc87:25fe:0"  peer_id:"12D3KooWKYozGC9MGkLxJnjhSveyXzrxVyHBrWAAxLwsMJ5cdLir"  is_logined:true  is_trust_dev:true  remote_multi_addr:"/ip4/114.66.59.177/tcp/4001/p2p/12D3KooWGDaCjwJPAfeLGLKwUFtr7hxVt1FeqvZxdGpVWaDYpWAM/p2p-circuit"
pkgm-1               | 2025-11-15T11:05:16.194754000Z 2025-11-15T19:05:16.194+0800	INFO	core	core/storage.go:188	准备清理1个无用镜像
pkgm-1               | 2025-11-15T11:23:51.546258000Z 2025-11-15T19:23:51.545+0800	INFO	grpc	grpcServer/server.go:109	resuming instance cloud.lazycat.app.onemcp 
ingress-control-1    | 2025-11-15T10:34:41.471547000Z 2025-11-15T18:34:41.471+0800	INFO	usersession	usersession/grpc.go:57	updating auth token 54629232-e1cb-4847-8a81-f97f5a01e60e by 12D3KooWKYozGC9MGkLxJnjhSveyXzrxVyHBrWAAxLwsMJ5cdLir
api-servers-1        | 2025-11-16T01:06:01.359701000Z 2025/11/16 09:06:01 device.go:66: new user session event, clearing end device cache...
ingress-control-1    | 2025-11-15T10:55:27.876615000Z 2025/11/15 18:55:27 http: proxy error: context canceled
api-servers-1        | 2025-11-16T01:06:01.381635000Z 2025/11/16 09:06:01 device.go:66: new user session event, clearing end device cache...
api-servers-1        | 2025-11-16T01:06:03.480779000Z 2025/11/16 09:06:03 device.go:66: new user session event, clearing end device cache...
ingress-control-1    | 2025-11-15T10:56:29.981769000Z 2025-11-15T18:56:29.981+0800	INFO	usersession	usersession/grpc.go:160	login with new dynamic api url "https://88-cdff-f0b4-cc87-25fe-0.d.heiyu.space:443" for uid:"axy"  device_version:"v0.0.0-349-150-g65078878"  virtual_ip:"fc03:1136:3888:cdff:f0b4:cc87:25fe:0"  peer_id:"12D3KooWKYozGC9MGkLxJnjhSveyXzrxVyHBrWAAxLwsMJ5cdLir"  is_logined:true  is_trust_dev:true  remote_multi_addr:"/ip4/114.66.59.177/tcp/4001/p2p/12D3KooWGDaCjwJPAfeLGLKwUFtr7hxVt1FeqvZxdGpVWaDYpWAM/p2p-circuit"
pkgm-1               | 2025-11-15T11:23:51.548383000Z 2025-11-15T19:23:51.548+0800	INFO	core	core/event.go:43	PUBLISH	evt:type:InstanceChanged  deploy_id:"cloud.lazycat.app.onemcp" to 2
pkgm-1               | 2025-11-15T11:23:51.575666000Z prepare generating app.crts to /lzcsys/run/app/cloud.lazycat.app.onemcp/certs
pkgm-1               | 2025-11-15T11:23:51.576053000Z 2025-11-15T19:23:51.575+0800	INFO	core	core/event.go:43	PUBLISH	evt:type:InstanceDeployed  deploy_id:"cloud.lazycat.app.onemcp" to 2
api-servers-1        | 2025-11-16T01:06:03.502930000Z 2025/11/16 09:06:03 device.go:66: new user session event, clearing end device cache...
pkgm-1               | 2025-11-15T11:23:51.576153000Z 2025-11-15T19:23:51.575+0800	INFO	core	core/event.go:43	PUBLISH	evt:type:InstanceChanged  deploy_id:"cloud.lazycat.app.onemcp" to 2
ingress-control-1    | 2025-11-15T10:56:30.160105000Z 2025-11-15T18:56:30.159+0800	INFO	usersession	usersession/grpc.go:160	login with new dynamic api url "https://88-cdff-f0b4-cc87-25fe-0.d.heiyu.space:443" for uid:"axy"  device_version:"v0.0.0-349-150-g65078878"  virtual_ip:"fc03:1136:3888:cdff:f0b4:cc87:25fe:0"  peer_id:"12D3KooWKYozGC9MGkLxJnjhSveyXzrxVyHBrWAAxLwsMJ5cdLir"  is_logined:true  is_trust_dev:true  remote_multi_addr:"/ip4/114.66.59.177/tcp/4001/p2p/12D3KooWGDaCjwJPAfeLGLKwUFtr7hxVt1FeqvZxdGpVWaDYpWAM/p2p-circuit"
api-servers-1        | 2025-11-16T01:06:05.604947000Z 2025/11/16 09:06:05 device.go:66: new user session event, clearing end device cache...
api-servers-1        | 2025-11-16T01:06:05.625226000Z 2025/11/16 09:06:05 device.go:66: new user session event, clearing end device cache...
pkgm-1               | 2025-11-15T11:23:51.576191000Z 2025-11-15T19:23:51.576+0800	INFO	engine	engine/engine.go:161	try starting project "cloud.lazycat.app.onemcp" 
ingress-control-1    | 2025-11-15T10:56:30.319618000Z 2025-11-15T18:56:30.319+0800	INFO	usersession	usersession/grpc.go:57	updating auth token 54629232-e1cb-4847-8a81-f97f5a01e60e by 12D3KooWKYozGC9MGkLxJnjhSveyXzrxVyHBrWAAxLwsMJ5cdLir
pkgm-1               | 2025-11-15T11:23:51.576226000Z 2025-11-15T19:23:51.576+0800	INFO	engine	engine/engine.go:164	project "cloud.lazycat.app.onemcp" acquired the start lock in 29.615µs
api-servers-1        | 2025-11-16T01:06:07.731959000Z 2025/11/16 09:06:07 device.go:66: new user session event, clearing end device cache...
ingress-control-1    | 2025-11-15T10:56:51.132155000Z 2025-11-15T18:56:51.131+0800	INFO	usersession	usersession/grpc.go:160	login with new dynamic api url "https://88-cdff-f0b4-cc87-25fe-0.d.heiyu.space:443" for uid:"axy"  device_version:"v0.0.0-349-150-g65078878"  virtual_ip:"fc03:1136:3888:cdff:f0b4:cc87:25fe:0"  peer_id:"12D3KooWKYozGC9MGkLxJnjhSveyXzrxVyHBrWAAxLwsMJ5cdLir"  is_logined:true  is_trust_dev:true  remote_multi_addr:"/ip6/2409:894d:5264:2391:e958:658a:fd28:d38e/tcp/59806/punchhole"
api-servers-1        | 2025-11-16T01:06:07.752729000Z 2025/11/16 09:06:07 device.go:66: new user session event, clearing end device cache...
ingress-control-1    | 2025-11-15T10:56:51.219247000Z 2025-11-15T18:56:51.219+0800	INFO	usersession	usersession/grpc.go:160	login with new dynamic api url "https://88-cdff-f0b4-cc87-25fe-0.d.heiyu.space:443" for uid:"axy"  device_version:"v0.0.0-349-150-g65078878"  virtual_ip:"fc03:1136:3888:cdff:f0b4:cc87:25fe:0"  peer_id:"12D3KooWKYozGC9MGkLxJnjhSveyXzrxVyHBrWAAxLwsMJ5cdLir"  is_logined:true  is_trust_dev:true  remote_multi_addr:"/ip6/2409:894d:5264:2391:e958:658a:fd28:d38e/tcp/59806/punchhole"
pkgm-1               | 2025-11-15T11:23:56.214144000Z 2025-11-15T19:23:56.213+0800	INFO	engine	engine/engine.go:190	project cloud.lazycat.app.onemcp is in ready, cost:4.637918467s
api-servers-1        | 2025-11-16T01:06:09.849993000Z 2025/11/16 09:06:09 device.go:66: new user session event, clearing end device cache...
pkgm-1               | 2025-11-15T11:24:01.247532000Z 2025-11-15T19:24:01.247+0800	INFO	core	core/event.go:43	PUBLISH	evt:type:InstanceChanged  deploy_id:"cloud.lazycat.app.onemcp" to 2
ingress-control-1    | 2025-11-15T10:56:51.290808000Z 2025-11-15T18:56:51.290+0800	INFO	usersession	usersession/grpc.go:57	updating auth token 54629232-e1cb-4847-8a81-f97f5a01e60e by 12D3KooWKYozGC9MGkLxJnjhSveyXzrxVyHBrWAAxLwsMJ5cdLir
api-servers-1        | 2025-11-16T01:06:09.871893000Z 2025/11/16 09:06:09 device.go:66: new user session event, clearing end device cache...
pkgm-1               | 2025-11-15T14:13:28.405881000Z 2025-11-15T22:13:28.405+0800	INFO	grpc	grpcServer/server.go:109	resuming instance cloud.lazycat.app.jellyfinsingle 
api-servers-1        | 2025-11-16T01:06:11.978442000Z 2025/11/16 09:06:11 device.go:66: new user session event, clearing end device cache...
api-servers-1        | 2025-11-16T01:06:12.005017000Z 2025/11/16 09:06:12 device.go:66: new user session event, clearing end device cache...
pkgm-1               | 2025-11-15T14:13:28.498308000Z 2025-11-15T22:13:28.498+0800	INFO	core	core/event.go:43	PUBLISH	evt:type:InstanceChanged  deploy_id:"cloud.lazycat.app.jellyfinsingle" to 2
pkgm-1               | 2025-11-15T14:13:28.524938000Z prepare generating app.crts to /lzcsys/run/app/cloud.lazycat.app.jellyfinsingle/certs
ingress-control-1    | 2025-11-15T12:11:36.636344000Z 2025-11-15T20:11:36.636+0800	INFO	usersession	usersession/grpc.go:160	login with new dynamic api url "https://88-cdff-f0b4-cc87-25fe-0.d.heiyu.space:443" for uid:"axy"  device_version:"v0.0.0-349-150-g65078878"  virtual_ip:"fc03:1136:3888:cdff:f0b4:cc87:25fe:0"  peer_id:"12D3KooWKYozGC9MGkLxJnjhSveyXzrxVyHBrWAAxLwsMJ5cdLir"  is_logined:true  is_trust_dev:true  remote_multi_addr:"/ip4/114.66.59.177/tcp/4001/p2p/12D3KooWGDaCjwJPAfeLGLKwUFtr7hxVt1FeqvZxdGpVWaDYpWAM/p2p-circuit"
ingress-control-1    | 2025-11-15T12:11:36.811718000Z 2025-11-15T20:11:36.811+0800	INFO	usersession	usersession/grpc.go:160	login with new dynamic api url "https://88-cdff-f0b4-cc87-25fe-0.d.heiyu.space:443" for uid:"axy"  device_version:"v0.0.0-349-150-g65078878"  virtual_ip:"fc03:1136:3888:cdff:f0b4:cc87:25fe:0"  peer_id:"12D3KooWKYozGC9MGkLxJnjhSveyXzrxVyHBrWAAxLwsMJ5cdLir"  is_logined:true  is_trust_dev:true  remote_multi_addr:"/ip4/114.66.59.177/tcp/4001/p2p/12D3KooWGDaCjwJPAfeLGLKwUFtr7hxVt1FeqvZxdGpVWaDYpWAM/p2p-circuit"
pkgm-1               | 2025-11-15T14:13:28.525515000Z 2025-11-15T22:13:28.525+0800	INFO	core	core/event.go:43	PUBLISH	evt:type:InstanceDeployed  deploy_id:"cloud.lazycat.app.jellyfinsingle" to 2
api-servers-1        | 2025-11-16T01:06:14.105725000Z 2025/11/16 09:06:14 device.go:66: new user session event, clearing end device cache...
ingress-control-1    | 2025-11-15T12:11:36.961895000Z 2025-11-15T20:11:36.961+0800	INFO	usersession	usersession/grpc.go:57	updating auth token 54629232-e1cb-4847-8a81-f97f5a01e60e by 12D3KooWKYozGC9MGkLxJnjhSveyXzrxVyHBrWAAxLwsMJ5cdLir
api-servers-1        | 2025-11-16T01:06:14.128856000Z 2025/11/16 09:06:14 device.go:66: new user session event, clearing end device cache...
pkgm-1               | 2025-11-15T14:13:28.525646000Z 2025-11-15T22:13:28.525+0800	INFO	core	core/event.go:43	PUBLISH	evt:type:InstanceChanged  deploy_id:"cloud.lazycat.app.jellyfinsingle" to 2
ingress-control-1    | 2025-11-15T12:11:44.966606000Z 2025-11-15T20:11:44.966+0800	INFO	usersession	usersession/grpc.go:160	login with new dynamic api url "https://88-cdff-f0b4-cc87-25fe-0.d.heiyu.space:443" for uid:"axy"  device_version:"v0.0.0-349-150-g65078878"  virtual_ip:"fc03:1136:3888:cdff:f0b4:cc87:25fe:0"  peer_id:"12D3KooWKYozGC9MGkLxJnjhSveyXzrxVyHBrWAAxLwsMJ5cdLir"  is_logined:true  is_trust_dev:true  remote_multi_addr:"/ip6/2409:894d:5264:2391:853c:3562:c81b:125a/tcp/62571/punchhole"
ingress-control-1    | 2025-11-15T12:11:45.331055000Z 2025-11-15T20:11:45.330+0800	INFO	usersession	usersession/grpc.go:160	login with new dynamic api url "https://88-cdff-f0b4-cc87-25fe-0.d.heiyu.space:443" for uid:"axy"  device_version:"v0.0.0-349-150-g65078878"  virtual_ip:"fc03:1136:3888:cdff:f0b4:cc87:25fe:0"  peer_id:"12D3KooWKYozGC9MGkLxJnjhSveyXzrxVyHBrWAAxLwsMJ5cdLir"  is_logined:true  is_trust_dev:true  remote_multi_addr:"/ip6/2409:894d:5264:2391:853c:3562:c81b:125a/tcp/62571/punchhole"
pkgm-1               | 2025-11-15T14:13:28.525695000Z 2025-11-15T22:13:28.525+0800	INFO	engine	engine/engine.go:161	try starting project "cloud.lazycat.app.jellyfinsingle" 
api-servers-1        | 2025-11-16T01:06:16.265479000Z 2025/11/16 09:06:16 device.go:66: new user session event, clearing end device cache...
ingress-control-1    | 2025-11-15T12:11:45.446509000Z 2025-11-15T20:11:45.446+0800	INFO	usersession	usersession/grpc.go:57	updating auth token 54629232-e1cb-4847-8a81-f97f5a01e60e by 12D3KooWKYozGC9MGkLxJnjhSveyXzrxVyHBrWAAxLwsMJ5cdLir
api-servers-1        | 2025-11-16T01:06:16.265542000Z 2025/11/16 09:06:16 device.go:66: new user session event, clearing end device cache...
api-servers-1        | 2025-11-16T01:06:18.365542000Z 2025/11/16 09:06:18 device.go:66: new user session event, clearing end device cache...
pkgm-1               | 2025-11-15T14:13:28.525744000Z 2025-11-15T22:13:28.525+0800	INFO	engine	engine/engine.go:164	project "cloud.lazycat.app.jellyfinsingle" acquired the start lock in 17.546µs
pkgm-1               | 2025-11-15T14:13:33.009710000Z 2025-11-15T22:13:33.009+0800	INFO	engine	engine/engine.go:190	project cloud.lazycat.app.jellyfinsingle is in ready, cost:4.484001858s
pkgm-1               | 2025-11-15T14:13:38.052199000Z 2025-11-15T22:13:38.052+0800	INFO	core	core/event.go:43	PUBLISH	evt:type:InstanceChanged  deploy_id:"cloud.lazycat.app.jellyfinsingle" to 2
api-servers-1        | 2025-11-16T01:06:18.381646000Z 2025/11/16 09:06:18 device.go:66: new user session event, clearing end device cache...
api-servers-1        | 2025-11-16T01:06:20.486343000Z 2025/11/16 09:06:20 device.go:66: new user session event, clearing end device cache...
pkgm-1               | 2025-11-15T14:14:18.306363000Z 2025-11-15T22:14:18.306+0800	INFO	core	core/event.go:43	PUBLISH	evt:type:InstanceChanged  deploy_id:"cloud.lazycat.app.jellyfinsingle" to 2
ingress-control-1    | 2025-11-15T12:36:22.849418000Z 2025-11-15T20:36:22.849+0800	INFO	usersession	usersession/grpc.go:160	login with new dynamic api url "https://88-cdff-f0b4-cc87-25fe-0.d.heiyu.space:443" for uid:"axy"  device_version:"v0.0.0-349-150-g65078878"  virtual_ip:"fc03:1136:3888:cdff:f0b4:cc87:25fe:0"  peer_id:"12D3KooWKYozGC9MGkLxJnjhSveyXzrxVyHBrWAAxLwsMJ5cdLir"  is_logined:true  is_trust_dev:true  remote_multi_addr:"/ip4/114.66.59.177/tcp/4001/p2p/12D3KooWGDaCjwJPAfeLGLKwUFtr7hxVt1FeqvZxdGpVWaDYpWAM/p2p-circuit"
ingress-control-1    | 2025-11-15T12:36:23.002462000Z 2025-11-15T20:36:23.002+0800	INFO	usersession	usersession/grpc.go:160	login with new dynamic api url "https://88-cdff-f0b4-cc87-25fe-0.d.heiyu.space:443" for uid:"axy"  device_version:"v0.0.0-349-150-g65078878"  virtual_ip:"fc03:1136:3888:cdff:f0b4:cc87:25fe:0"  peer_id:"12D3KooWKYozGC9MGkLxJnjhSveyXzrxVyHBrWAAxLwsMJ5cdLir"  is_logined:true  is_trust_dev:true  remote_multi_addr:"/ip4/114.66.59.177/tcp/4001/p2p/12D3KooWGDaCjwJPAfeLGLKwUFtr7hxVt1FeqvZxdGpVWaDYpWAM/p2p-circuit"
pkgm-1               | 2025-11-16T00:58:36.013985000Z 2025-11-16T08:58:36.013+0800	INFO	grpc	grpcServer/server.go:109	resuming instance cloud.lazycat.app.logviewer 
pkgm-1               | 2025-11-16T00:58:36.016181000Z 2025-11-16T08:58:36.016+0800	INFO	core	core/event.go:43	PUBLISH	evt:type:InstanceChanged  deploy_id:"cloud.lazycat.app.logviewer" to 2
ingress-control-1    | 2025-11-15T12:36:23.193295000Z 2025-11-15T20:36:23.193+0800	INFO	usersession	usersession/grpc.go:57	updating auth token 54629232-e1cb-4847-8a81-f97f5a01e60e by 12D3KooWKYozGC9MGkLxJnjhSveyXzrxVyHBrWAAxLwsMJ5cdLir
pkgm-1               | 2025-11-16T00:58:36.352141000Z prepare generating app.crts to /lzcsys/run/app/cloud.lazycat.app.logviewer/certs
api-servers-1        | 2025-11-16T01:06:20.507254000Z 2025/11/16 09:06:20 device.go:66: new user session event, clearing end device cache...
api-servers-1        | 2025-11-16T01:06:21.506799000Z 2025/11/16 09:06:21 device.go:66: new user session event, clearing end device cache...
api-servers-1        | 2025-11-16T01:06:22.615028000Z 2025/11/16 09:06:22 device.go:66: new user session event, clearing end device cache...
ingress-control-1    | 2025-11-15T13:25:10.123784000Z 2025-11-15T21:25:10.123+0800	INFO	usersession	usersession/grpc.go:160	login with new dynamic api url "https://88-cdff-f0b4-cc87-25fe-0.d.heiyu.space:443" for uid:"axy"  device_version:"v0.0.0-349-150-g65078878"  virtual_ip:"fc03:1136:3888:cdff:f0b4:cc87:25fe:0"  peer_id:"12D3KooWKYozGC9MGkLxJnjhSveyXzrxVyHBrWAAxLwsMJ5cdLir"  is_logined:true  is_trust_dev:true  remote_multi_addr:"/ip4/114.66.59.177/tcp/4001/p2p/12D3KooWGDaCjwJPAfeLGLKwUFtr7hxVt1FeqvZxdGpVWaDYpWAM/p2p-circuit"
api-servers-1        | 2025-11-16T01:06:22.637118000Z 2025/11/16 09:06:22 device.go:66: new user session event, clearing end device cache...
pkgm-1               | 2025-11-16T00:58:36.353272000Z 2025-11-16T08:58:36.353+0800	INFO	core	core/event.go:43	PUBLISH	evt:type:InstanceDeployed  deploy_id:"cloud.lazycat.app.logviewer" to 2
pkgm-1               | 2025-11-16T00:58:36.353478000Z 2025-11-16T08:58:36.353+0800	INFO	core	core/event.go:43	PUBLISH	evt:type:InstanceChanged  deploy_id:"cloud.lazycat.app.logviewer" to 2
ingress-control-1    | 2025-11-15T13:25:10.333714000Z 2025-11-15T21:25:10.333+0800	INFO	usersession	usersession/grpc.go:160	login with new dynamic api url "https://88-cdff-f0b4-cc87-25fe-0.d.heiyu.space:443" for uid:"axy"  device_version:"v0.0.0-349-150-g65078878"  virtual_ip:"fc03:1136:3888:cdff:f0b4:cc87:25fe:0"  peer_id:"12D3KooWKYozGC9MGkLxJnjhSveyXzrxVyHBrWAAxLwsMJ5cdLir"  is_logined:true  is_trust_dev:true  remote_multi_addr:"/ip4/114.66.59.177/tcp/4001/p2p/12D3KooWGDaCjwJPAfeLGLKwUFtr7hxVt1FeqvZxdGpVWaDYpWAM/p2p-circuit"
api-servers-1        | 2025-11-16T01:06:24.744257000Z 2025/11/16 09:06:24 device.go:66: new user session event, clearing end device cache...
api-servers-1        | 2025-11-16T01:06:24.764235000Z 2025/11/16 09:06:24 device.go:66: new user session event, clearing end device cache...
ingress-control-1    | 2025-11-15T13:25:10.515309000Z 2025-11-15T21:25:10.515+0800	INFO	usersession	usersession/grpc.go:57	updating auth token 54629232-e1cb-4847-8a81-f97f5a01e60e by 12D3KooWKYozGC9MGkLxJnjhSveyXzrxVyHBrWAAxLwsMJ5cdLir
ingress-control-1    | 2025-11-15T13:26:13.936078000Z 2025-11-15T21:26:13.935+0800	INFO	usersession	usersession/grpc.go:160	login with new dynamic api url "https://88-cdff-f0b4-cc87-25fe-0.d.heiyu.space:443" for uid:"axy"  device_version:"v0.0.0-349-150-g65078878"  virtual_ip:"fc03:1136:3888:cdff:f0b4:cc87:25fe:0"  peer_id:"12D3KooWKYozGC9MGkLxJnjhSveyXzrxVyHBrWAAxLwsMJ5cdLir"  is_logined:true  is_trust_dev:true  remote_multi_addr:"/ip4/114.66.59.177/tcp/4001/p2p/12D3KooWGDaCjwJPAfeLGLKwUFtr7hxVt1FeqvZxdGpVWaDYpWAM/p2p-circuit"
pkgm-1               | 2025-11-16T00:58:36.353611000Z 2025-11-16T08:58:36.353+0800	INFO	engine	engine/engine.go:161	try starting project "cloud.lazycat.app.logviewer" 
api-servers-1        | 2025-11-16T01:06:40.189449000Z 2025/11/16 09:06:40 device.go:66: new user session event, clearing end device cache...
pkgm-1               | 2025-11-16T00:58:36.353737000Z 2025-11-16T08:58:36.353+0800	INFO	engine	engine/engine.go:164	project "cloud.lazycat.app.logviewer" acquired the start lock in 32.594µs
api-servers-1        | 2025-11-16T01:06:42.311006000Z 2025/11/16 09:06:42 device.go:66: new user session event, clearing end device cache...
pkgm-1               | 2025-11-16T00:58:36.461748000Z 2025-11-16T08:58:36.461+0800	INFO	grpc	grpcServer/server.go:109	resuming instance cloud.lazycat.app.logviewer 
api-servers-1        | 2025-11-16T01:06:42.331760000Z 2025/11/16 09:06:42 device.go:66: new user session event, clearing end device cache...
ingress-control-1    | 2025-11-15T13:26:14.095722000Z 2025-11-15T21:26:14.095+0800	INFO	usersession	usersession/grpc.go:160	login with new dynamic api url "https://88-cdff-f0b4-cc87-25fe-0.d.heiyu.space:443" for uid:"axy"  device_version:"v0.0.0-349-150-g65078878"  virtual_ip:"fc03:1136:3888:cdff:f0b4:cc87:25fe:0"  peer_id:"12D3KooWKYozGC9MGkLxJnjhSveyXzrxVyHBrWAAxLwsMJ5cdLir"  is_logined:true  is_trust_dev:true  remote_multi_addr:"/ip4/114.66.59.177/tcp/4001/p2p/12D3KooWGDaCjwJPAfeLGLKwUFtr7hxVt1FeqvZxdGpVWaDYpWAM/p2p-circuit"
ingress-control-1    | 2025-11-15T13:26:14.256283000Z 2025-11-15T21:26:14.255+0800	INFO	usersession	usersession/grpc.go:57	updating auth token 54629232-e1cb-4847-8a81-f97f5a01e60e by 12D3KooWKYozGC9MGkLxJnjhSveyXzrxVyHBrWAAxLwsMJ5cdLir
api-servers-1        | 2025-11-16T01:06:44.442910000Z 2025/11/16 09:06:44 device.go:66: new user session event, clearing end device cache...
pkgm-1               | 2025-11-16T00:58:37.405002000Z 2025-11-16T08:58:37.404+0800	INFO	grpc	grpcServer/server.go:109	resuming instance cloud.lazycat.app.logviewer 
api-servers-1        | 2025-11-16T01:06:44.489785000Z 2025/11/16 09:06:44 device.go:66: new user session event, clearing end device cache...
ingress-control-1    | 2025-11-15T13:26:35.351219000Z 2025-11-15T21:26:35.350+0800	INFO	usersession	usersession/grpc.go:160	login with new dynamic api url "https://88-cdff-f0b4-cc87-25fe-0.d.heiyu.space:443" for uid:"axy"  device_version:"v0.0.0-349-150-g65078878"  virtual_ip:"fc03:1136:3888:cdff:f0b4:cc87:25fe:0"  peer_id:"12D3KooWKYozGC9MGkLxJnjhSveyXzrxVyHBrWAAxLwsMJ5cdLir"  is_logined:true  is_trust_dev:true  remote_multi_addr:"/ip6/2409:894d:5264:2391:b4ae:b5c0:8bd8:412f/tcp/52579/punchhole"
pkgm-1               | 2025-11-16T00:58:40.691094000Z 2025-11-16T08:58:40.690+0800	INFO	engine	engine/engine.go:190	project cloud.lazycat.app.logviewer is in ready, cost:4.337575128s
api-servers-1        | 2025-11-16T01:06:46.566101000Z 2025/11/16 09:06:46 device.go:66: new user session event, clearing end device cache...
pkgm-1               | 2025-11-16T00:58:45.721785000Z 2025-11-16T08:58:45.721+0800	INFO	core	core/event.go:43	PUBLISH	evt:type:InstanceChanged  deploy_id:"cloud.lazycat.app.logviewer" to 2
pkgm-1               | 2025-11-16T01:15:22.711645000Z 2025-11-16T09:15:22.711+0800	INFO	grpc	grpcServer/server.go:109	resuming instance cloud.lazycat.developer.tools 
ingress-control-1    | 2025-11-15T13:26:35.465877000Z 2025-11-15T21:26:35.465+0800	INFO	usersession	usersession/grpc.go:160	login with new dynamic api url "https://88-cdff-f0b4-cc87-25fe-0.d.heiyu.space:443" for uid:"axy"  device_version:"v0.0.0-349-150-g65078878"  virtual_ip:"fc03:1136:3888:cdff:f0b4:cc87:25fe:0"  peer_id:"12D3KooWKYozGC9MGkLxJnjhSveyXzrxVyHBrWAAxLwsMJ5cdLir"  is_logined:true  is_trust_dev:true  remote_multi_addr:"/ip6/2409:894d:5264:2391:b4ae:b5c0:8bd8:412f/tcp/52579/punchhole"
ingress-control-1    | 2025-11-15T13:26:35.556518000Z 2025-11-15T21:26:35.556+0800	INFO	usersession	usersession/grpc.go:57	updating auth token 54629232-e1cb-4847-8a81-f97f5a01e60e by 12D3KooWKYozGC9MGkLxJnjhSveyXzrxVyHBrWAAxLwsMJ5cdLir
api-servers-1        | 2025-11-16T01:06:46.595018000Z 2025/11/16 09:06:46 device.go:66: new user session event, clearing end device cache...
api-servers-1        | 2025-11-16T01:06:48.699176000Z 2025/11/16 09:06:48 device.go:66: new user session event, clearing end device cache...
api-servers-1        | 2025-11-16T01:06:48.735878000Z 2025/11/16 09:06:48 device.go:66: new user session event, clearing end device cache...
pkgm-1               | 2025-11-16T01:15:22.714947000Z 2025-11-16T09:15:22.714+0800	INFO	core	core/event.go:43	PUBLISH	evt:type:InstanceChanged  deploy_id:"cloud.lazycat.developer.tools" to 2
ingress-control-1    | 2025-11-15T13:31:59.480464000Z 2025-11-15T21:31:59.480+0800	INFO	usersession	usersession/grpc.go:160	login with new dynamic api url "https://88-cdff-f0b4-cc87-25fe-0.d.heiyu.space:443" for uid:"axy"  device_version:"v0.0.0-349-150-g65078878"  virtual_ip:"fc03:1136:3888:cdff:f0b4:cc87:25fe:0"  peer_id:"12D3KooWKYozGC9MGkLxJnjhSveyXzrxVyHBrWAAxLwsMJ5cdLir"  is_logined:true  is_trust_dev:true  remote_multi_addr:"/ip4/114.66.59.177/tcp/4001/p2p/12D3KooWGDaCjwJPAfeLGLKwUFtr7hxVt1FeqvZxdGpVWaDYpWAM/p2p-circuit"
ingress-control-1    | 2025-11-15T13:31:59.650087000Z 2025-11-15T21:31:59.649+0800	INFO	usersession	usersession/grpc.go:160	login with new dynamic api url "https://88-cdff-f0b4-cc87-25fe-0.d.heiyu.space:443" for uid:"axy"  device_version:"v0.0.0-349-150-g65078878"  virtual_ip:"fc03:1136:3888:cdff:f0b4:cc87:25fe:0"  peer_id:"12D3KooWKYozGC9MGkLxJnjhSveyXzrxVyHBrWAAxLwsMJ5cdLir"  is_logined:true  is_trust_dev:true  remote_multi_addr:"/ip4/114.66.59.177/tcp/4001/p2p/12D3KooWGDaCjwJPAfeLGLKwUFtr7hxVt1FeqvZxdGpVWaDYpWAM/p2p-circuit"
api-servers-1        | 2025-11-16T01:06:50.827831000Z 2025/11/16 09:06:50 device.go:66: new user session event, clearing end device cache...
pkgm-1               | 2025-11-16T01:15:22.743340000Z prepare generating app.crts to /lzcsys/run/app/cloud.lazycat.developer.tools/certs
pkgm-1               | 2025-11-16T01:15:22.743759000Z 2025-11-16T09:15:22.743+0800	INFO	core	core/event.go:43	PUBLISH	evt:type:InstanceDeployed  deploy_id:"cloud.lazycat.developer.tools" to 2
ingress-control-1    | 2025-11-15T13:31:59.810549000Z 2025-11-15T21:31:59.810+0800	INFO	usersession	usersession/grpc.go:57	updating auth token 64d27ef0-9cc6-44df-aebb-41cd15743043 by 12D3KooWKYozGC9MGkLxJnjhSveyXzrxVyHBrWAAxLwsMJ5cdLir
api-servers-1        | 2025-11-16T01:06:50.841863000Z 2025/11/16 09:06:50 device.go:66: new user session event, clearing end device cache...
api-servers-1        | 2025-11-16T01:06:51.509632000Z 2025/11/16 09:06:51 device.go:66: new user session event, clearing end device cache...
pkgm-1               | 2025-11-16T01:15:22.743851000Z 2025-11-16T09:15:22.743+0800	INFO	core	core/event.go:43	PUBLISH	evt:type:InstanceChanged  deploy_id:"cloud.lazycat.developer.tools" to 2
ingress-control-1    | 2025-11-15T13:32:21.952773000Z 2025-11-15T21:32:21.952+0800	INFO	usersession	usersession/grpc.go:160	login with new dynamic api url "https://88-cdff-f0b4-cc87-25fe-0.d.heiyu.space:443" for uid:"axy"  device_version:"v0.0.0-349-150-g65078878"  virtual_ip:"fc03:1136:3888:cdff:f0b4:cc87:25fe:0"  peer_id:"12D3KooWKYozGC9MGkLxJnjhSveyXzrxVyHBrWAAxLwsMJ5cdLir"  is_logined:true  is_trust_dev:true  remote_multi_addr:"/ip6/2409:894d:5264:2391:b4ae:b5c0:8bd8:412f/udp/59038/punchhole"
pkgm-1               | 2025-11-16T01:15:22.743896000Z 2025-11-16T09:15:22.743+0800	INFO	engine	engine/engine.go:161	try starting project "cloud.lazycat.developer.tools" 
api-servers-1        | 2025-11-16T01:06:52.952282000Z 2025/11/16 09:06:52 device.go:66: new user session event, clearing end device cache...
pkgm-1               | 2025-11-16T01:15:22.743945000Z 2025-11-16T09:15:22.743+0800	INFO	engine	engine/engine.go:164	project "cloud.lazycat.developer.tools" acquired the start lock in 77.786µs
ingress-control-1    | 2025-11-15T13:32:22.058644000Z 2025-11-15T21:32:22.058+0800	INFO	usersession	usersession/grpc.go:160	login with new dynamic api url "https://88-cdff-f0b4-cc87-25fe-0.d.heiyu.space:443" for uid:"axy"  device_version:"v0.0.0-349-150-g65078878"  virtual_ip:"fc03:1136:3888:cdff:f0b4:cc87:25fe:0"  peer_id:"12D3KooWKYozGC9MGkLxJnjhSveyXzrxVyHBrWAAxLwsMJ5cdLir"  is_logined:true  is_trust_dev:true  remote_multi_addr:"/ip6/2409:894d:5264:2391:b4ae:b5c0:8bd8:412f/udp/59038/punchhole"
api-servers-1        | 2025-11-16T01:06:52.975646000Z 2025/11/16 09:06:52 device.go:66: new user session event, clearing end device cache...
pkgm-1               | 2025-11-16T01:15:32.134600000Z 2025-11-16T09:15:32.134+0800	INFO	engine	engine/engine.go:190	project cloud.lazycat.developer.tools is in ready, cost:9.390568952s
pkgm-1               | 2025-11-16T01:15:37.187308000Z 2025-11-16T09:15:37.187+0800	INFO	core	core/event.go:43	PUBLISH	evt:type:InstanceChanged  deploy_id:"cloud.lazycat.developer.tools" to 2
ingress-control-1    | 2025-11-15T13:32:22.152580000Z 2025-11-15T21:32:22.152+0800	INFO	usersession	usersession/grpc.go:57	updating auth token 64d27ef0-9cc6-44df-aebb-41cd15743043 by 12D3KooWKYozGC9MGkLxJnjhSveyXzrxVyHBrWAAxLwsMJ5cdLir
pkgm-1               | 2025-11-16T01:15:38.714223000Z 2025-11-16T09:15:38.714+0800	INFO	pkgm-ss	ss/download.go:40	Installing "http://app.cloud.lazycat.developer.tools.lzcapp:42341"(appid:"") by "axy"...
api-servers-1        | 2025-11-16T01:06:55.083418000Z 2025/11/16 09:06:55 device.go:66: new user session event, clearing end device cache...
api-servers-1        | 2025-11-16T01:06:55.101295000Z 2025/11/16 09:06:55 device.go:66: new user session event, clearing end device cache...
api-servers-1        | 2025-11-16T01:06:57.208053000Z 2025/11/16 09:06:57 device.go:66: new user session event, clearing end device cache...
ingress-control-1    | 2025-11-15T13:33:15.097969000Z 2025-11-15T21:33:15.097+0800	INFO	usersession	usersession/grpc.go:160	login with new dynamic api url "https://88-cdff-f0b4-cc87-25fe-0.d.heiyu.space:443" for uid:"axy"  device_version:"v0.0.0-349-150-g65078878"  virtual_ip:"fc03:1136:3888:cdff:f0b4:cc87:25fe:0"  peer_id:"12D3KooWKYozGC9MGkLxJnjhSveyXzrxVyHBrWAAxLwsMJ5cdLir"  is_logined:true  is_trust_dev:true  remote_multi_addr:"/ip4/114.66.59.177/tcp/4001/p2p/12D3KooWGDaCjwJPAfeLGLKwUFtr7hxVt1FeqvZxdGpVWaDYpWAM/p2p-circuit"
api-servers-1        | 2025-11-16T01:06:57.228473000Z 2025/11/16 09:06:57 device.go:66: new user session event, clearing end device cache...
ingress-control-1    | 2025-11-15T13:33:15.273820000Z 2025-11-15T21:33:15.273+0800	INFO	usersession	usersession/grpc.go:160	login with new dynamic api url "https://88-cdff-f0b4-cc87-25fe-0.d.heiyu.space:443" for uid:"axy"  device_version:"v0.0.0-349-150-g65078878"  virtual_ip:"fc03:1136:3888:cdff:f0b4:cc87:25fe:0"  peer_id:"12D3KooWKYozGC9MGkLxJnjhSveyXzrxVyHBrWAAxLwsMJ5cdLir"  is_logined:true  is_trust_dev:true  remote_multi_addr:"/ip4/114.66.59.177/tcp/4001/p2p/12D3KooWGDaCjwJPAfeLGLKwUFtr7hxVt1FeqvZxdGpVWaDYpWAM/p2p-circuit"
ingress-control-1    | 2025-11-15T13:33:15.418750000Z 2025-11-15T21:33:15.418+0800	INFO	usersession	usersession/grpc.go:57	updating auth token dcb9c0ff-5611-460a-8ef6-520385ac79b0 by 12D3KooWKYozGC9MGkLxJnjhSveyXzrxVyHBrWAAxLwsMJ5cdLir
pkgm-1               | 2025-11-16T01:15:38.714602000Z 2025-11-16T09:15:38.714+0800	INFO	pkgm-ss	ss/download.go:272	begin downloading task_id:"b4c7bbea-45aa-4f8b-94ad-274cd6d5f698"  status:CREATING  create_at:{seconds:1763255738  nanos:714092717}  download_url:"http://app.cloud.lazycat.developer.tools.lzcapp:42341" to /lzcsys/var/runtime/lpk-cache/b4c7bbea-45aa-4f8b-94ad-274cd6d5f698
pkgm-1               | 2025-11-16T01:15:38.715196000Z 2025-11-16T09:15:38.715+0800	INFO	pkgm-ss	ss/download.go:310	begin installing task_id:"b4c7bbea-45aa-4f8b-94ad-274cd6d5f698"  status:CREATING  create_at:{seconds:1763255738  nanos:714092717}  download_url:"http://app.cloud.lazycat.developer.tools.lzcapp:42341"  downloaded_size:70230
pkgm-1               | 2025-11-16T01:15:38.715536000Z 2025-11-16T09:15:38.715+0800	INFO	core	core/manager.go:284	try installing  /lzcsys/var/runtime/lpk-cache/b4c7bbea-45aa-4f8b-94ad-274cd6d5f698, size:70230 deploy_uid:axy
pkgm-1               | 2025-11-16T01:15:38.721697000Z 2025-11-16T09:15:38.721+0800	INFO	core	core/manager.go:238	install/extract cloud.lzcapp.qemu done. cost: 6.388121ms
api-servers-1        | 2025-11-16T01:06:59.336050000Z 2025/11/16 09:06:59 device.go:66: new user session event, clearing end device cache...
api-servers-1        | 2025-11-16T01:06:59.357011000Z 2025/11/16 09:06:59 device.go:66: new user session event, clearing end device cache...
api-servers-1        | 2025-11-16T01:07:01.461382000Z 2025/11/16 09:07:01 device.go:66: new user session event, clearing end device cache...
api-servers-1        | 2025-11-16T01:07:01.484466000Z 2025/11/16 09:07:01 device.go:66: new user session event, clearing end device cache...
api-servers-1        | 2025-11-16T01:07:03.584220000Z 2025/11/16 09:07:03 device.go:66: new user session event, clearing end device cache...
pkgm-1               | 2025-11-16T01:15:38.745082000Z 2025-11-16T09:15:38.744+0800	INFO	core	core/manager.go:246	install/prepare cloud.lzcapp.qemu done. cost:23.329428ms
pkgm-1               | 2025-11-16T01:15:38.745254000Z 2025-11-16T09:15:38.744+0800	INFO	core	core/storage.go:173	begin sync to pkgm/apps  cloud.lzcapp.qemu
pkgm-1               | 2025-11-16T01:15:38.756250000Z 2025-11-16T09:15:38.756+0800	INFO	core	core/storage.go:176	sync to pkgm/apps/cloud.lzcapp.qemu done.  cost:11.141894ms
pkgm-1               | 2025-11-16T01:15:38.778214000Z 2025-11-16T09:15:38.777+0800	INFO	core	core/event.go:43	PUBLISH	evt:type:DeployAdded  deploy_id:"cloud.lzcapp.qemu" to 2
api-servers-1        | 2025-11-16T01:07:03.618561000Z 2025/11/16 09:07:03 device.go:66: new user session event, clearing end device cache...
api-servers-1        | 2025-11-16T01:07:05.711395000Z 2025/11/16 09:07:05 device.go:66: new user session event, clearing end device cache...
api-servers-1        | 2025-11-16T01:07:05.724555000Z 2025/11/16 09:07:05 device.go:66: new user session event, clearing end device cache...
ingress-control-1    | 2025-11-15T14:13:30.495754000Z 2025-11-15T22:13:30.495+0800	ERROR	lzcapp	lzcapp/loading.go:62	wait status failed:rpc error: code = Canceled desc = context canceled
ingress-control-1    | 2025-11-15T16:24:44.708221000Z 2025-11-16T00:24:44.707+0800	INFO	got renewal info	{"names": ["axy.heiyu.space"], "window_start": "2025-12-12T23:59:59.000Z", "window_end": "2025-12-14T23:59:59.000Z", "selected_time": "2025-12-13T22:18:15.000Z", "recheck_after": "2025-11-16T06:24:44.707+0800", "explanation_url": ""}
api-servers-1        | 2025-11-16T01:07:07.829566000Z 2025/11/16 09:07:07 device.go:66: new user session event, clearing end device cache...
