pkgm-1               | 2025-11-14T15:45:27.233705000Z 2025-11-14T23:45:27.230+0800	INFO	core	core/event.go:43	PUBLISH	evt:type:InstanceChanged  deploy_id:"cloud.lazycat.app.ai" to 2
ingress-control-1    | 2025-11-14T21:54:43.260735000Z 2025-11-15T05:54:43.260+0800	INFO	got renewal info	{"names": ["axy.heiyu.space"], "window_start": "2025-12-12T23:59:59.000Z", "window_end": "2025-12-14T23:59:59.000Z", "selected_time": "2025-12-14T06:53:48.000Z", "recheck_after": "2025-11-15T11:54:43.260+0800", "explanation_url": ""}
ingress-control-1    | 2025-11-14T21:54:43.261862000Z 2025-11-15T05:54:43.261+0800	INFO	certmgr.maintenance	certmagic@v0.23.0/maintain.go:610	updated and stored ACME renewal information	{"identifiers": ["axy.heiyu.space"], "cert_hash": "1898912ff577ddac5eee2fda5468aab95d46c7b269152b149681bf22bd2e6aa3", "ari_unique_id": "D2vmS845R672fpAeefAwkZLIX6M.DQDyL0f3iDYf5-1FI7mlOw", "cert_expiry": "2025-12-27T23:59:59.000Z", "selected_time": "2025-12-13T21:16:56.000Z", "next_update": "2025-11-15T11:54:43.260+0800", "explanation_url": ""}
ingress-control-1    | 2025-11-14T21:54:44.173909000Z 2025-11-15T05:54:44.173+0800	INFO	got renewal info	{"names": ["*.axy.heiyu.space"], "window_start": "2025-11-26T07:59:55.000Z", "window_end": "2025-11-28T03:10:44.000Z", "selected_time": "2025-11-27T04:11:26.000Z", "recheck_after": "2025-11-15T11:54:44.173+0800", "explanation_url": ""}
ingress-control-1    | 2025-11-14T21:54:44.175033000Z 2025-11-15T05:54:44.174+0800	INFO	certmgr.maintenance	certmagic@v0.23.0/maintain.go:610	updated and stored ACME renewal information	{"identifiers": ["*.axy.heiyu.space"], "cert_hash": "56c4564fa3671f028f34c69760a812f9e45c10a8564ca9b21b67c746730f2731", "ari_unique_id": "rkie3IcdRKBv2qLlYHQEeMKcAIA.BSqv9gQg12bCt_DgCMqyJqYb", "cert_expiry": "2025-12-27T05:15:50.000Z", "selected_time": "2025-11-27T16:15:52.000Z", "next_update": "2025-11-15T11:54:44.173+0800", "explanation_url": ""}
ingress-control-1    | 2025-11-15T00:41:06.002381000Z 2025-11-15T08:41:06.002+0800	INFO	usersession	usersession/grpc.go:160	login with new dynamic api url "https://88-cdff-f0b4-cc87-25fe-0.d.heiyu.space:443" for uid:"axy"  device_version:"v0.0.0-349-150-g65078878"  virtual_ip:"fc03:1136:3888:cdff:f0b4:cc87:25fe:0"  peer_id:"12D3KooWKYozGC9MGkLxJnjhSveyXzrxVyHBrWAAxLwsMJ5cdLir"  is_logined:true  is_trust_dev:true  remote_multi_addr:"/ip4/114.66.59.177/tcp/4001/p2p/12D3KooWGDaCjwJPAfeLGLKwUFtr7hxVt1FeqvZxdGpVWaDYpWAM/p2p-circuit"
pkgm-1               | 2025-11-14T15:45:27.233749000Z 2025-11-14T23:45:27.230+0800	INFO	engine	engine/engine.go:161	try starting project "cloud.lazycat.app.ai" 
ingress-control-1    | 2025-11-15T00:41:06.195416000Z 2025-11-15T08:41:06.195+0800	INFO	usersession	usersession/grpc.go:160	login with new dynamic api url "https://88-cdff-f0b4-cc87-25fe-0.d.heiyu.space:443" for uid:"axy"  device_version:"v0.0.0-349-150-g65078878"  virtual_ip:"fc03:1136:3888:cdff:f0b4:cc87:25fe:0"  peer_id:"12D3KooWKYozGC9MGkLxJnjhSveyXzrxVyHBrWAAxLwsMJ5cdLir"  is_logined:true  is_trust_dev:true  remote_multi_addr:"/ip4/114.66.59.177/tcp/4001/p2p/12D3KooWGDaCjwJPAfeLGLKwUFtr7hxVt1FeqvZxdGpVWaDYpWAM/p2p-circuit"
ingress-control-1    | 2025-11-15T00:41:06.353513000Z 2025-11-15T08:41:06.353+0800	INFO	usersession	usersession/grpc.go:57	updating auth token db5dd86a-6945-4baf-801b-9ee9c1989619 by 12D3KooWKYozGC9MGkLxJnjhSveyXzrxVyHBrWAAxLwsMJ5cdLir
ingress-control-1    | 2025-11-15T01:07:25.179277000Z 2025-11-15T09:07:25.179+0800	INFO	usersession	usersession/grpc.go:160	login with new dynamic api url "https://88-cdff-f0b4-cc87-25fe-0.d.heiyu.space:443" for uid:"axy"  device_version:"v0.0.0-349-150-g65078878"  virtual_ip:"fc03:1136:3888:cdff:f0b4:cc87:25fe:0"  peer_id:"12D3KooWKYozGC9MGkLxJnjhSveyXzrxVyHBrWAAxLwsMJ5cdLir"  is_logined:true  is_trust_dev:true  remote_multi_addr:"/ip4/223.104.119.130/tcp/35021/punchhole"
ingress-control-1    | 2025-11-15T01:07:25.303213000Z 2025-11-15T09:07:25.302+0800	INFO	usersession	usersession/grpc.go:160	login with new dynamic api url "https://88-cdff-f0b4-cc87-25fe-0.d.heiyu.space:443" for uid:"axy"  device_version:"v0.0.0-349-150-g65078878"  virtual_ip:"fc03:1136:3888:cdff:f0b4:cc87:25fe:0"  peer_id:"12D3KooWKYozGC9MGkLxJnjhSveyXzrxVyHBrWAAxLwsMJ5cdLir"  is_logined:true  is_trust_dev:true  remote_multi_addr:"/ip4/223.104.119.130/tcp/35021/punchhole"
pkgm-1               | 2025-11-14T15:45:27.233778000Z 2025-11-14T23:45:27.230+0800	INFO	engine	engine/engine.go:164	project "cloud.lazycat.app.ai" acquired the start lock in 9.55µs
pkgm-1               | 2025-11-14T15:45:28.152130000Z 2025-11-14T23:45:28.151+0800	INFO	core	core/event.go:43	PUBLISH	evt:type:InstanceChanged  deploy_id:"cloud.lazycat.shell.appstore" to 2
pkgm-1               | 2025-11-14T15:45:28.171860000Z cloud.lazycat.app.ai: Container cloudlazycatappai-mtrans-1  Stopping
pkgm-1               | 2025-11-14T15:45:28.172005000Z  Container cloudlazycatappai-app-1  Stopping
ingress-control-1    | 2025-11-15T01:07:25.396190000Z 2025-11-15T09:07:25.395+0800	INFO	usersession	usersession/grpc.go:57	updating auth token db5dd86a-6945-4baf-801b-9ee9c1989619 by 12D3KooWKYozGC9MGkLxJnjhSveyXzrxVyHBrWAAxLwsMJ5cdLir
ingress-control-1    | 2025-11-15T02:08:53.454633000Z 2025-11-15T10:08:53.454+0800	INFO	usersession	usersession/grpc.go:160	login with new dynamic api url "https://88-cdff-f0b4-cc87-25fe-0.d.heiyu.space:443" for uid:"axy"  device_version:"v0.0.0-349-150-g65078878"  virtual_ip:"fc03:1136:3888:cdff:f0b4:cc87:25fe:0"  peer_id:"12D3KooWKYozGC9MGkLxJnjhSveyXzrxVyHBrWAAxLwsMJ5cdLir"  is_logined:true  is_trust_dev:true  remote_multi_addr:"/ip4/114.66.59.177/tcp/4001/p2p/12D3KooWGDaCjwJPAfeLGLKwUFtr7hxVt1FeqvZxdGpVWaDYpWAM/p2p-circuit"
ingress-control-1    | 2025-11-15T02:08:53.708955000Z 2025-11-15T10:08:53.708+0800	INFO	usersession	usersession/grpc.go:160	login with new dynamic api url "https://88-cdff-f0b4-cc87-25fe-0.d.heiyu.space:443" for uid:"axy"  device_version:"v0.0.0-349-150-g65078878"  virtual_ip:"fc03:1136:3888:cdff:f0b4:cc87:25fe:0"  peer_id:"12D3KooWKYozGC9MGkLxJnjhSveyXzrxVyHBrWAAxLwsMJ5cdLir"  is_logined:true  is_trust_dev:true  remote_multi_addr:"/ip4/114.66.59.177/tcp/4001/p2p/12D3KooWGDaCjwJPAfeLGLKwUFtr7hxVt1FeqvZxdGpVWaDYpWAM/p2p-circuit"
pkgm-1               | 2025-11-14T15:45:28.172059000Z cloud.lazycat.app.ai: Container cloudlazycatappai-caddy-1  Stopping
pkgm-1               | 2025-11-14T15:45:28.172091000Z cloud.lazycat.app.ai: Container cloudlazycatappai-convert-1  Stopping
pkgm-1               | 2025-11-14T15:45:28.172124000Z cloud.lazycat.app.ai: Container cloudlazycatappai-backend-1  Stopping
pkgm-1               | 2025-11-14T15:45:28.172150000Z  Container cloudlazycatappai-mdns_discovery-1  Stopping
pkgm-1               | 2025-11-14T15:45:28.172392000Z cloud.lazycat.app.ai: Container cloudlazycatappai-mtrans-1  Stopped
ingress-control-1    | 2025-11-15T02:08:53.876300000Z 2025-11-15T10:08:53.876+0800	INFO	usersession	usersession/grpc.go:57	updating auth token db5dd86a-6945-4baf-801b-9ee9c1989619 by 12D3KooWKYozGC9MGkLxJnjhSveyXzrxVyHBrWAAxLwsMJ5cdLir
ingress-control-1    | 2025-11-15T02:09:56.343927000Z 2025-11-15T10:09:56.343+0800	INFO	usersession	usersession/grpc.go:160	login with new dynamic api url "https://88-cdff-f0b4-cc87-25fe-0.d.heiyu.space:443" for uid:"axy"  device_version:"v0.0.0-349-150-g65078878"  virtual_ip:"fc03:1136:3888:cdff:f0b4:cc87:25fe:0"  peer_id:"12D3KooWKYozGC9MGkLxJnjhSveyXzrxVyHBrWAAxLwsMJ5cdLir"  is_logined:true  is_trust_dev:true  remote_multi_addr:"/ip4/114.66.59.177/tcp/4001/p2p/12D3KooWGDaCjwJPAfeLGLKwUFtr7hxVt1FeqvZxdGpVWaDYpWAM/p2p-circuit"
pkgm-1               | 2025-11-14T15:45:28.172439000Z  Container cloudlazycatappai-mtrans-1  Removing
ingress-control-1    | 2025-11-15T02:09:56.503769000Z 2025-11-15T10:09:56.503+0800	INFO	usersession	usersession/grpc.go:160	login with new dynamic api url "https://88-cdff-f0b4-cc87-25fe-0.d.heiyu.space:443" for uid:"axy"  device_version:"v0.0.0-349-150-g65078878"  virtual_ip:"fc03:1136:3888:cdff:f0b4:cc87:25fe:0"  peer_id:"12D3KooWKYozGC9MGkLxJnjhSveyXzrxVyHBrWAAxLwsMJ5cdLir"  is_logined:true  is_trust_dev:true  remote_multi_addr:"/ip4/114.66.59.177/tcp/4001/p2p/12D3KooWGDaCjwJPAfeLGLKwUFtr7hxVt1FeqvZxdGpVWaDYpWAM/p2p-circuit"
ingress-control-1    | 2025-11-15T02:09:56.667060000Z 2025-11-15T10:09:56.666+0800	INFO	usersession	usersession/grpc.go:57	updating auth token db5dd86a-6945-4baf-801b-9ee9c1989619 by 12D3KooWKYozGC9MGkLxJnjhSveyXzrxVyHBrWAAxLwsMJ5cdLir
pkgm-1               | 2025-11-14T15:45:28.172471000Z cloud.lazycat.app.ai: Container cloudlazycatappai-app-1  Stopped
pkgm-1               | 2025-11-14T15:45:28.172492000Z  Container cloudlazycatappai-app-1  Removing
ingress-control-1    | 2025-11-15T03:31:27.891054000Z 2025-11-15T11:31:27.890+0800	INFO	usersession	usersession/grpc.go:160	login with new dynamic api url "https://88-cdff-f0b4-cc87-25fe-0.d.heiyu.space:443" for uid:"axy"  device_version:"v0.0.0-349-150-g65078878"  virtual_ip:"fc03:1136:3888:cdff:f0b4:cc87:25fe:0"  peer_id:"12D3KooWKYozGC9MGkLxJnjhSveyXzrxVyHBrWAAxLwsMJ5cdLir"  is_logined:true  is_trust_dev:true  remote_multi_addr:"/ip4/114.66.59.177/tcp/4001/p2p/12D3KooWGDaCjwJPAfeLGLKwUFtr7hxVt1FeqvZxdGpVWaDYpWAM/p2p-circuit"
ingress-control-1    | 2025-11-15T03:31:28.073964000Z 2025-11-15T11:31:28.073+0800	INFO	usersession	usersession/grpc.go:160	login with new dynamic api url "https://88-cdff-f0b4-cc87-25fe-0.d.heiyu.space:443" for uid:"axy"  device_version:"v0.0.0-349-150-g65078878"  virtual_ip:"fc03:1136:3888:cdff:f0b4:cc87:25fe:0"  peer_id:"12D3KooWKYozGC9MGkLxJnjhSveyXzrxVyHBrWAAxLwsMJ5cdLir"  is_logined:true  is_trust_dev:true  remote_multi_addr:"/ip4/114.66.59.177/tcp/4001/p2p/12D3KooWGDaCjwJPAfeLGLKwUFtr7hxVt1FeqvZxdGpVWaDYpWAM/p2p-circuit"
ingress-control-1    | 2025-11-15T03:31:28.218086000Z 2025-11-15T11:31:28.217+0800	INFO	usersession	usersession/grpc.go:57	updating auth token db5dd86a-6945-4baf-801b-9ee9c1989619 by 12D3KooWKYozGC9MGkLxJnjhSveyXzrxVyHBrWAAxLwsMJ5cdLir
pkgm-1               | 2025-11-14T15:45:28.172514000Z cloud.lazycat.app.ai: Container cloudlazycatappai-caddy-1  Stopped
pkgm-1               | 2025-11-14T15:45:28.172536000Z  Container cloudlazycatappai-caddy-1  Removing
pkgm-1               | 2025-11-14T15:45:28.172562000Z cloud.lazycat.app.ai: Container cloudlazycatappai-backend-1  Stopped
api-servers-1        | 2025-11-16T01:04:25.595981000Z 2025/11/16 09:04:25 device.go:66: new user session event, clearing end device cache...
api-servers-1        | 2025-11-16T01:04:25.610851000Z 2025/11/16 09:04:25 device.go:66: new user session event, clearing end device cache...
api-servers-1        | 2025-11-16T01:04:27.723562000Z 2025/11/16 09:04:27 device.go:66: new user session event, clearing end device cache...
pkgm-1               | 2025-11-14T15:45:28.172589000Z  Container cloudlazycatappai-backend-1  Removing
pkgm-1               | 2025-11-14T15:45:28.172613000Z cloud.lazycat.app.ai: Container cloudlazycatappai-convert-1  Stopped
pkgm-1               | 2025-11-14T15:45:28.172633000Z  Container cloudlazycatappai-convert-1  Removing
pkgm-1               | 2025-11-14T15:45:28.172651000Z  Container cloudlazycatappai-mdns_discovery-1  Stopped
ingress-control-1    | 2025-11-15T04:04:44.371834000Z 2025-11-15T12:04:44.371+0800	INFO	got renewal info	{"names": ["axy.heiyu.space"], "window_start": "2025-12-12T23:59:59.000Z", "window_end": "2025-12-14T23:59:59.000Z", "selected_time": "2025-12-13T17:10:07.000Z", "recheck_after": "2025-11-15T18:04:44.371+0800", "explanation_url": ""}
ingress-control-1    | 2025-11-15T04:04:44.373628000Z 2025-11-15T12:04:44.373+0800	INFO	certmgr.maintenance	certmagic@v0.23.0/maintain.go:610	updated and stored ACME renewal information	{"identifiers": ["axy.heiyu.space"], "cert_hash": "1898912ff577ddac5eee2fda5468aab95d46c7b269152b149681bf22bd2e6aa3", "ari_unique_id": "D2vmS845R672fpAeefAwkZLIX6M.DQDyL0f3iDYf5-1FI7mlOw", "cert_expiry": "2025-12-27T23:59:59.000Z", "selected_time": "2025-12-13T21:16:56.000Z", "next_update": "2025-11-15T18:04:44.371+0800", "explanation_url": ""}
pkgm-1               | 2025-11-14T15:45:28.172679000Z  Container cloudlazycatappai-mdns_discovery-1  Removing
api-servers-1        | 2025-11-16T01:04:27.736799000Z 2025/11/16 09:04:27 device.go:66: new user session event, clearing end device cache...
api-servers-1        | 2025-11-16T01:04:29.850708000Z 2025/11/16 09:04:29 device.go:66: new user session event, clearing end device cache...
ingress-control-1    | 2025-11-15T04:04:45.716226000Z 2025-11-15T12:04:45.715+0800	INFO	got renewal info	{"names": ["*.axy.heiyu.space"], "window_start": "2025-11-26T07:59:55.000Z", "window_end": "2025-11-28T03:10:44.000Z", "selected_time": "2025-11-27T16:00:52.000Z", "recheck_after": "2025-11-15T18:04:45.715+0800", "explanation_url": ""}
ingress-control-1    | 2025-11-15T04:04:45.717145000Z 2025-11-15T12:04:45.716+0800	INFO	certmgr.maintenance	certmagic@v0.23.0/maintain.go:610	updated and stored ACME renewal information	{"identifiers": ["*.axy.heiyu.space"], "cert_hash": "56c4564fa3671f028f34c69760a812f9e45c10a8564ca9b21b67c746730f2731", "ari_unique_id": "rkie3IcdRKBv2qLlYHQEeMKcAIA.BSqv9gQg12bCt_DgCMqyJqYb", "cert_expiry": "2025-12-27T05:15:50.000Z", "selected_time": "2025-11-27T16:15:52.000Z", "next_update": "2025-11-15T18:04:45.715+0800", "explanation_url": ""}
ingress-control-1    | 2025-11-15T05:15:39.930514000Z 2025-11-15T13:15:39.930+0800	INFO	usersession	usersession/grpc.go:160	login with new dynamic api url "https://88-cdff-f0b4-cc87-25fe-0.d.heiyu.space:443" for uid:"axy"  device_version:"v0.0.0-349-150-g65078878"  virtual_ip:"fc03:1136:3888:cdff:f0b4:cc87:25fe:0"  peer_id:"12D3KooWKYozGC9MGkLxJnjhSveyXzrxVyHBrWAAxLwsMJ5cdLir"  is_logined:true  is_trust_dev:true  remote_multi_addr:"/ip4/114.66.59.177/tcp/4001/p2p/12D3KooWGDaCjwJPAfeLGLKwUFtr7hxVt1FeqvZxdGpVWaDYpWAM/p2p-circuit"
ingress-control-1    | 2025-11-15T05:15:40.108829000Z 2025-11-15T13:15:40.108+0800	INFO	usersession	usersession/grpc.go:160	login with new dynamic api url "https://88-cdff-f0b4-cc87-25fe-0.d.heiyu.space:443" for uid:"axy"  device_version:"v0.0.0-349-150-g65078878"  virtual_ip:"fc03:1136:3888:cdff:f0b4:cc87:25fe:0"  peer_id:"12D3KooWKYozGC9MGkLxJnjhSveyXzrxVyHBrWAAxLwsMJ5cdLir"  is_logined:true  is_trust_dev:true  remote_multi_addr:"/ip4/114.66.59.177/tcp/4001/p2p/12D3KooWGDaCjwJPAfeLGLKwUFtr7hxVt1FeqvZxdGpVWaDYpWAM/p2p-circuit"
ingress-control-1    | 2025-11-15T05:15:40.259692000Z 2025-11-15T13:15:40.259+0800	INFO	usersession	usersession/grpc.go:57	updating auth token db5dd86a-6945-4baf-801b-9ee9c1989619 by 12D3KooWKYozGC9MGkLxJnjhSveyXzrxVyHBrWAAxLwsMJ5cdLir
ingress-control-1    | 2025-11-15T05:18:31.837415000Z 2025-11-15T13:18:31.837+0800	INFO	usersession	usersession/grpc.go:160	login with new dynamic api url "https://88-cdff-f0b4-cc87-25fe-0.d.heiyu.space:443" for uid:"axy"  device_version:"v0.0.0-349-150-g65078878"  virtual_ip:"fc03:1136:3888:cdff:f0b4:cc87:25fe:0"  peer_id:"12D3KooWKYozGC9MGkLxJnjhSveyXzrxVyHBrWAAxLwsMJ5cdLir"  is_logined:true  is_trust_dev:true  remote_multi_addr:"/ip4/114.66.59.177/tcp/4001/p2p/12D3KooWGDaCjwJPAfeLGLKwUFtr7hxVt1FeqvZxdGpVWaDYpWAM/p2p-circuit"
ingress-control-1    | 2025-11-15T05:18:32.027023000Z 2025-11-15T13:18:32.026+0800	INFO	usersession	usersession/grpc.go:160	login with new dynamic api url "https://88-cdff-f0b4-cc87-25fe-0.d.heiyu.space:443" for uid:"axy"  device_version:"v0.0.0-349-150-g65078878"  virtual_ip:"fc03:1136:3888:cdff:f0b4:cc87:25fe:0"  peer_id:"12D3KooWKYozGC9MGkLxJnjhSveyXzrxVyHBrWAAxLwsMJ5cdLir"  is_logined:true  is_trust_dev:true  remote_multi_addr:"/ip4/114.66.59.177/tcp/4001/p2p/12D3KooWGDaCjwJPAfeLGLKwUFtr7hxVt1FeqvZxdGpVWaDYpWAM/p2p-circuit"
ingress-control-1    | 2025-11-15T05:18:32.183862000Z 2025-11-15T13:18:32.183+0800	INFO	usersession	usersession/grpc.go:57	updating auth token db5dd86a-6945-4baf-801b-9ee9c1989619 by 12D3KooWKYozGC9MGkLxJnjhSveyXzrxVyHBrWAAxLwsMJ5cdLir
api-servers-1        | 2025-11-16T01:04:29.864169000Z 2025/11/16 09:04:29 device.go:66: new user session event, clearing end device cache...
ingress-control-1    | 2025-11-15T05:20:23.034013000Z 2025-11-15T13:20:23.033+0800	INFO	usersession	usersession/grpc.go:160	login with new dynamic api url "https://88-cdff-f0b4-cc87-25fe-0.d.heiyu.space:443" for uid:"axy"  device_version:"v0.0.0-349-150-g65078878"  virtual_ip:"fc03:1136:3888:cdff:f0b4:cc87:25fe:0"  peer_id:"12D3KooWKYozGC9MGkLxJnjhSveyXzrxVyHBrWAAxLwsMJ5cdLir"  is_logined:true  is_trust_dev:true  remote_multi_addr:"/ip4/114.66.59.177/tcp/4001/p2p/12D3KooWGDaCjwJPAfeLGLKwUFtr7hxVt1FeqvZxdGpVWaDYpWAM/p2p-circuit"
pkgm-1               | 2025-11-14T15:45:28.248592000Z 2025-11-14T23:45:28.248+0800	INFO	engine	engine/engine.go:190	project cloud.lazycat.app.contacts is in ready, cost:8.842046592s
pkgm-1               | 2025-11-14T15:45:30.325504000Z cloud.lazycat.app.ai: Container cloudlazycatappai-mtrans-1  Removed
api-servers-1        | 2025-11-16T01:04:31.979965000Z 2025/11/16 09:04:31 device.go:66: new user session event, clearing end device cache...
api-servers-1        | 2025-11-16T01:04:31.995604000Z 2025/11/16 09:04:31 device.go:66: new user session event, clearing end device cache...
ingress-control-1    | 2025-11-15T05:20:23.199406000Z 2025-11-15T13:20:23.199+0800	INFO	usersession	usersession/grpc.go:160	login with new dynamic api url "https://88-cdff-f0b4-cc87-25fe-0.d.heiyu.space:443" for uid:"axy"  device_version:"v0.0.0-349-150-g65078878"  virtual_ip:"fc03:1136:3888:cdff:f0b4:cc87:25fe:0"  peer_id:"12D3KooWKYozGC9MGkLxJnjhSveyXzrxVyHBrWAAxLwsMJ5cdLir"  is_logined:true  is_trust_dev:true  remote_multi_addr:"/ip4/114.66.59.177/tcp/4001/p2p/12D3KooWGDaCjwJPAfeLGLKwUFtr7hxVt1FeqvZxdGpVWaDYpWAM/p2p-circuit"
ingress-control-1    | 2025-11-15T05:20:23.352413000Z 2025-11-15T13:20:23.352+0800	INFO	usersession	usersession/grpc.go:57	updating auth token db5dd86a-6945-4baf-801b-9ee9c1989619 by 12D3KooWKYozGC9MGkLxJnjhSveyXzrxVyHBrWAAxLwsMJ5cdLir
ingress-control-1    | 2025-11-15T05:22:54.947195000Z 2025-11-15T13:22:54.946+0800	INFO	usersession	usersession/grpc.go:160	login with new dynamic api url "https://a5-5f5f-1cd6-73bd-8922-0.d.heiyu.space:4443" for uid:"axy"  device_version:"v0.0.0-349-150-g65078878"  virtual_ip:"fc03:1136:38a5:5f5f:1cd6:73bd:8922:0"  peer_id:"12D3KooWArYUgwHJwgDwugWCf32Szrx4UxsaibfUSD5UgRJ4t1h5"  is_logined:true  is_trust_dev:true  remote_multi_addr:"/ip6/2408:824e:d23:6080::997/tcp/46709"
pkgm-1               | 2025-11-14T15:45:30.349483000Z  Container cloudlazycatappai-app-1  Removed
pkgm-1               | 2025-11-14T15:45:30.349552000Z cloud.lazycat.app.ai: Container cloudlazycatappai-convert-1  Removed
pkgm-1               | 2025-11-14T15:45:30.379831000Z cloud.lazycat.app.ai: Container cloudlazycatappai-caddy-1  Removed
pkgm-1               | 2025-11-14T15:45:30.395393000Z cloud.lazycat.app.ai: Container cloudlazycatappai-backend-1  Removed
pkgm-1               | 2025-11-14T15:45:30.395493000Z cloud.lazycat.app.ai: Container cloudlazycatappai-postgres-1  Stopping
pkgm-1               | 2025-11-14T15:45:30.395533000Z cloud.lazycat.app.ai: Container cloudlazycatappai-mdns_discovery-1  Removed
pkgm-1               | 2025-11-14T15:45:30.395735000Z cloud.lazycat.app.ai: Container cloudlazycatappai-postgres-1  Stopped
api-servers-1        | 2025-11-16T01:04:34.104892000Z 2025/11/16 09:04:34 device.go:66: new user session event, clearing end device cache...
api-servers-1        | 2025-11-16T01:04:34.116823000Z 2025/11/16 09:04:34 device.go:66: new user session event, clearing end device cache...
api-servers-1        | 2025-11-16T01:04:36.236890000Z 2025/11/16 09:04:36 device.go:66: new user session event, clearing end device cache...
api-servers-1        | 2025-11-16T01:04:36.251009000Z 2025/11/16 09:04:36 device.go:66: new user session event, clearing end device cache...
api-servers-1        | 2025-11-16T01:04:38.365376000Z 2025/11/16 09:04:38 device.go:66: new user session event, clearing end device cache...
api-servers-1        | 2025-11-16T01:04:38.378487000Z 2025/11/16 09:04:38 device.go:66: new user session event, clearing end device cache...
api-servers-1        | 2025-11-16T01:04:40.505502000Z 2025/11/16 09:04:40 device.go:66: new user session event, clearing end device cache...
api-servers-1        | 2025-11-16T01:04:40.509560000Z 2025/11/16 09:04:40 device.go:66: new user session event, clearing end device cache...
api-servers-1        | 2025-11-16T01:04:42.625722000Z 2025/11/16 09:04:42 device.go:66: new user session event, clearing end device cache...
ingress-control-1    | 2025-11-15T05:22:54.985828000Z 2025-11-15T13:22:54.985+0800	INFO	usersession	usersession/grpc.go:160	login with new dynamic api url "https://a5-5f5f-1cd6-73bd-8922-0.d.heiyu.space:4443" for uid:"axy"  device_version:"v0.0.0-349-150-g65078878"  virtual_ip:"fc03:1136:38a5:5f5f:1cd6:73bd:8922:0"  peer_id:"12D3KooWArYUgwHJwgDwugWCf32Szrx4UxsaibfUSD5UgRJ4t1h5"  is_logined:true  is_trust_dev:true  remote_multi_addr:"/ip6/2408:824e:d23:6080::997/tcp/46709"
ingress-control-1    | 2025-11-15T05:22:55.005867000Z 2025-11-15T13:22:55.005+0800	INFO	usersession	usersession/grpc.go:57	updating auth token 5836a058-97fb-4797-9f85-25296507893d by 12D3KooWArYUgwHJwgDwugWCf32Szrx4UxsaibfUSD5UgRJ4t1h5
ingress-control-1    | 2025-11-15T06:38:07.782424000Z 2025-11-15T14:38:07.782+0800	INFO	usersession	usersession/grpc.go:160	login with new dynamic api url "https://88-cdff-f0b4-cc87-25fe-0.d.heiyu.space:443" for uid:"axy"  device_version:"v0.0.0-349-150-g65078878"  virtual_ip:"fc03:1136:3888:cdff:f0b4:cc87:25fe:0"  peer_id:"12D3KooWKYozGC9MGkLxJnjhSveyXzrxVyHBrWAAxLwsMJ5cdLir"  is_logined:true  is_trust_dev:true  remote_multi_addr:"/ip4/114.66.59.177/tcp/4001/p2p/12D3KooWGDaCjwJPAfeLGLKwUFtr7hxVt1FeqvZxdGpVWaDYpWAM/p2p-circuit"
ingress-control-1    | 2025-11-15T06:38:07.967770000Z 2025-11-15T14:38:07.967+0800	INFO	usersession	usersession/grpc.go:160	login with new dynamic api url "https://88-cdff-f0b4-cc87-25fe-0.d.heiyu.space:443" for uid:"axy"  device_version:"v0.0.0-349-150-g65078878"  virtual_ip:"fc03:1136:3888:cdff:f0b4:cc87:25fe:0"  peer_id:"12D3KooWKYozGC9MGkLxJnjhSveyXzrxVyHBrWAAxLwsMJ5cdLir"  is_logined:true  is_trust_dev:true  remote_multi_addr:"/ip4/114.66.59.177/tcp/4001/p2p/12D3KooWGDaCjwJPAfeLGLKwUFtr7hxVt1FeqvZxdGpVWaDYpWAM/p2p-circuit"
ingress-control-1    | 2025-11-15T06:38:08.142676000Z 2025-11-15T14:38:08.142+0800	INFO	usersession	usersession/grpc.go:57	updating auth token db5dd86a-6945-4baf-801b-9ee9c1989619 by 12D3KooWKYozGC9MGkLxJnjhSveyXzrxVyHBrWAAxLwsMJ5cdLir
ingress-control-1    | 2025-11-15T07:27:38.257671000Z 2025-11-15T15:27:38.257+0800	INFO	usersession	usersession/grpc.go:160	login with new dynamic api url "https://88-cdff-f0b4-cc87-25fe-0.d.heiyu.space:443" for uid:"axy"  device_version:"v0.0.0-349-150-g65078878"  virtual_ip:"fc03:1136:3888:cdff:f0b4:cc87:25fe:0"  peer_id:"12D3KooWKYozGC9MGkLxJnjhSveyXzrxVyHBrWAAxLwsMJ5cdLir"  is_logined:true  is_trust_dev:true  remote_multi_addr:"/ip4/114.66.59.177/tcp/4001/p2p/12D3KooWGDaCjwJPAfeLGLKwUFtr7hxVt1FeqvZxdGpVWaDYpWAM/p2p-circuit"
pkgm-1               | 2025-11-14T15:45:30.395773000Z  Container cloudlazycatappai-postgres-1  Removing
pkgm-1               | 2025-11-14T15:45:30.843639000Z cloud.lazycat.app.ai: Container cloudlazycatappai-postgres-1  Removed
api-servers-1        | 2025-11-16T01:04:42.645758000Z 2025/11/16 09:04:42 device.go:66: new user session event, clearing end device cache...
api-servers-1        | 2025-11-16T01:04:44.747196000Z 2025/11/16 09:04:44 device.go:66: new user session event, clearing end device cache...
api-servers-1        | 2025-11-16T01:04:44.762024000Z 2025/11/16 09:04:44 device.go:66: new user session event, clearing end device cache...
api-servers-1        | 2025-11-16T01:04:46.869184000Z 2025/11/16 09:04:46 device.go:66: new user session event, clearing end device cache...
api-servers-1        | 2025-11-16T01:04:46.883040000Z 2025/11/16 09:04:46 device.go:66: new user session event, clearing end device cache...
ingress-control-1    | 2025-11-15T07:27:38.428660000Z 2025-11-15T15:27:38.428+0800	INFO	usersession	usersession/grpc.go:160	login with new dynamic api url "https://88-cdff-f0b4-cc87-25fe-0.d.heiyu.space:443" for uid:"axy"  device_version:"v0.0.0-349-150-g65078878"  virtual_ip:"fc03:1136:3888:cdff:f0b4:cc87:25fe:0"  peer_id:"12D3KooWKYozGC9MGkLxJnjhSveyXzrxVyHBrWAAxLwsMJ5cdLir"  is_logined:true  is_trust_dev:true  remote_multi_addr:"/ip4/114.66.59.177/tcp/4001/p2p/12D3KooWGDaCjwJPAfeLGLKwUFtr7hxVt1FeqvZxdGpVWaDYpWAM/p2p-circuit"
pkgm-1               | 2025-11-14T15:45:32.606471000Z 2025-11-14T23:45:32.606+0800	INFO	grpc	grpcServer/server.go:109	resuming instance lazycat.community.app.openlist 
pkgm-1               | 2025-11-14T15:45:32.608060000Z 2025-11-14T23:45:32.607+0800	INFO	core	core/event.go:43	PUBLISH	evt:type:InstanceChanged  deploy_id:"lazycat.community.app.openlist" to 2
pkgm-1               | 2025-11-14T15:45:33.250702000Z prepare generating app.crts to /lzcsys/run/app/lazycat.community.app.openlist/certs
pkgm-1               | 2025-11-14T15:45:33.251728000Z 2025-11-14T23:45:33.251+0800	INFO	core	core/event.go:43	PUBLISH	evt:type:InstanceDeployed  deploy_id:"lazycat.community.app.openlist" to 2
ingress-control-1    | 2025-11-15T07:27:38.568917000Z 2025-11-15T15:27:38.568+0800	INFO	usersession	usersession/grpc.go:57	updating auth token 32d84c52-cda8-47c2-b972-ace89ead21c8 by 12D3KooWKYozGC9MGkLxJnjhSveyXzrxVyHBrWAAxLwsMJ5cdLir
ingress-control-1    | 2025-11-15T08:18:47.553254000Z 2025-11-15T16:18:47.553+0800	INFO	usersession	usersession/grpc.go:160	login with new dynamic api url "https://88-cdff-f0b4-cc87-25fe-0.d.heiyu.space:443" for uid:"axy"  device_version:"v0.0.0-349-150-g65078878"  virtual_ip:"fc03:1136:3888:cdff:f0b4:cc87:25fe:0"  peer_id:"12D3KooWKYozGC9MGkLxJnjhSveyXzrxVyHBrWAAxLwsMJ5cdLir"  is_logined:true  is_trust_dev:true  remote_multi_addr:"/ip4/114.66.59.177/tcp/4001/p2p/12D3KooWGDaCjwJPAfeLGLKwUFtr7hxVt1FeqvZxdGpVWaDYpWAM/p2p-circuit"
ingress-control-1    | 2025-11-15T08:18:47.978083000Z 2025-11-15T16:18:47.977+0800	INFO	usersession	usersession/grpc.go:160	login with new dynamic api url "https://88-cdff-f0b4-cc87-25fe-0.d.heiyu.space:443" for uid:"axy"  device_version:"v0.0.0-349-150-g65078878"  virtual_ip:"fc03:1136:3888:cdff:f0b4:cc87:25fe:0"  peer_id:"12D3KooWKYozGC9MGkLxJnjhSveyXzrxVyHBrWAAxLwsMJ5cdLir"  is_logined:true  is_trust_dev:true  remote_multi_addr:"/ip4/114.66.59.177/tcp/4001/p2p/12D3KooWGDaCjwJPAfeLGLKwUFtr7hxVt1FeqvZxdGpVWaDYpWAM/p2p-circuit"
ingress-control-1    | 2025-11-15T08:18:48.143699000Z 2025-11-15T16:18:48.143+0800	INFO	usersession	usersession/grpc.go:57	updating auth token 54629232-e1cb-4847-8a81-f97f5a01e60e by 12D3KooWKYozGC9MGkLxJnjhSveyXzrxVyHBrWAAxLwsMJ5cdLir
api-servers-1        | 2025-11-16T01:04:48.992134000Z 2025/11/16 09:04:48 device.go:66: new user session event, clearing end device cache...
api-servers-1        | 2025-11-16T01:04:49.005457000Z 2025/11/16 09:04:49 device.go:66: new user session event, clearing end device cache...
api-servers-1        | 2025-11-16T01:04:51.122778000Z 2025/11/16 09:04:51 device.go:66: new user session event, clearing end device cache...
api-servers-1        | 2025-11-16T01:04:51.136482000Z 2025/11/16 09:04:51 device.go:66: new user session event, clearing end device cache...
api-servers-1        | 2025-11-16T01:04:51.497950000Z 2025/11/16 09:04:51 device.go:66: new user session event, clearing end device cache...
api-servers-1        | 2025-11-16T01:04:53.246739000Z 2025/11/16 09:04:53 device.go:66: new user session event, clearing end device cache...
ingress-control-1    | 2025-11-15T08:43:50.280414000Z 2025-11-15T16:43:50.280+0800	INFO	usersession	usersession/grpc.go:160	login with new dynamic api url "https://88-cdff-f0b4-cc87-25fe-0.d.heiyu.space:443" for uid:"axy"  device_version:"v0.0.0-349-150-g65078878"  virtual_ip:"fc03:1136:3888:cdff:f0b4:cc87:25fe:0"  peer_id:"12D3KooWKYozGC9MGkLxJnjhSveyXzrxVyHBrWAAxLwsMJ5cdLir"  is_logined:true  is_trust_dev:true  remote_multi_addr:"/ip4/114.66.59.177/tcp/4001/p2p/12D3KooWGDaCjwJPAfeLGLKwUFtr7hxVt1FeqvZxdGpVWaDYpWAM/p2p-circuit"
pkgm-1               | 2025-11-14T15:45:33.251814000Z 2025-11-14T23:45:33.251+0800	INFO	core	core/event.go:43	PUBLISH	evt:type:InstanceChanged  deploy_id:"lazycat.community.app.openlist" to 2
api-servers-1        | 2025-11-16T01:04:53.263795000Z 2025/11/16 09:04:53 device.go:66: new user session event, clearing end device cache...
ingress-control-1    | 2025-11-15T08:43:50.460512000Z 2025-11-15T16:43:50.460+0800	INFO	usersession	usersession/grpc.go:160	login with new dynamic api url "https://88-cdff-f0b4-cc87-25fe-0.d.heiyu.space:443" for uid:"axy"  device_version:"v0.0.0-349-150-g65078878"  virtual_ip:"fc03:1136:3888:cdff:f0b4:cc87:25fe:0"  peer_id:"12D3KooWKYozGC9MGkLxJnjhSveyXzrxVyHBrWAAxLwsMJ5cdLir"  is_logined:true  is_trust_dev:true  remote_multi_addr:"/ip4/114.66.59.177/tcp/4001/p2p/12D3KooWGDaCjwJPAfeLGLKwUFtr7hxVt1FeqvZxdGpVWaDYpWAM/p2p-circuit"
pkgm-1               | 2025-11-14T15:45:33.251866000Z 2025-11-14T23:45:33.251+0800	INFO	engine	engine/engine.go:161	try starting project "lazycat.community.app.openlist" 
pkgm-1               | 2025-11-14T15:45:33.251920000Z 2025-11-14T23:45:33.251+0800	INFO	engine	engine/engine.go:164	project "lazycat.community.app.openlist" acquired the start lock in 12.905µs
pkgm-1               | 2025-11-14T15:45:33.880656000Z 2025-11-14T23:45:33.880+0800	INFO	core	core/event.go:43	PUBLISH	evt:type:InstanceChanged  deploy_id:"cloud.lazycat.app.contacts" to 2
pkgm-1               | 2025-11-14T15:45:33.882014000Z lazycat.community.app.openlist: Container lazycatcommunityappopenlist-openlist-1  Stopping
pkgm-1               | 2025-11-14T15:45:33.882147000Z lazycat.community.app.openlist: Container lazycatcommunityappopenlist-app-1  Stopping
pkgm-1               | 2025-11-14T15:45:33.882271000Z lazycat.community.app.openlist: Container lazycatcommunityappopenlist-openlist-1  Stopped
api-servers-1        | 2025-11-16T01:04:55.377594000Z 2025/11/16 09:04:55 device.go:66: new user session event, clearing end device cache...
api-servers-1        | 2025-11-16T01:04:55.393104000Z 2025/11/16 09:04:55 device.go:66: new user session event, clearing end device cache...
api-servers-1        | 2025-11-16T01:04:57.503061000Z 2025/11/16 09:04:57 device.go:66: new user session event, clearing end device cache...
api-servers-1        | 2025-11-16T01:04:57.517247000Z 2025/11/16 09:04:57 device.go:66: new user session event, clearing end device cache...
api-servers-1        | 2025-11-16T01:04:59.649446000Z 2025/11/16 09:04:59 device.go:66: new user session event, clearing end device cache...
api-servers-1        | 2025-11-16T01:04:59.649509000Z 2025/11/16 09:04:59 device.go:66: new user session event, clearing end device cache...
api-servers-1        | 2025-11-16T01:05:01.759919000Z 2025/11/16 09:05:01 device.go:66: new user session event, clearing end device cache...
api-servers-1        | 2025-11-16T01:05:01.778334000Z 2025/11/16 09:05:01 device.go:66: new user session event, clearing end device cache...
api-servers-1        | 2025-11-16T01:05:03.889596000Z 2025/11/16 09:05:03 device.go:66: new user session event, clearing end device cache...
api-servers-1        | 2025-11-16T01:05:03.894489000Z 2025/11/16 09:05:03 device.go:66: new user session event, clearing end device cache...
api-servers-1        | 2025-11-16T01:05:06.001503000Z 2025/11/16 09:05:06 device.go:66: new user session event, clearing end device cache...
api-servers-1        | 2025-11-16T01:05:06.014790000Z 2025/11/16 09:05:06 device.go:66: new user session event, clearing end device cache...
api-servers-1        | 2025-11-16T01:05:08.135436000Z 2025/11/16 09:05:08 device.go:66: new user session event, clearing end device cache...
api-servers-1        | 2025-11-16T01:05:08.156844000Z 2025/11/16 09:05:08 device.go:66: new user session event, clearing end device cache...
pkgm-1               | 2025-11-14T15:45:33.882332000Z  Container lazycatcommunityappopenlist-openlist-1  Removing
pkgm-1               | 2025-11-14T15:45:33.882442000Z lazycat.community.app.openlist: Container lazycatcommunityappopenlist-app-1  Stopped
pkgm-1               | 2025-11-14T15:45:33.882501000Z  Container lazycatcommunityappopenlist-app-1  Removing
pkgm-1               | 2025-11-14T15:45:34.204882000Z lazycat.community.app.openlist: Container lazycatcommunityappopenlist-app-1  Removed
pkgm-1               | 2025-11-14T15:45:34.205086000Z lazycat.community.app.openlist: Container lazycatcommunityappopenlist-openlist-1  Removed
pkgm-1               | 2025-11-14T15:45:34.572313000Z 2025-11-14T23:45:34.572+0800	INFO	grpc	grpcServer/server.go:109	resuming instance lazycat.community.app.openlist 
pkgm-1               | 2025-11-14T15:45:36.573652000Z 2025-11-14T23:45:36.573+0800	INFO	grpc	grpcServer/server.go:109	resuming instance lazycat.community.app.openlist 
pkgm-1               | 2025-11-14T15:45:43.226552000Z 2025-11-14T23:45:43.226+0800	INFO	engine	engine/engine.go:190	project cloud.lazycat.shell.files is in ready, cost:33.846425793s
pkgm-1               | 2025-11-14T15:45:43.226721000Z 2025-11-14T23:45:43.226+0800	INFO	pkgm-ss	ss/resumeall.go:173	end resume deploy_id:"cloud.lazycat.shell.files"  pkg_id:"cloud.lazycat.shell.files"  owner:"."  domain:"file"  auto_start:true, cost: 33.992828981s
pkgm-1               | 2025-11-14T15:45:43.226821000Z 2025-11-14T23:45:43.226+0800	INFO	pkgm-ss	ss/resumeall.go:66	end resume shell_apps, cost:33.992988232s 
pkgm-1               | 2025-11-14T15:45:43.226884000Z 2025-11-14T23:45:43.226+0800	INFO	pkgm-ss	ss/resumeall.go:69	begin resume admin user apps 
pkgm-1               | 2025-11-14T15:45:43.226943000Z 2025-11-14T23:45:43.226+0800	INFO	pkgm-ss	ss/resumeall.go:71	end resume admin user apps, cost:13.092µs 
pkgm-1               | 2025-11-14T15:45:43.226998000Z 2025-11-14T23:45:43.226+0800	INFO	pkgm-ss	ss/resumeall.go:74	begin resume other user apps 
pkgm-1               | 2025-11-14T15:45:43.227052000Z 2025-11-14T23:45:43.226+0800	INFO	pkgm-ss	ss/resumeall.go:76	end resume user apps,cost:13.179µs
pkgm-1               | 2025-11-14T15:45:45.616803000Z 2025-11-14T23:45:45.616+0800	INFO	grpc	grpcServer/server.go:109	resuming instance cloud.lazycat.app.customrelay 
pkgm-1               | 2025-11-14T15:45:45.617736000Z 2025-11-14T23:45:45.617+0800	INFO	core	core/event.go:43	PUBLISH	evt:type:InstanceChanged  deploy_id:"cloud.lazycat.app.customrelay" to 2
pkgm-1               | 2025-11-14T15:45:46.071998000Z prepare generating app.crts to /lzcsys/run/app/cloud.lazycat.app.customrelay/certs
api-servers-1        | 2025-11-16T01:05:10.267560000Z 2025/11/16 09:05:10 device.go:66: new user session event, clearing end device cache...
api-servers-1        | 2025-11-16T01:05:10.293044000Z 2025/11/16 09:05:10 device.go:66: new user session event, clearing end device cache...
ingress-control-1    | 2025-11-15T08:43:50.620846000Z 2025-11-15T16:43:50.620+0800	INFO	usersession	usersession/grpc.go:57	updating auth token 54629232-e1cb-4847-8a81-f97f5a01e60e by 12D3KooWKYozGC9MGkLxJnjhSveyXzrxVyHBrWAAxLwsMJ5cdLir
ingress-control-1    | 2025-11-15T08:53:45.658265000Z 2025-11-15T16:53:45.658+0800	INFO	usersession	usersession/grpc.go:160	login with new dynamic api url "https://cf-2b6d-e263-b22a-20e4-0.d.heiyu.space:4443" for uid:"axy"  device_version:"v0.0.0-349-99-g27619805"  virtual_ip:"fc03:1136:38cf:2b6d:e263:b22a:20e4:0"  peer_id:"12D3KooWRkJueQxLXiFSLeBXimF1ZSfk7ezjmnXZ7iPn9ypbUYkY"  is_logined:true  is_trust_dev:true  remote_multi_addr:"/ip4/192.168.108.204/tcp/60652"
ingress-control-1    | 2025-11-15T08:53:45.670025000Z 2025-11-15T16:53:45.669+0800	INFO	usersession	usersession/grpc.go:160	login with new dynamic api url "https://cf-2b6d-e263-b22a-20e4-0.d.heiyu.space:4443" for uid:"axy"  device_version:"v0.0.0-349-99-g27619805"  virtual_ip:"fc03:1136:38cf:2b6d:e263:b22a:20e4:0"  peer_id:"12D3KooWRkJueQxLXiFSLeBXimF1ZSfk7ezjmnXZ7iPn9ypbUYkY"  is_logined:true  is_trust_dev:true  remote_multi_addr:"/ip4/192.168.108.204/tcp/60652"
ingress-control-1    | 2025-11-15T08:53:45.675108000Z 2025-11-15T16:53:45.675+0800	INFO	usersession	usersession/grpc.go:57	updating auth token 74a5c6a4-e8aa-4295-81c2-31790c45cd8d by 12D3KooWRkJueQxLXiFSLeBXimF1ZSfk7ezjmnXZ7iPn9ypbUYkY
ingress-control-1    | 2025-11-15T09:31:42.535202000Z 2025/11/15 17:31:42 http: proxy error: context canceled
ingress-control-1    | 2025-11-15T09:32:09.067901000Z 2025-11-15T17:32:09.067+0800	INFO	usersession	usersession/grpc.go:160	login with new dynamic api url "https://a5-5f5f-1cd6-73bd-8922-0.d.heiyu.space:4443" for uid:"axy"  device_version:"v0.0.0-349-150-g65078878"  virtual_ip:"fc03:1136:38a5:5f5f:1cd6:73bd:8922:0"  peer_id:"12D3KooWArYUgwHJwgDwugWCf32Szrx4UxsaibfUSD5UgRJ4t1h5"  is_logined:true  is_trust_dev:true  remote_multi_addr:"/ip6/2408:824e:d23:6080::997/tcp/46709"
ingress-control-1    | 2025-11-15T09:32:09.094492000Z 2025-11-15T17:32:09.094+0800	INFO	usersession	usersession/grpc.go:160	login with new dynamic api url "https://a5-5f5f-1cd6-73bd-8922-0.d.heiyu.space:4443" for uid:"axy"  device_version:"v0.0.0-349-150-g65078878"  virtual_ip:"fc03:1136:38a5:5f5f:1cd6:73bd:8922:0"  peer_id:"12D3KooWArYUgwHJwgDwugWCf32Szrx4UxsaibfUSD5UgRJ4t1h5"  is_logined:true  is_trust_dev:true  remote_multi_addr:"/ip6/2408:824e:d23:6080::997/tcp/46709"
ingress-control-1    | 2025-11-15T09:32:09.111842000Z 2025-11-15T17:32:09.111+0800	INFO	usersession	usersession/grpc.go:57	updating auth token 5836a058-97fb-4797-9f85-25296507893d by 12D3KooWArYUgwHJwgDwugWCf32Szrx4UxsaibfUSD5UgRJ4t1h5
ingress-control-1    | 2025-11-15T09:32:15.516269000Z 2025/11/15 17:32:15 http: TLS handshake error from [fc03:1136:387f:7a80:c8cc:58be:371d:0]:52062: EOF
ingress-control-1    | 2025-11-15T10:00:31.498302000Z 2025/11/15 18:00:31 http: proxy error: context canceled
ingress-control-1    | 2025-11-15T10:00:46.567811000Z 2025/11/15 18:00:46 http: proxy error: context canceled
api-servers-1        | 2025-11-16T01:05:12.402102000Z 2025/11/16 09:05:12 device.go:66: new user session event, clearing end device cache...
ingress-control-1    | 2025-11-15T10:02:27.519983000Z 2025/11/15 18:02:27 http: proxy error: context canceled
ingress-control-1    | 2025-11-15T10:03:13.236228000Z 2025-11-15T18:03:13.236+0800	INFO	usersession	usersession/grpc.go:160	login with new dynamic api url "https://a5-5f5f-1cd6-73bd-8922-0.d.heiyu.space:4443" for uid:"axy"  device_version:"v0.0.0-349-150-g65078878"  virtual_ip:"fc03:1136:38a5:5f5f:1cd6:73bd:8922:0"  peer_id:"12D3KooWArYUgwHJwgDwugWCf32Szrx4UxsaibfUSD5UgRJ4t1h5"  is_logined:true  is_trust_dev:true  remote_multi_addr:"/ip6/2408:824e:d23:6080::997/tcp/42927"
ingress-control-1    | 2025-11-15T10:03:13.265136000Z 2025-11-15T18:03:13.264+0800	INFO	usersession	usersession/grpc.go:160	login with new dynamic api url "https://a5-5f5f-1cd6-73bd-8922-0.d.heiyu.space:4443" for uid:"axy"  device_version:"v0.0.0-349-150-g65078878"  virtual_ip:"fc03:1136:38a5:5f5f:1cd6:73bd:8922:0"  peer_id:"12D3KooWArYUgwHJwgDwugWCf32Szrx4UxsaibfUSD5UgRJ4t1h5"  is_logined:true  is_trust_dev:true  remote_multi_addr:"/ip6/2408:824e:d23:6080::997/tcp/42927"
pkgm-1               | 2025-11-14T15:45:46.072836000Z 2025-11-14T23:45:46.072+0800	INFO	core	core/event.go:43	PUBLISH	evt:type:InstanceDeployed  deploy_id:"cloud.lazycat.app.customrelay" to 2
pkgm-1               | 2025-11-14T15:45:46.073053000Z 2025-11-14T23:45:46.072+0800	INFO	core	core/event.go:43	PUBLISH	evt:type:InstanceChanged  deploy_id:"cloud.lazycat.app.customrelay" to 2
pkgm-1               | 2025-11-14T15:45:46.073166000Z 2025-11-14T23:45:46.072+0800	INFO	engine	engine/engine.go:161	try starting project "cloud.lazycat.app.customrelay" 
pkgm-1               | 2025-11-14T15:45:46.073307000Z 2025-11-14T23:45:46.072+0800	INFO	engine	engine/engine.go:164	project "cloud.lazycat.app.customrelay" acquired the start lock in 34.363µs
pkgm-1               | 2025-11-14T15:45:48.512927000Z 2025-11-14T23:45:48.512+0800	INFO	core	core/event.go:43	PUBLISH	evt:type:InstanceChanged  deploy_id:"cloud.lazycat.shell.files" to 2
pkgm-1               | 2025-11-14T15:46:02.402539000Z 2025-11-14T23:46:02.401+0800	INFO	engine	engine/engine.go:190	project lazycat.community.app.openlist is in ready, cost:29.150265488s
api-servers-1        | 2025-11-16T01:05:12.429063000Z 2025/11/16 09:05:12 device.go:66: new user session event, clearing end device cache...
api-servers-1        | 2025-11-16T01:05:14.525346000Z 2025/11/16 09:05:14 device.go:66: new user session event, clearing end device cache...
api-servers-1        | 2025-11-16T01:05:14.563514000Z 2025/11/16 09:05:14 device.go:66: new user session event, clearing end device cache...
api-servers-1        | 2025-11-16T01:05:16.647970000Z 2025/11/16 09:05:16 device.go:66: new user session event, clearing end device cache...
pkgm-1               | 2025-11-14T15:46:08.431023000Z 2025-11-14T23:46:08.430+0800	INFO	core	core/event.go:43	PUBLISH	evt:type:InstanceChanged  deploy_id:"lazycat.community.app.openlist" to 2
ingress-control-1    | 2025-11-15T10:03:13.281374000Z 2025-11-15T18:03:13.281+0800	INFO	usersession	usersession/grpc.go:57	updating auth token 0ec37920-b496-47be-a84f-6acca0d19dcf by 12D3KooWArYUgwHJwgDwugWCf32Szrx4UxsaibfUSD5UgRJ4t1h5
api-servers-1        | 2025-11-16T01:05:16.674218000Z 2025/11/16 09:05:16 device.go:66: new user session event, clearing end device cache...
ingress-control-1    | 2025-11-15T10:03:19.599926000Z 2025/11/15 18:03:19 http: proxy error: context canceled
pkgm-1               | 2025-11-14T15:46:13.766956000Z 2025-11-14T23:46:13.766+0800	INFO	core	core/event.go:43	PUBLISH	evt:type:InstanceChanged  deploy_id:"lazycat.community.app.openlist" to 2
api-servers-1        | 2025-11-16T01:05:18.782552000Z 2025/11/16 09:05:18 device.go:66: new user session event, clearing end device cache...
api-servers-1        | 2025-11-16T01:05:18.806362000Z 2025/11/16 09:05:18 device.go:66: new user session event, clearing end device cache...
api-servers-1        | 2025-11-16T01:05:20.937497000Z 2025/11/16 09:05:20 device.go:66: new user session event, clearing end device cache...
pkgm-1               | 2025-11-14T15:46:16.746327000Z 2025-11-14T23:46:16.746+0800	INFO	engine	engine/engine.go:190	project cloud.lazycat.app.customrelay is in ready, cost:30.673246261s
pkgm-1               | 2025-11-14T15:46:17.910899000Z 2025-11-14T23:46:17.910+0800	INFO	core	core/event.go:43	PUBLISH	evt:type:InstanceChanged  deploy_id:"cloud.lazycat.shell.files" to 2
pkgm-1               | 2025-11-14T15:46:21.772601000Z 2025-11-14T23:46:21.772+0800	INFO	core	core/event.go:43	PUBLISH	evt:type:InstanceChanged  deploy_id:"cloud.lazycat.app.customrelay" to 2
pkgm-1               | 2025-11-14T15:46:29.690115000Z 2025-11-14T23:46:29.690+0800	INFO	engine	engine/engine.go:190	project cloud.lazycat.app.ai is in ready, cost:1m2.459293404s
pkgm-1               | 2025-11-14T15:46:34.788640000Z 2025-11-14T23:46:34.788+0800	INFO	core	core/event.go:43	PUBLISH	evt:type:InstanceChanged  deploy_id:"cloud.lazycat.app.ai" to 2
api-servers-1        | 2025-11-16T01:05:20.937561000Z 2025/11/16 09:05:20 device.go:66: new user session event, clearing end device cache...
pkgm-1               | 2025-11-14T15:46:39.845804000Z 2025-11-14T23:46:39.845+0800	INFO	core	core/event.go:43	PUBLISH	evt:type:InstanceChanged  deploy_id:"cloud.lazycat.app.ai" to 2
api-servers-1        | 2025-11-16T01:05:21.501549000Z 2025/11/16 09:05:21 device.go:66: new user session event, clearing end device cache...
api-servers-1        | 2025-11-16T01:05:23.042709000Z 2025/11/16 09:05:23 device.go:66: new user session event, clearing end device cache...
api-servers-1        | 2025-11-16T01:05:23.065471000Z 2025/11/16 09:05:23 device.go:66: new user session event, clearing end device cache...
api-servers-1        | 2025-11-16T01:05:25.171278000Z 2025/11/16 09:05:25 device.go:66: new user session event, clearing end device cache...
ingress-control-1    | 2025-11-15T10:03:33.911730000Z 2025/11/15 18:03:33 http: proxy error: context canceled
ingress-control-1    | 2025-11-15T10:03:52.926198000Z 2025/11/15 18:03:52 http: proxy error: context canceled
ingress-control-1    | 2025-11-15T10:03:55.362421000Z 2025/11/15 18:03:55 http: proxy error: context canceled
ingress-control-1    | 2025-11-15T10:05:12.351079000Z 2025-11-15T18:05:12.350+0800	INFO	lzcapp	lzcapp/upstreams.go:81	remove deploy app.ikw.lzc.entrypoint
ingress-control-1    | 2025-11-15T10:14:43.254162000Z 2025-11-15T18:14:43.253+0800	INFO	got renewal info	{"names": ["axy.heiyu.space"], "window_start": "2025-12-12T23:59:59.000Z", "window_end": "2025-12-14T23:59:59.000Z", "selected_time": "2025-12-13T10:09:36.000Z", "recheck_after": "2025-11-16T00:14:43.253+0800", "explanation_url": ""}
pkgm-1               | 2025-11-14T16:45:15.494980000Z 2025-11-15T00:45:15.494+0800	INFO	core	core/storage.go:188	准备清理1个无用镜像
ingress-control-1    | 2025-11-15T10:14:43.255225000Z 2025-11-15T18:14:43.254+0800	INFO	certmgr.maintenance	certmagic@v0.23.0/maintain.go:610	updated and stored ACME renewal information	{"identifiers": ["axy.heiyu.space"], "cert_hash": "1898912ff577ddac5eee2fda5468aab95d46c7b269152b149681bf22bd2e6aa3", "ari_unique_id": "D2vmS845R672fpAeefAwkZLIX6M.DQDyL0f3iDYf5-1FI7mlOw", "cert_expiry": "2025-12-27T23:59:59.000Z", "selected_time": "2025-12-13T21:16:56.000Z", "next_update": "2025-11-16T00:14:43.253+0800", "explanation_url": ""}
api-servers-1        | 2025-11-16T01:05:25.194037000Z 2025/11/16 09:05:25 device.go:66: new user session event, clearing end device cache...
pkgm-1               | 2025-11-15T09:44:23.162011000Z 2025-11-15T17:44:23.161+0800	INFO	grpc	grpcServer/server.go:109	resuming instance cloud.lazycat.app.dockge 
api-servers-1        | 2025-11-16T01:05:27.297558000Z 2025/11/16 09:05:27 device.go:66: new user session event, clearing end device cache...
ingress-control-1    | 2025-11-15T10:14:44.293407000Z 2025-11-15T18:14:44.293+0800	INFO	got renewal info	{"names": ["*.axy.heiyu.space"], "window_start": "2025-11-26T07:59:55.000Z", "window_end": "2025-11-28T03:10:44.000Z", "selected_time": "2025-11-26T18:37:13.000Z", "recheck_after": "2025-11-16T00:14:44.293+0800", "explanation_url": ""}
pkgm-1               | 2025-11-15T09:44:23.164088000Z 2025-11-15T17:44:23.163+0800	INFO	core	core/event.go:43	PUBLISH	evt:type:InstanceChanged  deploy_id:"cloud.lazycat.app.dockge" to 2
pkgm-1               | 2025-11-15T09:44:23.191231000Z prepare generating app.crts to /lzcsys/run/app/cloud.lazycat.app.dockge/certs
ingress-control-1    | 2025-11-15T10:14:44.294678000Z 2025-11-15T18:14:44.294+0800	INFO	certmgr.maintenance	certmagic@v0.23.0/maintain.go:610	updated and stored ACME renewal information	{"identifiers": ["*.axy.heiyu.space"], "cert_hash": "56c4564fa3671f028f34c69760a812f9e45c10a8564ca9b21b67c746730f2731", "ari_unique_id": "rkie3IcdRKBv2qLlYHQEeMKcAIA.BSqv9gQg12bCt_DgCMqyJqYb", "cert_expiry": "2025-12-27T05:15:50.000Z", "selected_time": "2025-11-27T16:15:52.000Z", "next_update": "2025-11-16T00:14:44.293+0800", "explanation_url": ""}
ingress-control-1    | 2025-11-15T10:22:34.095190000Z 2025-11-15T18:22:34.094+0800	INFO	usersession	usersession/grpc.go:160	login with new dynamic api url "https://a5-5f5f-1cd6-73bd-8922-0.d.heiyu.space:4443" for uid:"axy"  device_version:"v0.0.0-349-150-g65078878"  virtual_ip:"fc03:1136:38a5:5f5f:1cd6:73bd:8922:0"  peer_id:"12D3KooWArYUgwHJwgDwugWCf32Szrx4UxsaibfUSD5UgRJ4t1h5"  is_logined:true  is_trust_dev:true  remote_multi_addr:"/ip4/114.66.59.177/tcp/4001/p2p/12D3KooWGDaCjwJPAfeLGLKwUFtr7hxVt1FeqvZxdGpVWaDYpWAM/p2p-circuit"
pkgm-1               | 2025-11-15T09:44:23.191594000Z 2025-11-15T17:44:23.191+0800	INFO	core	core/event.go:43	PUBLISH	evt:type:InstanceDeployed  deploy_id:"cloud.lazycat.app.dockge" to 2
ingress-control-1    | 2025-11-15T10:22:36.385369000Z 2025-11-15T18:22:36.385+0800	INFO	usersession	usersession/grpc.go:160	login with new dynamic api url "https://a5-5f5f-1cd6-73bd-8922-0.d.heiyu.space:4443" for uid:"axy"  device_version:"v0.0.0-349-150-g65078878"  virtual_ip:"fc03:1136:38a5:5f5f:1cd6:73bd:8922:0"  peer_id:"12D3KooWArYUgwHJwgDwugWCf32Szrx4UxsaibfUSD5UgRJ4t1h5"  is_logined:true  is_trust_dev:true  remote_multi_addr:"/ip4/114.66.59.177/tcp/4001/p2p/12D3KooWGDaCjwJPAfeLGLKwUFtr7hxVt1FeqvZxdGpVWaDYpWAM/p2p-circuit"
pkgm-1               | 2025-11-15T09:44:23.191693000Z 2025-11-15T17:44:23.191+0800	INFO	core	core/event.go:43	PUBLISH	evt:type:InstanceChanged  deploy_id:"cloud.lazycat.app.dockge" to 2
api-servers-1        | 2025-11-16T01:05:27.318885000Z 2025/11/16 09:05:27 device.go:66: new user session event, clearing end device cache...
api-servers-1        | 2025-11-16T01:05:29.427552000Z 2025/11/16 09:05:29 device.go:66: new user session event, clearing end device cache...
api-servers-1        | 2025-11-16T01:05:29.448626000Z 2025/11/16 09:05:29 device.go:66: new user session event, clearing end device cache...
api-servers-1        | 2025-11-16T01:05:31.559508000Z 2025/11/16 09:05:31 device.go:66: new user session event, clearing end device cache...
ingress-control-1    | 2025-11-15T10:22:38.677283000Z 2025-11-15T18:22:38.677+0800	INFO	usersession	usersession/grpc.go:160	login with new dynamic api url "https://a5-5f5f-1cd6-73bd-8922-0.d.heiyu.space:4443" for uid:"axy"  device_version:"v0.0.0-349-150-g65078878"  virtual_ip:"fc03:1136:38a5:5f5f:1cd6:73bd:8922:0"  peer_id:"12D3KooWArYUgwHJwgDwugWCf32Szrx4UxsaibfUSD5UgRJ4t1h5"  is_logined:true  is_trust_dev:true  remote_multi_addr:"/ip4/114.66.59.177/tcp/4001/p2p/12D3KooWGDaCjwJPAfeLGLKwUFtr7hxVt1FeqvZxdGpVWaDYpWAM/p2p-circuit"
api-servers-1        | 2025-11-16T01:05:31.579784000Z 2025/11/16 09:05:31 device.go:66: new user session event, clearing end device cache...
